Component: ARM Compiler 5.06 update 6 (build 750) Tool: armlink [4d35ed]

==============================================================================

Section Cross References

    config.o(i.System_Init) refers to delay.o(i.delay_init) for delay_init
    config.o(i.System_Init) refers to sensorreadinit.o(i.Sensor_Read_Init) for Sensor_Read_Init
    config.o(i.System_Init) refers to stm32f7xx_hal_uart.o(i.HAL_UART_Receive_DMA) for HAL_UART_Receive_DMA
    config.o(i.System_Init) refers to stm32f7xx_hal.o(i.HAL_Delay) for HAL_Delay
    config.o(i.System_Init) refers to stm32f7xx_hal_tim.o(i.HAL_TIM_PWM_Start) for HAL_TIM_PWM_Start
    config.o(i.System_Init) refers to stm32f7xx_hal_gpio.o(i.HAL_GPIO_WritePin) for HAL_GPIO_WritePin
    config.o(i.System_Init) refers to stm32f7xx_hal_tim.o(i.HAL_TIM_Base_Start_IT) for HAL_TIM_Base_Start_IT
    config.o(i.System_Init) refers to stm32f7xx_hal_tim.o(i.HAL_TIM_Base_Start) for HAL_TIM_Base_Start
    config.o(i.System_Init) refers to globaldefineinit.o(.bss) for System_Work_Info
    config.o(i.System_Init) refers to configinit.o(.bss) for Uart_Control
    config.o(i.System_Init) refers to usart.o(.bss) for huart1
    config.o(i.System_Init) refers to tim.o(.bss) for htim1
    configinit.o(i.Config_Init) refers to configinit.o(.bss) for .bss
    configinit.o(i.Config_Init) refers to globaldefineinit.o(.data) for Dev_Set_Info
    configinit.o(i.Config_Init) refers to interrupt.o(i.ISR_Usart1_Rx_Task) for ISR_Usart1_Rx_Task
    configinit.o(i.Config_Init) refers to interrupt.o(i.ISR_Usart1_Tx_Task) for ISR_Usart1_Tx_Task
    configinit.o(i.Config_Init) refers to interrupt.o(i.IDLE_Usart1_Rx_Task) for IDLE_Usart1_Rx_Task
    configinit.o(i.Config_Init) refers to configinit.o(.data) for .data
    configinit.o(i.Config_Init) refers to interrupt.o(i.ISR_Usart2_Rx_Task) for ISR_Usart2_Rx_Task
    configinit.o(i.Config_Init) refers to interrupt.o(i.ISR_Usart2_Tx_Task) for ISR_Usart2_Tx_Task
    configinit.o(i.Config_Init) refers to interrupt.o(i.IDLE_Usart2_Rx_Task) for IDLE_Usart2_Rx_Task
    configinit.o(i.Config_Init) refers to interrupt.o(i.ISR_Tim3_Task) for ISR_Tim3_Task
    configinit.o(i.Config_Init) refers to interrupt.o(i.ISR_Tim6_Task) for ISR_Tim6_Task
    interruptinit.o(i.HAL_GPIO_EXTI_Callback) refers to interrupt.o(i.ISR_EXIT8_Task) for ISR_EXIT8_Task
    interruptinit.o(i.HAL_TIM_PeriodElapsedCallback) refers to tim.o(.bss) for htim3
    interruptinit.o(i.HAL_TIM_PeriodElapsedCallback) refers to configinit.o(.bss) for Tim_Control
    interruptinit.o(i.HAL_UART_RxCpltCallback) refers to interrupt.o(i.ISR_Usart1_Rx_Task) for ISR_Usart1_Rx_Task
    interruptinit.o(i.HAL_UART_RxCpltCallback) refers to interrupt.o(i.ISR_Usart2_Rx_Task) for ISR_Usart2_Rx_Task
    interruptinit.o(i.HAL_UART_RxCpltCallback) refers to usart.o(.bss) for huart1
    interruptinit.o(i.HAL_UART_TxCpltCallback) refers to usart.o(.bss) for huart1
    interruptinit.o(i.HAL_UART_TxCpltCallback) refers to configinit.o(.bss) for Uart_Control
    tasksequenceinit.o(i.TaskSequence_Init) refers to tasksequenceinit.o(.bss) for .bss
    tasksequenceinit.o(i.TaskSequence_Init) refers to sensorreadinit.o(.data) for Sensor_Original_Info
    tasksequenceinit.o(i.TaskSequence_Init) refers to devcompensation.o(i.Dev_Compensation) for Dev_Compensation
    tasksequenceinit.o(i.TaskSequence_Init) refers to transmitdata.o(i.Transmit_Data_To_PC) for Transmit_Data_To_PC
    tasksequenceinit.o(i.TaskSequence_Init) refers to datalink.o(i.Command_Resolve) for Command_Resolve
    tasksequenceinit.o(i.TaskSequence_Init) refers to transmitdata.o(i.Transmit_Ask_To_PC) for Transmit_Ask_To_PC
    tasksequenceinit.o(i.TaskSequence_Init) refers to inssolve.o(.data) for INS_Nav_Par
    tasksequenceinit.o(i.TaskSequence_Init) refers to matrix.o(.data) for Mat_Cal_Info
    tasksequenceinit.o(i.TaskSequence_Init) refers to kffilterinit.o(.data) for Kalman_Cal_Func
    tasksequenceinit.o(i.TaskSequence_Init) refers to pdrsolve.o(.data) for PDR_Cal_Func
    tasksequenceinit.o(i.TaskSequence_Init) refers to extdevconinit.o(.data) for ExtCon_Func
    tasksequenceinit.o(i.TaskSequence_Init) refers to gnsssolveinit.o(.data) for GNSS_Func_Par
    tasksequenceinit.o(i.TaskSequence_Init) refers to magdataanalysisinit.o(.data) for Mag_Func_Par
    tasksequenceinit.o(i.TaskSequence_Init) refers to pulseengineinit.o(.data) for PulseConParm
    tasksequenceinit.o(i.TaskSequence_Init) refers to bascontrolinit.o(i.BasReadMag) for BasReadMag
    tasksequenceinit.o(i.TaskSequence_Init) refers to bascontrolinit.o(i.BasReadGNSS) for BasReadGNSS
    tasksequenceinit.o(i.TaskSequence_Init) refers to bascontrolinit.o(i.BasComSend) for BasComSend
    tasksequenceinit.o(i.TaskSequence_Init) refers to bascontrolinit.o(i.BasCtrl) for BasCtrl
    tasksequenceinit.o(i.TaskSequence_Init) refers to bascontrolinit.o(i.BasInit) for BasInit
    tasksequenceinit.o(i.TaskSequence_Init) refers to tasksequence.o(.data) for Task_Seque_Par
[...]
    HAL_NVIC_SetPriority                     0x0800b38d   Thumb Code    60  stm32f7xx_hal_cortex.o(i.HAL_NVIC_SetPriority)
    HAL_NVIC_SetPriorityGrouping             0x0800b3cd   Thumb Code    26  stm32f7xx_hal_cortex.o(i.HAL_NVIC_SetPriorityGrouping)
    HAL_PWREx_EnableOverDrive                0x0800b3f1   Thumb Code    98  stm32f7xx_hal_pwr_ex.o(i.HAL_PWREx_EnableOverDrive)
    HAL_RCCEx_PeriphCLKConfig                0x0800b45d   Thumb Code  1332  stm32f7xx_hal_rcc_ex.o(i.HAL_RCCEx_PeriphCLKConfig)
    HAL_RCC_ClockConfig                      0x0800b995   Thumb Code   296  stm32f7xx_hal_rcc.o(i.HAL_RCC_ClockConfig)
    HAL_RCC_GetPCLK1Freq                     0x0800bad1   Thumb Code    20  stm32f7xx_hal_rcc.o(i.HAL_RCC_GetPCLK1Freq)
    HAL_RCC_GetPCLK2Freq                     0x0800baf1   Thumb Code    20  stm32f7xx_hal_rcc.o(i.HAL_RCC_GetPCLK2Freq)
    HAL_RCC_GetSysClockFreq                  0x0800bb11   Thumb Code    88  stm32f7xx_hal_rcc.o(i.HAL_RCC_GetSysClockFreq)
    HAL_RCC_OscConfig                        0x0800bb75   Thumb Code   882  stm32f7xx_hal_rcc.o(i.HAL_RCC_OscConfig)
    HAL_SRAM_Init                            0x0800bef5   Thumb Code    86  stm32f7xx_hal_sram.o(i.HAL_SRAM_Init)
    HAL_SRAM_MspInit                         0x0800bf4b   Thumb Code     4  fmc.o(i.HAL_SRAM_MspInit)
    HAL_SYSTICK_Config                       0x0800bf4f   Thumb Code    40  stm32f7xx_hal_cortex.o(i.HAL_SYSTICK_Config)
    HAL_TIMEx_Break2Callback                 0x0800bf77   Thumb Code     2  stm32f7xx_hal_tim_ex.o(i.HAL_TIMEx_Break2Callback)
    HAL_TIMEx_BreakCallback                  0x0800bf79   Thumb Code     2  stm32f7xx_hal_tim_ex.o(i.HAL_TIMEx_BreakCallback)
    HAL_TIMEx_CommutCallback                 0x0800bf7b   Thumb Code     2  stm32f7xx_hal_tim_ex.o(i.HAL_TIMEx_CommutCallback)
    HAL_TIMEx_ConfigBreakDeadTime            0x0800bf7d   Thumb Code   132  stm32f7xx_hal_tim_ex.o(i.HAL_TIMEx_ConfigBreakDeadTime)
    HAL_TIMEx_MasterConfigSynchronization    0x0800c009   Thumb Code   136  stm32f7xx_hal_tim_ex.o(i.HAL_TIMEx_MasterConfigSynchronization)
    HAL_TIM_Base_Init                        0x0800c0ad   Thumb Code    54  stm32f7xx_hal_tim.o(i.HAL_TIM_Base_Init)
    HAL_TIM_Base_MspInit                     0x0800c0e5   Thumb Code   100  tim.o(i.HAL_TIM_Base_MspInit)
    HAL_TIM_Base_Start                       0x0800c15d   Thumb Code    42  stm32f7xx_hal_tim.o(i.HAL_TIM_Base_Start)
    HAL_TIM_Base_Start_IT                    0x0800c18d   Thumb Code    40  stm32f7xx_hal_tim.o(i.HAL_TIM_Base_Start_IT)
    HAL_TIM_ConfigClockSource                0x0800c1b9   Thumb Code   214  stm32f7xx_hal_tim.o(i.HAL_TIM_ConfigClockSource)
    HAL_TIM_IC_CaptureCallback               0x0800c295   Thumb Code     2  stm32f7xx_hal_tim.o(i.HAL_TIM_IC_CaptureCallback)
    HAL_TIM_IRQHandler                       0x0800c297   Thumb Code   388  stm32f7xx_hal_tim.o(i.HAL_TIM_IRQHandler)
    HAL_TIM_MspPostInit                      0x0800c41d   Thumb Code    72  tim.o(i.HAL_TIM_MspPostInit)
    HAL_TIM_OC_DelayElapsedCallback          0x0800c471   Thumb Code     2  stm32f7xx_hal_tim.o(i.HAL_TIM_OC_DelayElapsedCallback)
    HAL_TIM_PWM_ConfigChannel                0x0800c473   Thumb Code   296  stm32f7xx_hal_tim.o(i.HAL_TIM_PWM_ConfigChannel)
    HAL_TIM_PWM_Init                         0x0800c59b   Thumb Code    54  stm32f7xx_hal_tim.o(i.HAL_TIM_PWM_Init)
    HAL_TIM_PWM_MspInit                      0x0800c5d1   Thumb Code     2  stm32f7xx_hal_tim.o(i.HAL_TIM_PWM_MspInit)
    HAL_TIM_PWM_PulseFinishedCallback        0x0800c5d3   Thumb Code     2  stm32f7xx_hal_tim.o(i.HAL_TIM_PWM_PulseFinishedCallback)
    HAL_TIM_PWM_Start                        0x0800c5d5   Thumb Code    64  stm32f7xx_hal_tim.o(i.HAL_TIM_PWM_Start)
    HAL_TIM_PeriodElapsedCallback            0x0800c621   Thumb Code    26  interruptinit.o(i.HAL_TIM_PeriodElapsedCallback)
    HAL_TIM_TriggerCallback                  0x0800c649   Thumb Code     2  stm32f7xx_hal_tim.o(i.HAL_TIM_TriggerCallback)
    HAL_UARTEx_WakeupCallback                0x0800c64b   Thumb Code     2  stm32f7xx_hal_uart.o(i.HAL_UARTEx_WakeupCallback)
    HAL_UART_DMAStop                         0x0800c64d   Thumb Code   114  stm32f7xx_hal_uart.o(i.HAL_UART_DMAStop)
    HAL_UART_ErrorCallback                   0x0800c6bf   Thumb Code     2  stm32f7xx_hal_uart.o(i.HAL_UART_ErrorCallback)
    HAL_UART_IRQHandler                      0x0800c6c1   Thumb Code   346  stm32f7xx_hal_uart.o(i.HAL_UART_IRQHandler)
    HAL_UART_Init                            0x0800c821   Thumb Code   102  stm32f7xx_hal_uart.o(i.HAL_UART_Init)
    HAL_UART_MspInit                         0x0800c889   Thumb Code   324  usart.o(i.HAL_UART_MspInit)
    HAL_UART_Receive_DMA                     0x0800c9ed   Thumb Code   142  stm32f7xx_hal_uart.o(i.HAL_UART_Receive_DMA)
    HAL_UART_RxCpltCallback                  0x0800ca89   Thumb Code    22  interruptinit.o(i.HAL_UART_RxCpltCallback)
    HAL_UART_RxHalfCpltCallback              0x0800caa9   Thumb Code     2  stm32f7xx_hal_uart.o(i.HAL_UART_RxHalfCpltCallback)
    HAL_UART_Transmit_DMA                    0x0800caad   Thumb Code   132  stm32f7xx_hal_uart.o(i.HAL_UART_Transmit_DMA)
    HAL_UART_TxCpltCallback                  0x0800cb3d   Thumb Code    58  interruptinit.o(i.HAL_UART_TxCpltCallback)
    HAL_UART_TxHalfCpltCallback              0x0800cb85   Thumb Code     2  stm32f7xx_hal_uart.o(i.HAL_UART_TxHalfCpltCallback)
    HardFault_Handler                        0x0800cb87   Thumb Code     2  stm32f7xx_it.o(i.HardFault_Handler)
    IDLE_Usart1_Rx_Task                      0x0800cb89   Thumb Code    82  interrupt.o(i.IDLE_Usart1_Rx_Task)
    IDLE_Usart2_Rx_Task                      0x0800cbe5   Thumb Code    80  interrupt.o(i.IDLE_Usart2_Rx_Task)
    INSSolve_Init                            0x0800cc3d   Thumb Code    18  inssolveinit.o(i.INSSolve_Init)
    INS_Align_Acc                            0x0800cc5d   Thumb Code   120  inssolve.o(i.INS_Align_Acc)
    INS_Align_AccMag                         0x0800ccdd   Thumb Code   350  inssolve.o(i.INS_Align_AccMag)
    INS_Align_Complex                        0x0800ce45   Thumb Code     2  inssolve.o(i.INS_Align_Complex)
    INS_Align_Trans                          0x0800ce47   Thumb Code     2  inssolve.o(i.INS_Align_Trans)
    INS_Alignment                            0x0800ce49   Thumb Code    12  inssolve.o(i.INS_Alignment)
    INS_Att_Resolve                          0x0800ce59   Thumb Code   284  inssolve.o(i.INS_Att_Resolve)
    INS_Att_Update                           0x0800cf7d   Thumb Code  2344  inssolve.o(i.INS_Att_Update)
    INS_Cal                                  0x0800d8a9   Thumb Code    66  inssolveinit.o(i.INS_Cal)
    INS_Cal_Time                             0x0800d8fd   Thumb Code   130  inssolve.o(i.INS_Cal_Time)
    INS_InitAlignment                        0x0800d99d   Thumb Code   212  inssolve.o(i.INS_InitAlignment)
    INS_Load_Data                            0x0800da81   Thumb Code   136  inssolveinit.o(i.INS_Load_Data)
    INS_Pos_Resolve                          0x0800db1d   Thumb Code    62  inssolve.o(i.INS_Pos_Resolve)
    INS_Storage_Sensor                       0x0800db5d   Thumb Code   388  inssolve.o(i.INS_Storage_Sensor)
    INS_Vel_Resolve                          0x0800dce9   Thumb Code   200  inssolve.o(i.INS_Vel_Resolve)
    ISR_EXIT8_Task                           0x0800ddb5   Thumb Code    68  interrupt.o(i.ISR_EXIT8_Task)
    ISR_Tim3_Task                            0x0800de09   Thumb Code   108  interrupt.o(i.ISR_Tim3_Task)
    ISR_Tim6_Task                            0x0800de85   Thumb Code   184  interrupt.o(i.ISR_Tim6_Task)
    ISR_Usart1_Rx_Task                       0x0800df55   Thumb Code   622  interrupt.o(i.ISR_Usart1_Rx_Task)
    ISR_Usart1_Tx_Task                       0x0800e1f1   Thumb Code     2  interrupt.o(i.ISR_Usart1_Tx_Task)
    ISR_Usart2_Rx_Task                       0x0800e1f5   Thumb Code    10  interrupt.o(i.ISR_Usart2_Rx_Task)
    ISR_Usart2_Tx_Task                       0x0800e205   Thumb Code     2  interrupt.o(i.ISR_Usart2_Tx_Task)
    KFFilter_Cal_State                       0x0800e209   Thumb Code   750  kffilterinit.o(i.KFFilter_Cal_State)
    KFFilter_Init                            0x0800e519   Thumb Code   502  kffilterinit.o(i.KFFilter_Init)
    KFFilter_Measure_Update                  0x0800e731   Thumb Code   268  kffilter.o(i.KFFilter_Measure_Update)
    KFFilter_State_Update                    0x0800e86d   Thumb Code   358  kffilterinit.o(i.KFFilter_State_Update)
    KFFilter_Time_Updata                     0x0800e9e9   Thumb Code   226  kffilter.o(i.KFFilter_Time_Updata)
    Load_Data                                0x0800eaf5   Thumb Code  2712  transmitdata.o(i.Load_Data)
    Load_Dev_Data                            0x0800f5a1   Thumb Code   380  devcompensationinit.o(i.Load_Dev_Data)
    MPU_Config                               0x0800f735   Thumb Code    74  main.o(i.MPU_Config)
    MV_times                                 0x0800f77f   Thumb Code    96  bascontrol.o(i.MV_times)
    MX_DMA_Init                              0x0800f7e1   Thumb Code    38  dma.o(i.MX_DMA_Init)
    MX_FMC_Init                              0x0800f80d   Thumb Code   102  fmc.o(i.MX_FMC_Init)
    MX_GPIO_Init                             0x0800f87d   Thumb Code   440  gpio.o(i.MX_GPIO_Init)
    MX_TIM1_Init                             0x0800fae1   Thumb Code   206  tim.o(i.MX_TIM1_Init)
    MX_TIM3_Init                             0x0800fbb9   Thumb Code    94  tim.o(i.MX_TIM3_Init)
    MX_TIM5_Init                             0x0800fc21   Thumb Code    94  tim.o(i.MX_TIM5_Init)
    MX_TIM6_Init                             0x0800fc89   Thumb Code    62  tim.o(i.MX_TIM6_Init)
    MX_USART1_UART_Init                      0x0800fcd1   Thumb Code    56  usart.o(i.MX_USART1_UART_Init)
    MX_USART2_UART_Init                      0x0800fd15   Thumb Code    56  usart.o(i.MX_USART2_UART_Init)
    MagDataAnalysisInit                      0x0800fd59   Thumb Code     2  magdataanalysisinit.o(i.MagDataAnalysisInit)
    Matrix_Add                               0x0800fd5b   Thumb Code    78  matrix.o(i.Matrix_Add)
    Matrix_Diag                              0x0800fda9   Thumb Code    60  matrix.o(i.Matrix_Diag)
    Matrix_EG                                0x0800fde5   Thumb Code    78  matrix.o(i.Matrix_EG)
    Matrix_Init                              0x0800fe39   Thumb Code     2  matrixinit.o(i.Matrix_Init)
    Matrix_Inver                             0x0800fe3b   Thumb Code    56  matrix.o(i.Matrix_Inver)
    Matrix_Mul                               0x0800fe75   Thumb Code   140  matrix.o(i.Matrix_Mul)
    Matrix_Mul_Digit                         0x0800ff05   Thumb Code    64  matrix.o(i.Matrix_Mul_Digit)
    Matrix_Norm                              0x0800ff45   Thumb Code   116  matrix.o(i.Matrix_Norm)
    Matrix_Norm2                             0x0800ffbd   Thumb Code    78  matrix.o(i.Matrix_Norm2)
    Matrix_Opp                               0x08010011   Thumb Code   508  matrix.o(i.Matrix_Opp)
    Matrix_Sub                               0x08010219   Thumb Code    78  matrix.o(i.Matrix_Sub)
    Matrix_UD                                0x08010269   Thumb Code   480  matrix.o(i.Matrix_UD)
    MemManage_Handler                        0x0801044d   Thumb Code     2  stm32f7xx_it.o(i.MemManage_Handler)
    Mode_Select_Data                         0x08010451   Thumb Code  3170  transmitdata.o(i.Mode_Select_Data)
    Ms_Solve                                 0x080110d9   Thumb Code    86  magdataanalysis.o(i.Ms_Solve)
    Mx_Solve                                 0x0801113d   Thumb Code   248  magdataanalysis.o(i.Mx_Solve)
    My_Solve                                 0x08011255   Thumb Code  1624  magdataanalysis.o(i.My_Solve)
    Mz_Solve                                 0x080118e1   Thumb Code  1378  magdataanalysis.o(i.Mz_Solve)
    NMI_Handler                              0x08011e6d   Thumb Code     2  stm32f7xx_it.o(i.NMI_Handler)
    PDRSolve_Init                            0x08011e71   Thumb Code     8  pdrsolveinit.o(i.PDRSolve_Init)
    PDR_Cal                                  0x08011e7d   Thumb Code    46  pdrsolveinit.o(i.PDR_Cal)
    PDR_Detector                             0x08011ebd   Thumb Code   468  pdrsolve.o(i.PDR_Detector)
    PendSV_Handler                           0x080120bd   Thumb Code     2  stm32f7xx_it.o(i.PendSV_Handler)
    PulseCharge                              0x080120c1   Thumb Code   360  pulseengine.o(i.PulseCharge)
    PulseCon                                 0x08012239   Thumb Code    26  pulseengineinit.o(i.PulseCon)
    PulseDisCharge                           0x08012259   Thumb Code   360  pulseengine.o(i.PulseDisCharge)
    PulseEngine_Init                         0x080123d1   Thumb Code    10  pulseengineinit.o(i.PulseEngine_Init)
    PulsePowerOpen                           0x080123e1   Thumb Code    34  pulseengine.o(i.PulsePowerOpen)
    Read_Cali_Par                            0x08012409   Thumb Code   416  datastorage.o(i.Read_Cali_Par)
    Read_Dev_Par                             0x080125b1   Thumb Code   416  datastorage.o(i.Read_Dev_Par)
    Read_Res_Par                             0x08012759   Thumb Code   390  datastorage.o(i.Read_Res_Par)
    Read_Setting_Par                         0x080128e9   Thumb Code   168  datastorage.o(i.Read_Setting_Par)
    Read_User_Par                            0x080129a9   Thumb Code   418  datastorage.o(i.Read_User_Par)
    SVC_Handler                              0x08012b55   Thumb Code     2  stm32f7xx_it.o(i.SVC_Handler)
    Sensor_Read_Init                         0x08012b59   Thumb Code    16  sensorreadinit.o(i.Sensor_Read_Init)
    Sensor_Updata                            0x08012b71   Thumb Code    90  sensorread.o(i.Sensor_Updata)
    Storage_Cali_Par                         0x08012bd5   Thumb Code   444  datastorage.o(i.Storage_Cali_Par)
    Storage_Dev_Par                          0x08012da1   Thumb Code   438  datastorage.o(i.Storage_Dev_Par)
    Storage_Res_Par                          0x08012f69   Thumb Code   440  datastorage.o(i.Storage_Res_Par)
    Storage_Setting_Par                      0x08013131   Thumb Code   174  datastorage.o(i.Storage_Setting_Par)
    Storage_User_Par                         0x080131ed   Thumb Code   444  datastorage.o(i.Storage_User_Par)
    SysTick_Handler                          0x080133b9   Thumb Code     4  stm32f7xx_it.o(i.SysTick_Handler)
    SystemClock_Config                       0x080133bd   Thumb Code   170  main.o(i.SystemClock_Config)
    SystemInit                               0x08013471   Thumb Code    66  system_stm32f7xx.o(i.SystemInit)
    System_Init                              0x080134c9   Thumb Code   124  config.o(i.System_Init)
    TIM3_IRQHandler                          0x08013565   Thumb Code     6  stm32f7xx_it.o(i.TIM3_IRQHandler)
    TIM6_DAC_IRQHandler                      0x08013571   Thumb Code     6  stm32f7xx_it.o(i.TIM6_DAC_IRQHandler)
    TIM_Base_SetConfig                       0x0801357d   Thumb Code   156  stm32f7xx_hal_tim.o(i.TIM_Base_SetConfig)
    TIM_CCxChannelCmd                        0x08013645   Thumb Code    26  stm32f7xx_hal_tim.o(i.TIM_CCxChannelCmd)
    TIM_ETR_SetConfig                        0x0801365f   Thumb Code    20  stm32f7xx_hal_tim.o(i.TIM_ETR_SetConfig)
    TIM_OC2_SetConfig                        0x080136ed   Thumb Code   102  stm32f7xx_hal_tim.o(i.TIM_OC2_SetConfig)
    TaskSequence_Init                        0x08013915   Thumb Code   770  tasksequenceinit.o(i.TaskSequence_Init)
    Task_Activate                            0x08013c69   Thumb Code    66  tasksequence.o(i.Task_Activate)
    Task_Create                              0x08013cb1   Thumb Code    26  tasksequence.o(i.Task_Create)
    Task_Delete                              0x08013cd1   Thumb Code    76  tasksequence.o(i.Task_Delete)
    Task_Run_Sequence                        0x08013d21   Thumb Code   320  tasksequence.o(i.Task_Run_Sequence)
    Time_Detector                            0x08013e69   Thumb Code  2168  magdataanalysis.o(i.Time_Detector)
    Transmit_Ask_To_PC                       0x080146e1   Thumb Code    44  transmitdata.o(i.Transmit_Ask_To_PC)
    Transmit_Data_To_PC                      0x0801471d   Thumb Code    54  transmitdata.o(i.Transmit_Data_To_PC)
    UART_AdvFeatureConfig                    0x08014765   Thumb Code   200  stm32f7xx_hal_uart.o(i.UART_AdvFeatureConfig)
    UART_CheckIdleState                      0x0801482d   Thumb Code    88  stm32f7xx_hal_uart.o(i.UART_CheckIdleState)
    UART_SetConfig                           0x08014991   Thumb Code   536  stm32f7xx_hal_uart.o(i.UART_SetConfig)
    UART_WaitOnFlagUntilTimeout              0x08014bd9   Thumb Code   160  stm32f7xx_hal_uart.o(i.UART_WaitOnFlagUntilTimeout)
    USART1_IRQHandler                        0x08014c79   Thumb Code     6  stm32f7xx_it.o(i.USART1_IRQHandler)
    USART2_IRQHandler                        0x08014c85   Thumb Code     6  stm32f7xx_it.o(i.USART2_IRQHandler)
    USERData_Update                          0x08014c91   Thumb Code   434  magdataanalysisinit.o(i.USERData_Update)
    UsageFault_Handler                       0x08014e65   Thumb Code     2  stm32f7xx_it.o(i.UsageFault_Handler)
    __ARM_fpclassify                         0x08014e67   Thumb Code    48  fpclassify.o(i.__ARM_fpclassify)
    __hardfp_asin                            0x08014eb9   Thumb Code   432  asin.o(i.__hardfp_asin)
    __hardfp_atan                            0x080150c1   Thumb Code   402  atan.o(i.__hardfp_atan)
    __hardfp_atan2                           0x080152c1   Thumb Code   380  atan2.o(i.__hardfp_atan2)
    __hardfp_cos                             0x08015481   Thumb Code   158  cos.o(i.__hardfp_cos)
    __hardfp_sin                             0x08015531   Thumb Code   158  sin.o(i.__hardfp_sin)
    __hardfp_sqrt                            0x080155e1   Thumb Code   102  sqrt.o(i.__hardfp_sqrt)
    __ieee754_rem_pio2                       0x08015649   Thumb Code   646  rred.o(i.__ieee754_rem_pio2)
    __kernel_cos                             0x08015959   Thumb Code   182  cos_i.o(i.__kernel_cos)
    __kernel_poly                            0x08015a39   Thumb Code   112  poly.o(i.__kernel_poly)
    __kernel_sin                             0x08015aa9   Thumb Code   144  sin_i.o(i.__kernel_sin)
    __mathlib_dbl_infnan                     0x08015b51   Thumb Code     6  dunder.o(i.__mathlib_dbl_infnan)
    __mathlib_dbl_infnan2                    0x08015b57   Thumb Code     6  dunder.o(i.__mathlib_dbl_infnan2)
    __mathlib_dbl_invalid                    0x08015b61   Thumb Code    10  dunder.o(i.__mathlib_dbl_invalid)
    __mathlib_dbl_underflow                  0x08015b79   Thumb Code    10  dunder.o(i.__mathlib_dbl_underflow)
    __scatterload_copy                       0x08015b91   Thumb Code    14  handlers.o(i.__scatterload_copy)
    __scatterload_null                       0x08015b9f   Thumb Code     2  handlers.o(i.__scatterload_null)
    __scatterload_zeroinit                   0x08015ba1   Thumb Code    14  handlers.o(i.__scatterload_zeroinit)
    __set_errno                              0x08015bb1   Thumb Code     6  errno.o(i.__set_errno)
    angleroll                                0x08015bbd   Thumb Code  1156  bascontrol.o(i.angleroll)
    atan                                     0x08016041   Thumb Code    16  atan.o(i.atan)
    ballcorrect                              0x08016051   Thumb Code    76  bascontrol.o(i.ballcorrect)
    ballctrl                                 0x0801609d   Thumb Code   254  bascontrol.o(i.ballctrl)
    ballpredict                              0x080161b9   Thumb Code    12  bascontrol.o(i.ballpredict)
    combuild                                 0x080161c5   Thumb Code   234  bascontrol.o(i.combuild)
    comsend                                  0x080162b9   Thumb Code   192  bascontrol.o(i.comsend)
    delay_init                               0x08016381   Thumb Code    38  delay.o(i.delay_init)
    deletmaxminmean                          0x080163ad   Thumb Code   126  bascontrol.o(i.deletmaxminmean)
    deletmovmean                             0x08016431   Thumb Code   148  bascontrol.o(i.deletmovmean)
    euler2rotation                           0x080164d1   Thumb Code   320  inssolve.o(i.euler2rotation)
    fabs                                     0x08016615   Thumb Code    24  fabs.o(i.fabs)
    initialization                           0x0801662d   Thumb Code   130  bascontrol.o(i.initialization)
    main                                     0x080166e9   Thumb Code   134  main.o(i.main)
    quat2rotation                            0x08016779   Thumb Code   462  inssolve.o(i.quat2rotation)
    readGNSS                                 0x08016955   Thumb Code   230  bascontrol.o(i.readGNSS)
    readmag                                  0x08016a3b   Thumb Code   116  bascontrol.o(i.readmag)
    rotation2euler                           0x08016ab1   Thumb Code   216  inssolve.o(i.rotation2euler)
    rotation2quat                            0x08016ba9   Thumb Code   662  inssolve.o(i.rotation2quat)
    sqrt                                     0x08016e4d   Thumb Code   106  sqrt.o(i.sqrt)
    sqrt_hf                                  0x08016eb9   Thumb Code    46  inssolve.o(i.sqrt_hf)
    CR_Coe                                   0x08016eec   Data          24  devcompensationinit.o(.constdata)
    AHBPrescTable                            0x08016f0c   Data          16  system_stm32f7xx.o(.constdata)
    APBPrescTable                            0x08016f1c   Data           8  system_stm32f7xx.o(.constdata)
    __mathlib_zero                           0x08017040   Data           8  qnan.o(.constdata)
    Region$$Table$$Base                      0x08017138   Number         0  anon$$obj.o(Region$$Table)
    Region$$Table$$Limit                     0x08017158   Number         0  anon$$obj.o(Region$$Table)
    USART1_BaudRate                          0x20000000   Data           4  configinit.o(.data)
    USART2_BaudRate                          0x20000004   Data           4  configinit.o(.data)
    Current_Command_Info                     0x20000008   Data           4  datalinkinit.o(.data)
    ExtCon_Func                              0x2000000c   Data          20  extdevconinit.o(.data)
    PulseConParm                             0x20000020   Data          24  pulseengineinit.o(.data)
    Dev_Sol_Info                             0x20000038   Data       10176  devcompensationinit.o(.data)
    Kalman_Set_Par                           0x2000281c   Data         152  kffilterinit.o(.data)
    Kalman_Par                               0x200028b4   Data        1704  kffilterinit.o(.data)
    Kalman_Cal_Func                          0x20002f5c   Data          20  kffilterinit.o(.data)
    Mag_Func_Par                             0x20002f70   Data          12  magdataanalysisinit.o(.data)
    stime                                    0x20002f7c   Data           4  bascontrol.o(.data)
    btime                                    0x20002f80   Data           4  bascontrol.o(.data)
    BasInsSend                               0x20002f84   Data           8  bascontrolinit.o(.data)
    BasOutSend                               0x20002f8c   Data           1  bascontrolinit.o(.data)
    GNSS_Func_Par                            0x20002f94   Data          12  gnsssolveinit.o(.data)
    Sensor_Original_Info                     0x20002fa0   Data       10296  sensorreadinit.o(.data)
    Dev_Set_Info                             0x200057d8   Data        2576  globaldefineinit.o(.data)
    uwTickFreq                               0x200061f0   Data           1  stm32f7xx_hal.o(.data)
    uwTickPrio                               0x200061f4   Data           4  stm32f7xx_hal.o(.data)
    uwTick                                   0x200061f8   Data           4  stm32f7xx_hal.o(.data)
    SystemCoreClock                          0x200061fc   Data           4  system_stm32f7xx.o(.data)
    Task_Seque_Par                           0x20006210   Data         148  tasksequence.o(.data)
    INS_Nav_Par                              0x200062cc   Data         144  inssolve.o(.data)
    INS_Cal_Par                              0x2000635c   Data          44  inssolve.o(.data)
    lastUpdate1                              0x20006498   Data           4  magdataanalysis.o(.data)
    now1                                     0x2000649c   Data           4  magdataanalysis.o(.data)
    dt1                                      0x200064a0   Data           4  magdataanalysis.o(.data)
    Zero_Count                               0x200064a4   Data           4  magdataanalysis.o(.data)
    MagCal_Par                               0x200064a8   Data           4  magdataanalysis.o(.data)
    Auto_Bias_Flag                           0x200064ac   Data           1  magdataanalysis.o(.data)
    Mannual_Bias_Flag                        0x200064ad   Data           1  magdataanalysis.o(.data)
    Auto_Bias_Flag_Pre                       0x200064ae   Data           1  magdataanalysis.o(.data)
    Auto_Bias_Flag_Pre2                      0x200064af   Data           1  magdataanalysis.o(.data)
    Magy_SF_Flag                             0x200064b0   Data           1  magdataanalysis.o(.data)
    Magz_SF_Flag                             0x200064b1   Data           1  magdataanalysis.o(.data)
    Magx_BIAS_Flag                           0x200064b2   Data           1  magdataanalysis.o(.data)
    Magx_BIAS_Count                          0x200064b4   Data           4  magdataanalysis.o(.data)
    Magy_SF_Count                            0x200064b8   Data           4  magdataanalysis.o(.data)
    Magz_SF_Count                            0x200064bc   Data           4  magdataanalysis.o(.data)
    MX_Input_Bias                            0x200064c0   Data           4  magdataanalysis.o(.data)
    MY_Input_Bias                            0x200064c4   Data           4  magdataanalysis.o(.data)
    MY_Input_SF                              0x200064c8   Data           4  magdataanalysis.o(.data)
    MZ_Input_Bias                            0x200064cc   Data           4  magdataanalysis.o(.data)
    MZ_Input_SF                              0x200064d0   Data           4  magdataanalysis.o(.data)
    MagUpdatNum                              0x200064d4   Data           2  magdataanalysis.o(.data)
    MySfBig                                  0x200064d8   Data           4  magdataanalysis.o(.data)
    MzSfBig                                  0x200064dc   Data           4  magdataanalysis.o(.data)
    MagSlopeNum                              0x200064e0   Data           2  magdataanalysis.o(.data)
    MagSlopeTre                              0x200064e2   Data           2  magdataanalysis.o(.data)
    ADSampleSetNum                           0x200064e4   Data           2  magdataanalysis.o(.data)
    ADSample_Time                            0x200064e8   Data           4  magdataanalysis.o(.data)
    ADSampleNum                              0x200064ec   Data           2  magdataanalysis.o(.data)
    MagSolveFlag                             0x200064ee   Data           1  magdataanalysis.o(.data)
    Mat_Cal_Info                             0x200064f0   Data          48  matrix.o(.data)
    PDR_Set_Par                              0x20006520   Data          24  pdrsolve.o(.data)
    PDR_Cal_Func                             0x20006538   Data          12  pdrsolve.o(.data)
    temp2                                    0x2000654c   Data           4  pdrsolve.o(.data)
    gyro2                                    0x20006550   Data           4  pdrsolve.o(.data)
    Uart_Control                             0x20006560   Data        2168  configinit.o(.bss)
    Tim_Control                              0x20006dd8   Data         136  configinit.o(.bss)
    Task_Functions                           0x20006e60   Data         384  tasksequenceinit.o(.bss)
    Command_Par_Info                         0x20006fe0   Data       68772  datalinkinit.o(.bss)
    Output_Command_Par                       0x20017c84   Data          12  datalinkinit.o(.bss)
    Par_Storage_Info                         0x20017c90   Data          80  datastorageinit.o(.bss)
    Dev_Err_Info                             0x20017ce0   Data          28  devcompensationinit.o(.bss)
    Fir_Par                                  0x20017cfc   Data         120  devcompensationinit.o(.bss)
    Fc                                       0x20017d74   Data         324  kffilterinit.o(.bss)
    tempDSxDS                                0x20017eb8   Data         324  kffilterinit.o(.bss)
    Gc                                       0x20017ffc   Data         216  kffilterinit.o(.bss)
    ft                                       0x200180d4   Data          12  kffilterinit.o(.bss)
    dcmError                                 0x200180e0   Data          36  kffilterinit.o(.bss)
    M3temp1                                  0x20018104   Data          36  kffilterinit.o(.bss)
    M3temp2                                  0x20018128   Data          36  kffilterinit.o(.bss)
    BasInPreData                             0x20018150   Data        3936  bascontrolinit.o(.bss)
    BasOutRollData                           0x200190b0   Data        1236  bascontrolinit.o(.bss)
    BasOutcorrData                           0x20019584   Data          12  bascontrolinit.o(.bss)
    BasOutcommData                           0x20019590   Data          44  bascontrolinit.o(.bss)
    BaseImotorData                           0x200195bc   Data          56  bascontrolinit.o(.bss)
    BaseMetData                              0x200195f4   Data        1004  bascontrolinit.o(.bss)
    BasMagData                               0x200199e0   Data          24  bascontrolinit.o(.bss)
    BasRollData                              0x200199f8   Data        2444  bascontrolinit.o(.bss)
    BasGNSSData                              0x2001a388   Data          80  bascontrolinit.o(.bss)
    BasPreData                               0x2001a3d8   Data       10840  bascontrolinit.o(.bss)
    BasINBCtrl                               0x2001ce30   Data          28  bascontrolinit.o(.bss)
    BasOutBCtrl                              0x2001ce4c   Data          20  bascontrolinit.o(.bss)
    BasIncorrData                            0x2001ce60   Data         148  bascontrolinit.o(.bss)
    BasIncommData                            0x2001cef4   Data          20  bascontrolinit.o(.bss)
    GNSSAdvInfo                              0x2001cf08   Data          84  gnsssolveinit.o(.bss)
    GNSSInfo                                 0x2001cf60   Data          96  gnsssolveinit.o(.bss)
    GNSS_Mes                                 0x2001cfc0   Data         612  gnsssolveinit.o(.bss)
    buffer                                   0x2001d224   Data          80  sensorread.o(.bss)
    System_Work_Info                         0x2001d274   Data          32  globaldefineinit.o(.bss)
    hsram1                                   0x2001d294   Data          76  fmc.o(.bss)
    htim1                                    0x2001d2e0   Data          64  tim.o(.bss)
    htim3                                    0x2001d320   Data          64  tim.o(.bss)
    htim5                                    0x2001d360   Data          64  tim.o(.bss)
    htim6                                    0x2001d3a0   Data          64  tim.o(.bss)
    huart1                                   0x2001d3e0   Data         128  usart.o(.bss)
    huart2                                   0x2001d460   Data         128  usart.o(.bss)
    hdma_usart1_tx                           0x2001d4e0   Data          96  usart.o(.bss)
    hdma_usart1_rx                           0x2001d540   Data          96  usart.o(.bss)
    hdma_usart2_rx                           0x2001d5a0   Data          96  usart.o(.bss)
    pFlash                                   0x2001d600   Data          28  stm32f7xx_hal_flash.o(.bss)
    ExtDev_Par                               0x2001d8a4   Data          20  extdevcon.o(.bss)
    INS_Sensor_Par                           0x2001d8e8   Data         792  inssolve.o(.bss)
    tempDSxDP                                0x2001dc00   Data         216  kffilter.o(.bss)
    tempDSxDS1                               0x2001dcd8   Data         324  kffilter.o(.bss)
    tempDSxDS2                               0x2001de1c   Data         324  kffilter.o(.bss)
    tempDSxDS3                               0x2001df60   Data         324  kffilter.o(.bss)
    tempDSxDS4                               0x2001e0a4   Data         324  kffilter.o(.bss)
    tempDPxDS                                0x2001e1e8   Data         216  kffilter.o(.bss)
    tempDOxDO                                0x2001e2c0   Data          36  kffilter.o(.bss)
    tempDOxDO2                               0x2001e2e4   Data          36  kffilter.o(.bss)
    tempDOxDO3                               0x2001e308   Data          36  kffilter.o(.bss)
    tempDSxDO1                               0x2001e32c   Data         108  kffilter.o(.bss)
    tempDSxDO2                               0x2001e398   Data         108  kffilter.o(.bss)
    Mag_Solve                                0x2001e404   Data        3868  magdataanalysis.o(.bss)
    ZeroTimeRecord                           0x2001f320   Data          48  magdataanalysis.o(.bss)
    Rotation                                 0x2001f350   Data          16  magdataanalysis.o(.bss)
    Sum_Slope                                0x2001f360   Data         800  magdataanalysis.o(.bss)
    Sum                                      0x2001f680   Data         800  magdataanalysis.o(.bss)
    Mag_Store_Data                           0x2001f9a0   Data          80  magdataanalysis.o(.bss)
    Mag_Store_Time                           0x2001f9f0   Data          20  magdataanalysis.o(.bss)
    Mag_Coe                                  0x2001fa04   Data         164  magdataanalysis.o(.bss)
    TempM                                    0x2001faa8   Data        1200  matrix.o(.bss)
    temp1                                    0x2001ff58   Data          12  pdrsolve.o(.bss)
    __initial_sp                             0x20020368   Data           0  startup_stm32f767xx.o(STACK)



==============================================================================

Memory Map of the image

  Image Entry point : 0x080081f9

  Load Region LR_IROM1 (Base: 0x08008000, Size: 0x000156b8, Max: 0x00200000, ABSOLUTE, COMPRESSED[0x0000f3a8])

    Execution Region ER_IROM1 (Exec base: 0x08008000, Load base: 0x08008000, Size: 0x0000f158, Max: 0x00200000, ABSOLUTE)

    Exec Addr    Load Addr    Size         Type   Attr      Idx    E Section Name        Object

    0x08008000   0x08008000   0x000001f8   Data   RO         2031    RESET               startup_stm32f767xx.o
    0x080081f8   0x080081f8   0x00000000   Code   RO         9279  * .ARM.Collect$$$$00000000  mc_w.l(entry.o)
    0x080081f8   0x080081f8   0x00000004   Code   RO         9329    .ARM.Collect$$$$00000001  mc_w.l(entry2.o)
    0x080081fc   0x080081fc   0x00000004   Code   RO         9332    .ARM.Collect$$$$00000004  mc_w.l(entry5.o)
    0x08008200   0x08008200   0x00000000   Code   RO         9334    .ARM.Collect$$$$00000008  mc_w.l(entry7b.o)
    0x08008200   0x08008200   0x00000000   Code   RO         9336    .ARM.Collect$$$$0000000A  mc_w.l(entry8b.o)
    0x08008200   0x08008200   0x00000008   Code   RO         9337    .ARM.Collect$$$$0000000B  mc_w.l(entry9a.o)
    0x08008208   0x08008208   0x00000000   Code   RO         9339    .ARM.Collect$$$$0000000D  mc_w.l(entry10a.o)
    0x08008208   0x08008208   0x00000000   Code   RO         9341    .ARM.Collect$$$$0000000F  mc_w.l(entry11a.o)
    0x08008208   0x08008208   0x00000004   Code   RO         9330    .ARM.Collect$$$$00002712  mc_w.l(entry2.o)
    0x0800820c   0x0800820c   0x00000024   Code   RO         2032    .text               startup_stm32f767xx.o
    0x08008230   0x08008230   0x00000062   Code   RO         9282    .text               mc_w.l(uldiv.o)
    0x08008292   0x08008292   0x00000008   Code   RO         9284    .text               mc_w.l(siabs.o)
    0x0800829a   0x0800829a   0x00000024   Code   RO         9288    .text               mc_w.l(memseta.o)
    0x080082be   0x080082be   0x0000001e   Code   RO         9343    .text               mc_w.l(llshl.o)
    0x080082dc   0x080082dc   0x00000020   Code   RO         9345    .text               mc_w.l(llushr.o)
    0x080082fc   0x080082fc   0x00000000   Code   RO         9354    .text               mc_w.l(iusefp.o)
    0x080082fc   0x080082fc   0x00000024   Code   RO         9357    .text               mc_w.l(init.o)
    0x08008320   0x08008320   0x00000056   Code   RO         9367    .text               mc_w.l(__dczerorl2.o)
    0x08008376   0x08008376   0x00000002   PAD
    0x08008378   0x08008378   0x00000020   Code   RO         1174    i.BasComSend        bascontrolinit.o
    0x08008398   0x08008398   0x00000010   Code   RO         1175    i.BasCtrl           bascontrolinit.o
    0x080083a8   0x080083a8   0x0000001c   Code   RO         1176    i.BasInit           bascontrolinit.o
    0x080083c4   0x080083c4   0x0000009c   Code   RO         1177    i.BasReadGNSS       bascontrolinit.o
    0x08008460   0x08008460   0x00000078   Code   RO         1178    i.BasReadMag        bascontrolinit.o
    0x080084d8   0x080084d8   0x00000002   Code   RO         1884    i.BusFault_Handler  stm32f7xx_it.o
    0x080084da   0x080084da   0x00000002   PAD
    0x080084dc   0x080084dc   0x0000006c   Code   RO         6198    i.Command_ASK_Send  DataLink.lib(datalink.o)
    0x08008548   0x08008548   0x0000000a   Code   RO         6199    i.Command_Allign_Resolve  DataLink.lib(datalink.o)
    0x08008552   0x08008552   0x00000002   PAD
    0x08008554   0x08008554   0x000000ac   Code   RO         6201    i.Command_Based_Resolve  DataLink.lib(datalink.o)
    0x08008600   0x08008600   0x00000002   Code   RO         6202    i.Command_Commu_Resovle  DataLink.lib(datalink.o)
    0x08008602   0x08008602   0x0000000a   Code   RO         6204    i.Command_DEV_CR_Resolve  DataLink.lib(datalink.o)
    0x0800860c   0x0800860c   0x0000000a   Code   RO         6205    i.Command_DEV_GA_Resolve  DataLink.lib(datalink.o)
    0x08008616   0x08008616   0x0000000a   Code   RO         6206    i.Command_DEV_PAR_Resolve  DataLink.lib(datalink.o)
    0x08008620   0x08008620   0x0000000a   Code   RO         6207    i.Command_DEV_RC_Resolve  DataLink.lib(datalink.o)
    0x0800862a   0x0800862a   0x0000000a   Code   RO         6208    i.Command_DEV_SF_Resolve  DataLink.lib(datalink.o)
    0x08008634   0x08008634   0x0000000a   Code   RO         6209    i.Command_DEV_TN_Resolve  DataLink.lib(datalink.o)
    0x0800863e   0x0800863e   0x0000000a   Code   RO         6210    i.Command_DEV_TSF_Resolve  DataLink.lib(datalink.o)
    0x08008648   0x08008648   0x0000000e   Code   RO         6211    i.Command_DevCon_Resolve  DataLink.lib(datalink.o)
    0x08008656   0x08008656   0x00000002   PAD
    0x08008658   0x08008658   0x0000003c   Code   RO         6212    i.Command_FIR_Based_Resovle  DataLink.lib(datalink.o)
    0x08008694   0x08008694   0x0000000a   Code   RO         6213    i.Command_FIR_CH10_Resolve  DataLink.lib(datalink.o)
    0x0800869e   0x0800869e   0x0000000a   Code   RO         6214    i.Command_FIR_CH11_Resolve  DataLink.lib(datalink.o)
    0x080086a8   0x080086a8   0x0000000a   Code   RO         6215    i.Command_FIR_CH12_Resolve  DataLink.lib(datalink.o)
    0x080086b2   0x080086b2   0x0000000a   Code   RO         6216    i.Command_FIR_CH13_Resolve  DataLink.lib(datalink.o)
    0x080086bc   0x080086bc   0x0000000a   Code   RO         6217    i.Command_FIR_CH14_Resolve  DataLink.lib(datalink.o)
    0x080086c6   0x080086c6   0x0000000a   Code   RO         6218    i.Command_FIR_CH15_Resolve  DataLink.lib(datalink.o)
    0x080086d0   0x080086d0   0x0000000a   Code   RO         6219    i.Command_FIR_CH1_Resolve  DataLink.lib(datalink.o)
    0x080086da   0x080086da   0x0000000a   Code   RO         6220    i.Command_FIR_CH2_Resolve  DataLink.lib(datalink.o)
    0x080086e4   0x080086e4   0x0000000a   Code   RO         6221    i.Command_FIR_CH3_Resolve  DataLink.lib(datalink.o)
    0x080086ee   0x080086ee   0x0000000a   Code   RO         6222    i.Command_FIR_CH4_Resolve  DataLink.lib(datalink.o)
    0x080086f8   0x080086f8   0x0000000a   Code   RO         6223    i.Command_FIR_CH5_Resolve  DataLink.lib(datalink.o)
    0x08008702   0x08008702   0x0000000a   Code   RO         6224    i.Command_FIR_CH6_Resolve  DataLink.lib(datalink.o)
    0x0800870c   0x0800870c   0x0000000a   Code   RO         6225    i.Command_FIR_CH7_Resolve  DataLink.lib(datalink.o)
    0x08008716   0x08008716   0x0000000a   Code   RO         6226    i.Command_FIR_CH8_Resolve  DataLink.lib(datalink.o)
    0x08008720   0x08008720   0x0000000a   Code   RO         6227    i.Command_FIR_CH9_Resolve  DataLink.lib(datalink.o)
    0x0800872a   0x0800872a   0x00000002   PAD
    0x0800872c   0x0800872c   0x00000010   Code   RO         6228    i.Command_Flash_Resolve  DataLink.lib(datalink.o)
    0x0800873c   0x0800873c   0x00000010   Code   RO         6229    i.Command_Iqiure_CALI_Resolve  DataLink.lib(datalink.o)
    0x0800874c   0x0800874c   0x00000010   Code   RO         6230    i.Command_Iqiure_Status_Resolve  DataLink.lib(datalink.o)
    0x0800875c   0x0800875c   0x0000000a   Code   RO         6231    i.Command_Kalman_Resolve  DataLink.lib(datalink.o)
    0x08008766   0x08008766   0x00000002   PAD
    0x08008768   0x08008768   0x00000a44   Code   RO         6232    i.Command_Output_Send  DataLink.lib(datalink.o)
    0x080091ac   0x080091ac   0x0000000a   Code   RO         6233    i.Command_Res1_Resolve  DataLink.lib(datalink.o)
    0x080091b6   0x080091b6   0x0000000a   Code   RO         6234    i.Command_Res_Resolve  DataLink.lib(datalink.o)
    0x080091c0   0x080091c0   0x00000034   Code   RO         6236    i.Command_Resolve   DataLink.lib(datalink.o)
    0x080091f4   0x080091f4   0x000000e8   Code   RO         6237    i.Command_Setting_Resolve  DataLink.lib(datalink.o)
    0x080092dc   0x080092dc   0x00000014   Code   RO         6238    i.Command_User_Resolve  DataLink.lib(datalink.o)
    0x080092f0   0x080092f0   0x000000a8   Code   RO          238    i.Config_Init       configinit.o
    0x08009398   0x08009398   0x0000000c   Code   RO         1885    i.DMA1_Stream5_IRQHandler  stm32f7xx_it.o
    0x080093a4   0x080093a4   0x0000000c   Code   RO         1886    i.DMA2_Stream2_IRQHandler  stm32f7xx_it.o
    0x080093b0   0x080093b0   0x0000000c   Code   RO         1887    i.DMA2_Stream7_IRQHandler  stm32f7xx_it.o
    0x080093bc   0x080093bc   0x00000028   Code   RO         2734    i.DMA_CalcBaseAndBitshift  stm32f7xx_hal_dma.o
    0x080093e4   0x080093e4   0x00000054   Code   RO         2735    i.DMA_CheckFifoParam  stm32f7xx_hal_dma.o
    0x08009438   0x08009438   0x00000028   Code   RO         2736    i.DMA_SetConfig     stm32f7xx_hal_dma.o
    0x08009460   0x08009460   0x00000600   Code   RO          348    i.DataLink_Init     datalinkinit.o
    0x08009a60   0x08009a60   0x00000054   Code   RO          418    i.DataStorage_Init  datastorageinit.o
    0x08009ab4   0x08009ab4   0x0000001a   Code   RO          419    i.Datastorage_Read  datastorageinit.o
    0x08009ace   0x08009ace   0x00000002   Code   RO         1888    i.DebugMon_Handler  stm32f7xx_it.o
    0x08009ad0   0x08009ad0   0x00000064   Code   RO          657    i.DevCompensation_Init  devcompensationinit.o
    0x08009b34   0x08009b34   0x00000498   Code   RO         7415    i.Dev_Compensation  DevCompensation.lib(devcompensation.o)
    0x08009fcc   0x08009fcc   0x00000008   Code   RO         1889    i.EXTI9_5_IRQHandler  stm32f7xx_it.o
    0x08009fd4   0x08009fd4   0x00000002   Code   RO         1511    i.Error_Handler     main.o
    0x08009fd6   0x08009fd6   0x00000002   PAD
    0x08009fd8   0x08009fd8   0x00000148   Code   RO          458    i.ExtDevCon_Data_Update  extdevconinit.o
    0x0800a120   0x0800a120   0x00000128   Code   RO         6940    i.ExtDevCon_DetectFire  ExtDevCon.lib(extdevcon.o)
    0x0800a248   0x0800a248   0x00000038   Code   RO          459    i.ExtDevCon_Init    extdevconinit.o
    0x0800a280   0x0800a280   0x00000158   Code   RO         6941    i.ExtDevCon_Mag     ExtDevCon.lib(extdevcon.o)
    0x0800a3d8   0x0800a3d8   0x000000c8   Code   RO         6942    i.ExtDevCon_Power   ExtDevCon.lib(extdevcon.o)
    0x0800a4a0   0x0800a4a0   0x00000058   Code   RO         2604    i.FLASH_Erase_Sector  stm32f7xx_hal_flash_ex.o
    0x0800a4f8   0x0800a4f8   0x00000044   Code   RO         2605    i.FLASH_MassErase   stm32f7xx_hal_flash_ex.o
    0x0800a53c   0x0800a53c   0x00000024   Code   RO         2486    i.FLASH_Program_Byte  stm32f7xx_hal_flash.o
    0x0800a560   0x0800a560   0x0000002c   Code   RO         2487    i.FLASH_Program_DoubleWord  stm32f7xx_hal_flash.o
    0x0800a58c   0x0800a58c   0x00000028   Code   RO         2488    i.FLASH_Program_HalfWord  stm32f7xx_hal_flash.o
    0x0800a5b4   0x0800a5b4   0x00000028   Code   RO         2489    i.FLASH_Program_Word  stm32f7xx_hal_flash.o
    0x0800a5dc   0x0800a5dc   0x00000058   Code   RO         2490    i.FLASH_SetErrorCode  stm32f7xx_hal_flash.o
    0x0800a634   0x0800a634   0x00000054   Code   RO         2491    i.FLASH_WaitForLastOperation  stm32f7xx_hal_flash.o
    0x0800a688   0x0800a688   0x00000040   Code   RO         2182    i.FMC_NORSRAM_Extended_Timing_Init  stm32f7xx_ll_fmc.o
    0x0800a6c8   0x0800a6c8   0x00000078   Code   RO         2183    i.FMC_NORSRAM_Init  stm32f7xx_ll_fmc.o
    0x0800a740   0x0800a740   0x0000005c   Code   RO         2184    i.FMC_NORSRAM_Timing_Init  stm32f7xx_ll_fmc.o
    0x0800a79c   0x0800a79c   0x00000010   Code   RO         1280    i.GNSSSolve_Init    gnsssolveinit.o
    0x0800a7ac   0x0800a7ac   0x000000e8   Code   RO         8952    i.GPS_ISR           GNSSSolve.lib(gnsssolve.o)
    0x0800a894   0x0800a894   0x000001b8   Code   RO         8953    i.GPS_MBT_Resolve   GNSSSolve.lib(gnsssolve.o)
    0x0800aa4c   0x0800aa4c   0x00000010   Code   RO         8954    i.GPS_Resolve       GNSSSolve.lib(gnsssolve.o)
    0x0800aa5c   0x0800aa5c   0x00000002   Code   RO         1425    i.GlobalDefine_Init  globaldefineinit.o
    0x0800aa5e   0x0800aa5e   0x00000092   Code   RO         2737    i.HAL_DMA_Abort     stm32f7xx_hal_dma.o
    0x0800aaf0   0x0800aaf0   0x00000024   Code   RO         2738    i.HAL_DMA_Abort_IT  stm32f7xx_hal_dma.o
    0x0800ab14   0x0800ab14   0x00000004   Code   RO         2740    i.HAL_DMA_GetError  stm32f7xx_hal_dma.o
    0x0800ab18   0x0800ab18   0x000001a0   Code   RO         2742    i.HAL_DMA_IRQHandler  stm32f7xx_hal_dma.o
    0x0800acb8   0x0800acb8   0x000000d4   Code   RO         2743    i.HAL_DMA_Init      stm32f7xx_hal_dma.o
    0x0800ad8c   0x0800ad8c   0x00000078   Code   RO         2747    i.HAL_DMA_Start_IT  stm32f7xx_hal_dma.o
    0x0800ae04   0x0800ae04   0x00000024   Code   RO         3104    i.HAL_Delay         stm32f7xx_hal.o
    0x0800ae28   0x0800ae28   0x00000090   Code   RO         2608    i.HAL_FLASHEx_Erase  stm32f7xx_hal_flash_ex.o
    0x0800aeb8   0x0800aeb8   0x00000014   Code   RO         2495    i.HAL_FLASH_Lock    stm32f7xx_hal_flash.o
    0x0800aecc   0x0800aecc   0x00000084   Code   RO         2500    i.HAL_FLASH_Program  stm32f7xx_hal_flash.o
    0x0800af50   0x0800af50   0x0000002c   Code   RO         2502    i.HAL_FLASH_Unlock  stm32f7xx_hal_flash.o
    0x0800af7c   0x0800af7c   0x000000b4   Code   RO         1722    i.HAL_FMC_MspInit   fmc.o
    0x0800b030   0x0800b030   0x0000000c   Code   RO          269    i.HAL_GPIO_EXTI_Callback  interruptinit.o
    0x0800b03c   0x0800b03c   0x00000018   Code   RO         2670    i.HAL_GPIO_EXTI_IRQHandler  stm32f7xx_hal_gpio.o
    0x0800b054   0x0800b054   0x000001d0   Code   RO         2671    i.HAL_GPIO_Init     stm32f7xx_hal_gpio.o
    0x0800b224   0x0800b224   0x0000000a   Code   RO         2673    i.HAL_GPIO_ReadPin  stm32f7xx_hal_gpio.o
    0x0800b22e   0x0800b22e   0x0000000a   Code   RO         2675    i.HAL_GPIO_WritePin  stm32f7xx_hal_gpio.o
    0x0800b238   0x0800b238   0x0000000c   Code   RO         3114    i.HAL_GetTick       stm32f7xx_hal.o
    0x0800b244   0x0800b244   0x00000010   Code   RO         3120    i.HAL_IncTick       stm32f7xx_hal.o
    0x0800b254   0x0800b254   0x00000016   Code   RO         3121    i.HAL_Init          stm32f7xx_hal.o
    0x0800b26a   0x0800b26a   0x00000002   PAD
    0x0800b26c   0x0800b26c   0x00000040   Code   RO         3122    i.HAL_InitTick      stm32f7xx_hal.o
    0x0800b2ac   0x0800b2ac   0x00000054   Code   RO         2039    i.HAL_MPU_ConfigRegion  stm32f7xx_hal_cortex.o
    0x0800b300   0x0800b300   0x0000001c   Code   RO         2040    i.HAL_MPU_Disable   stm32f7xx_hal_cortex.o
    0x0800b31c   0x0800b31c   0x00000024   Code   RO         2041    i.HAL_MPU_Enable    stm32f7xx_hal_cortex.o
    0x0800b340   0x0800b340   0x00000030   Code   RO         2008    i.HAL_MspInit       stm32f7xx_hal_msp.o
    0x0800b370   0x0800b370   0x0000001a   Code   RO         2044    i.HAL_NVIC_EnableIRQ  stm32f7xx_hal_cortex.o
    0x0800b38a   0x0800b38a   0x00000002   PAD
    0x0800b38c   0x0800b38c   0x00000040   Code   RO         2050    i.HAL_NVIC_SetPriority  stm32f7xx_hal_cortex.o
    0x0800b3cc   0x0800b3cc   0x00000024   Code   RO         2051    i.HAL_NVIC_SetPriorityGrouping  stm32f7xx_hal_cortex.o
    0x0800b3f0   0x0800b3f0   0x0000006c   Code   RO         3011    i.HAL_PWREx_EnableOverDrive  stm32f7xx_hal_pwr_ex.o
    0x0800b45c   0x0800b45c   0x00000538   Code   RO         2432    i.HAL_RCCEx_PeriphCLKConfig  stm32f7xx_hal_rcc_ex.o
    0x0800b994   0x0800b994   0x0000013c   Code   RO         2325    i.HAL_RCC_ClockConfig  stm32f7xx_hal_rcc.o
    0x0800bad0   0x0800bad0   0x00000020   Code   RO         2332    i.HAL_RCC_GetPCLK1Freq  stm32f7xx_hal_rcc.o
    0x0800baf0   0x0800baf0   0x00000020   Code   RO         2333    i.HAL_RCC_GetPCLK2Freq  stm32f7xx_hal_rcc.o
    0x0800bb10   0x0800bb10   0x00000064   Code   RO         2334    i.HAL_RCC_GetSysClockFreq  stm32f7xx_hal_rcc.o
    0x0800bb74   0x0800bb74   0x00000380   Code   RO         2337    i.HAL_RCC_OscConfig  stm32f7xx_hal_rcc.o
    0x0800bef4   0x0800bef4   0x00000056   Code   RO         3882    i.HAL_SRAM_Init     stm32f7xx_hal_sram.o
    0x0800bf4a   0x0800bf4a   0x00000004   Code   RO         1724    i.HAL_SRAM_MspInit  fmc.o
    0x0800bf4e   0x0800bf4e   0x00000028   Code   RO         2055    i.HAL_SYSTICK_Config  stm32f7xx_hal_cortex.o
    0x0800bf76   0x0800bf76   0x00000002   Code   RO         4685    i.HAL_TIMEx_Break2Callback  stm32f7xx_hal_tim_ex.o
    0x0800bf78   0x0800bf78   0x00000002   Code   RO         4686    i.HAL_TIMEx_BreakCallback  stm32f7xx_hal_tim_ex.o
    0x0800bf7a   0x0800bf7a   0x00000002   Code   RO         4687    i.HAL_TIMEx_CommutCallback  stm32f7xx_hal_tim_ex.o
    0x0800bf7c   0x0800bf7c   0x0000008c   Code   RO         4689    i.HAL_TIMEx_ConfigBreakDeadTime  stm32f7xx_hal_tim_ex.o
    0x0800c008   0x0800c008   0x000000a4   Code   RO         4706    i.HAL_TIMEx_MasterConfigSynchronization  stm32f7xx_hal_tim_ex.o
    0x0800c0ac   0x0800c0ac   0x00000036   Code   RO         4000    i.HAL_TIM_Base_Init  stm32f7xx_hal_tim.o
    0x0800c0e2   0x0800c0e2   0x00000002   PAD
    0x0800c0e4   0x0800c0e4   0x00000078   Code   RO         1771    i.HAL_TIM_Base_MspInit  tim.o
    0x0800c15c   0x0800c15c   0x00000030   Code   RO         4003    i.HAL_TIM_Base_Start  stm32f7xx_hal_tim.o
    0x0800c18c   0x0800c18c   0x0000002c   Code   RO         4005    i.HAL_TIM_Base_Start_IT  stm32f7xx_hal_tim.o
    0x0800c1b8   0x0800c1b8   0x000000dc   Code   RO         4009    i.HAL_TIM_ConfigClockSource  stm32f7xx_hal_tim.o
    0x0800c294   0x0800c294   0x00000002   Code   RO         4029    i.HAL_TIM_IC_CaptureCallback  stm32f7xx_hal_tim.o
    0x0800c296   0x0800c296   0x00000184   Code   RO         4043    i.HAL_TIM_IRQHandler  stm32f7xx_hal_tim.o
    0x0800c41a   0x0800c41a   0x00000002   PAD
    0x0800c41c   0x0800c41c   0x00000054   Code   RO         1772    i.HAL_TIM_MspPostInit  tim.o
    0x0800c470   0x0800c470   0x00000002   Code   RO         4046    i.HAL_TIM_OC_DelayElapsedCallback  stm32f7xx_hal_tim.o
    0x0800c472   0x0800c472   0x00000128   Code   RO         4067    i.HAL_TIM_PWM_ConfigChannel  stm32f7xx_hal_tim.o
    0x0800c59a   0x0800c59a   0x00000036   Code   RO         4070    i.HAL_TIM_PWM_Init  stm32f7xx_hal_tim.o
    0x0800c5d0   0x0800c5d0   0x00000002   Code   RO         4072    i.HAL_TIM_PWM_MspInit  stm32f7xx_hal_tim.o
    0x0800c5d2   0x0800c5d2   0x00000002   Code   RO         4073    i.HAL_TIM_PWM_PulseFinishedCallback  stm32f7xx_hal_tim.o
    0x0800c5d4   0x0800c5d4   0x0000004c   Code   RO         4075    i.HAL_TIM_PWM_Start  stm32f7xx_hal_tim.o
    0x0800c620   0x0800c620   0x00000028   Code   RO          270    i.HAL_TIM_PeriodElapsedCallback  interruptinit.o
    0x0800c648   0x0800c648   0x00000002   Code   RO         4086    i.HAL_TIM_TriggerCallback  stm32f7xx_hal_tim.o
    0x0800c64a   0x0800c64a   0x00000002   Code   RO         4963    i.HAL_UARTEx_WakeupCallback  stm32f7xx_hal_uart.o
    0x0800c64c   0x0800c64c   0x00000072   Code   RO         4975    i.HAL_UART_DMAStop  stm32f7xx_hal_uart.o
    0x0800c6be   0x0800c6be   0x00000002   Code   RO         4979    i.HAL_UART_ErrorCallback  stm32f7xx_hal_uart.o
    0x0800c6c0   0x0800c6c0   0x00000160   Code   RO         4982    i.HAL_UART_IRQHandler  stm32f7xx_hal_uart.o
    0x0800c820   0x0800c820   0x00000066   Code   RO         4983    i.HAL_UART_Init     stm32f7xx_hal_uart.o
    0x0800c886   0x0800c886   0x00000002   PAD
    0x0800c888   0x0800c888   0x00000164   Code   RO         1837    i.HAL_UART_MspInit  usart.o
    0x0800c9ec   0x0800c9ec   0x0000009c   Code   RO         4987    i.HAL_UART_Receive_DMA  stm32f7xx_hal_uart.o
    0x0800ca88   0x0800ca88   0x00000020   Code   RO          271    i.HAL_UART_RxCpltCallback  interruptinit.o
    0x0800caa8   0x0800caa8   0x00000002   Code   RO         4991    i.HAL_UART_RxHalfCpltCallback  stm32f7xx_hal_uart.o
    0x0800caaa   0x0800caaa   0x00000002   PAD
    0x0800caac   0x0800caac   0x00000090   Code   RO         4993    i.HAL_UART_Transmit_DMA  stm32f7xx_hal_uart.o
    0x0800cb3c   0x0800cb3c   0x00000048   Code   RO          272    i.HAL_UART_TxCpltCallback  interruptinit.o
    0x0800cb84   0x0800cb84   0x00000002   Code   RO         4996    i.HAL_UART_TxHalfCpltCallback  stm32f7xx_hal_uart.o
    0x0800cb86   0x0800cb86   0x00000002   Code   RO         1890    i.HardFault_Handler  stm32f7xx_it.o
    0x0800cb88   0x0800cb88   0x0000005c   Code   RO         5432    i.IDLE_Usart1_Rx_Task  Interrupt.lib(interrupt.o)
    0x0800cbe4   0x0800cbe4   0x00000058   Code   RO         5433    i.IDLE_Usart2_Rx_Task  Interrupt.lib(interrupt.o)
    0x0800cc3c   0x0800cc3c   0x00000020   Code   RO          695    i.INSSolve_Init     inssolveinit.o
    0x0800cc5c   0x0800cc5c   0x00000080   Code   RO         7638    i.INS_Align_Acc     INSSlove.lib(inssolve.o)
    0x0800ccdc   0x0800ccdc   0x00000168   Code   RO         7639    i.INS_Align_AccMag  INSSlove.lib(inssolve.o)
    0x0800ce44   0x0800ce44   0x00000002   Code   RO         7640    i.INS_Align_Complex  INSSlove.lib(inssolve.o)
    0x0800ce46   0x0800ce46   0x00000002   Code   RO         7642    i.INS_Align_Trans   INSSlove.lib(inssolve.o)
    0x0800ce48   0x0800ce48   0x00000010   Code   RO         7643    i.INS_Alignment     INSSlove.lib(inssolve.o)
    0x0800ce58   0x0800ce58   0x00000124   Code   RO         7644    i.INS_Att_Resolve   INSSlove.lib(inssolve.o)
    0x0800cf7c   0x0800cf7c   0x0000092c   Code   RO         7645    i.INS_Att_Update    INSSlove.lib(inssolve.o)
    0x0800d8a8   0x0800d8a8   0x00000054   Code   RO          696    i.INS_Cal           inssolveinit.o
    0x0800d8fc   0x0800d8fc   0x000000a0   Code   RO         7646    i.INS_Cal_Time      INSSlove.lib(inssolve.o)
    0x0800d99c   0x0800d99c   0x000000e4   Code   RO         7647    i.INS_InitAlignment  INSSlove.lib(inssolve.o)
    0x0800da80   0x0800da80   0x0000009c   Code   RO          697    i.INS_Load_Data     inssolveinit.o
    0x0800db1c   0x0800db1c   0x0000003e   Code   RO         7648    i.INS_Pos_Resolve   INSSlove.lib(inssolve.o)
    0x0800db5a   0x0800db5a   0x00000002   PAD
    0x0800db5c   0x0800db5c   0x0000018c   Code   RO         7649    i.INS_Storage_Sensor  INSSlove.lib(inssolve.o)
    0x0800dce8   0x0800dce8   0x000000cc   Code   RO         7650    i.INS_Vel_Resolve   INSSlove.lib(inssolve.o)
    0x0800ddb4   0x0800ddb4   0x00000054   Code   RO         5434    i.ISR_EXIT8_Task    Interrupt.lib(interrupt.o)
    0x0800de08   0x0800de08   0x0000007c   Code   RO         5435    i.ISR_Tim3_Task     Interrupt.lib(interrupt.o)
    0x0800de84   0x0800de84   0x000000d0   Code   RO         5436    i.ISR_Tim6_Task     Interrupt.lib(interrupt.o)
    0x0800df54   0x0800df54   0x0000029c   Code   RO         5437    i.ISR_Usart1_Rx_Task  Interrupt.lib(interrupt.o)
    0x0800e1f0   0x0800e1f0   0x00000002   Code   RO         5438    i.ISR_Usart1_Tx_Task  Interrupt.lib(interrupt.o)
    0x0800e1f2   0x0800e1f2   0x00000002   PAD
    0x0800e1f4   0x0800e1f4   0x00000010   Code   RO         5439    i.ISR_Usart2_Rx_Task  Interrupt.lib(interrupt.o)
    0x0800e204   0x0800e204   0x00000002   Code   RO         5440    i.ISR_Usart2_Tx_Task  Interrupt.lib(interrupt.o)
    0x0800e206   0x0800e206   0x00000002   PAD
    0x0800e208   0x0800e208   0x00000310   Code   RO          739    i.KFFilter_Cal_State  kffilterinit.o
    0x0800e518   0x0800e518   0x00000218   Code   RO          740    i.KFFilter_Init     kffilterinit.o
    0x0800e730   0x0800e730   0x0000013c   Code   RO         7964    i.KFFilter_Measure_Update  KFFilter.lib(kffilter.o)
    0x0800e86c   0x0800e86c   0x0000017c   Code   RO          741    i.KFFilter_State_Update  kffilterinit.o
    0x0800e9e8   0x0800e9e8   0x0000010c   Code   RO         7965    i.KFFilter_Time_Updata  KFFilter.lib(kffilter.o)
    0x0800eaf4   0x0800eaf4   0x00000aac   Code   RO         5950    i.Load_Data         TransmitData.lib(transmitdata.o)
    0x0800f5a0   0x0800f5a0   0x00000194   Code   RO          658    i.Load_Dev_Data     devcompensationinit.o
    0x0800f734   0x0800f734   0x0000004a   Code   RO         1512    i.MPU_Config        main.o
    0x0800f77e   0x0800f77e   0x00000060   Code   RO          878    i.MV_times          bascontrol.o
    0x0800f7de   0x0800f7de   0x00000002   PAD
    0x0800f7e0   0x0800f7e0   0x0000002c   Code   RO         1695    i.MX_DMA_Init       dma.o
    0x0800f80c   0x0800f80c   0x00000070   Code   RO         1725    i.MX_FMC_Init       fmc.o
    0x0800f87c   0x0800f87c   0x000001dc   Code   RO         1566    i.MX_GPIO_Init      gpio.o
    0x0800fa58   0x0800fa58   0x00000086   Code   RO         1513    i.MX_NVIC_Init      main.o
    0x0800fade   0x0800fade   0x00000002   PAD
    0x0800fae0   0x0800fae0   0x000000d8   Code   RO         1773    i.MX_TIM1_Init      tim.o
    0x0800fbb8   0x0800fbb8   0x00000068   Code   RO         1774    i.MX_TIM3_Init      tim.o
    0x0800fc20   0x0800fc20   0x00000068   Code   RO         1775    i.MX_TIM5_Init      tim.o
    0x0800fc88   0x0800fc88   0x00000048   Code   RO         1776    i.MX_TIM6_Init      tim.o
    0x0800fcd0   0x0800fcd0   0x00000044   Code   RO         1838    i.MX_USART1_UART_Init  usart.o
    0x0800fd14   0x0800fd14   0x00000044   Code   RO         1839    i.MX_USART2_UART_Init  usart.o
    0x0800fd58   0x0800fd58   0x00000002   Code   RO          783    i.MagDataAnalysisInit  magdataanalysisinit.o
    0x0800fd5a   0x0800fd5a   0x0000004e   Code   RO         8443    i.Matrix_Add        Matrix.lib(matrix.o)
    0x0800fda8   0x0800fda8   0x0000003c   Code   RO         8444    i.Matrix_Diag       Matrix.lib(matrix.o)
    0x0800fde4   0x0800fde4   0x00000054   Code   RO         8445    i.Matrix_EG         Matrix.lib(matrix.o)
    0x0800fe38   0x0800fe38   0x00000002   Code   RO          820    i.Matrix_Init       matrixinit.o
    0x0800fe3a   0x0800fe3a   0x00000038   Code   RO         8446    i.Matrix_Inver      Matrix.lib(matrix.o)
    0x0800fe72   0x0800fe72   0x00000002   PAD
    0x0800fe74   0x0800fe74   0x00000090   Code   RO         8447    i.Matrix_Mul        Matrix.lib(matrix.o)
    0x0800ff04   0x0800ff04   0x00000040   Code   RO         8448    i.Matrix_Mul_Digit  Matrix.lib(matrix.o)
    0x0800ff44   0x0800ff44   0x00000078   Code   RO         8449    i.Matrix_Norm       Matrix.lib(matrix.o)
    0x0800ffbc   0x0800ffbc   0x00000054   Code   RO         8450    i.Matrix_Norm2      Matrix.lib(matrix.o)
    0x08010010   0x08010010   0x00000208   Code   RO         8451    i.Matrix_Opp        Matrix.lib(matrix.o)
    0x08010218   0x08010218   0x0000004e   Code   RO         8452    i.Matrix_Sub        Matrix.lib(matrix.o)
    0x08010266   0x08010266   0x00000002   PAD
    0x08010268   0x08010268   0x000001e4   Code   RO         8453    i.Matrix_UD         Matrix.lib(matrix.o)
    0x0801044c   0x0801044c   0x00000002   Code   RO         1891    i.MemManage_Handler  stm32f7xx_it.o
    0x0801044e   0x0801044e   0x00000002   PAD
    0x08010450   0x08010450   0x00000c88   Code   RO         5951    i.Mode_Select_Data  TransmitData.lib(transmitdata.o)
    0x080110d8   0x080110d8   0x00000064   Code   RO         8194    i.Ms_Solve          MagDataAnalysis.lib(magdataanalysis.o)
    0x0801113c   0x0801113c   0x00000118   Code   RO         8195    i.Mx_Solve          MagDataAnalysis.lib(magdataanalysis.o)
    0x08011254   0x08011254   0x0000068c   Code   RO         8196    i.My_Solve          MagDataAnalysis.lib(magdataanalysis.o)
    0x080118e0   0x080118e0   0x0000058c   Code   RO         8197    i.Mz_Solve          MagDataAnalysis.lib(magdataanalysis.o)
    0x08011e6c   0x08011e6c   0x00000002   Code   RO         1892    i.NMI_Handler       stm32f7xx_it.o
    0x08011e6e   0x08011e6e   0x00000002   PAD
    0x08011e70   0x08011e70   0x0000000c   Code   RO          844    i.PDRSolve_Init     pdrsolveinit.o
    0x08011e7c   0x08011e7c   0x00000040   Code   RO          845    i.PDR_Cal           pdrsolveinit.o
    0x08011ebc   0x08011ebc   0x00000200   Code   RO         8727    i.PDR_Detector      PDRSolve.lib(pdrsolve.o)
    0x080120bc   0x080120bc   0x00000002   Code   RO         1893    i.PendSV_Handler    stm32f7xx_it.o
    0x080120be   0x080120be   0x00000002   PAD
    0x080120c0   0x080120c0   0x00000178   Code   RO         7182    i.PulseCharge       PulseEngine.lib(pulseengine.o)
    0x08012238   0x08012238   0x00000020   Code   RO          495    i.PulseCon          pulseengineinit.o
    0x08012258   0x08012258   0x00000178   Code   RO         7183    i.PulseDisCharge    PulseEngine.lib(pulseengine.o)
    0x080123d0   0x080123d0   0x00000010   Code   RO          496    i.PulseEngine_Init  pulseengineinit.o
    0x080123e0   0x080123e0   0x00000028   Code   RO         7184    i.PulsePowerOpen    PulseEngine.lib(pulseengine.o)
    0x08012408   0x08012408   0x000001a8   Code   RO         6661    i.Read_Cali_Par     DataStorage.lib(datastorage.o)
    0x080125b0   0x080125b0   0x000001a8   Code   RO         6662    i.Read_Dev_Par      DataStorage.lib(datastorage.o)
    0x08012758   0x08012758   0x00000190   Code   RO         6663    i.Read_Res_Par      DataStorage.lib(datastorage.o)
    0x080128e8   0x080128e8   0x000000c0   Code   RO         6664    i.Read_Setting_Par  DataStorage.lib(datastorage.o)
    0x080129a8   0x080129a8   0x000001ac   Code   RO         6665    i.Read_User_Par     DataStorage.lib(datastorage.o)
    0x08012b54   0x08012b54   0x00000002   Code   RO         1894    i.SVC_Handler       stm32f7xx_it.o
    0x08012b56   0x08012b56   0x00000002   PAD
    0x08012b58   0x08012b58   0x00000018   Code   RO         1395    i.Sensor_Read_Init  sensorreadinit.o
    0x08012b70   0x08012b70   0x00000064   Code   RO         1348    i.Sensor_Updata     sensorread.o
    0x08012bd4   0x08012bd4   0x000001cc   Code   RO         6666    i.Storage_Cali_Par  DataStorage.lib(datastorage.o)
    0x08012da0   0x08012da0   0x000001c8   Code   RO         6667    i.Storage_Dev_Par   DataStorage.lib(datastorage.o)
    0x08012f68   0x08012f68   0x000001c8   Code   RO         6668    i.Storage_Res_Par   DataStorage.lib(datastorage.o)
    0x08013130   0x08013130   0x000000bc   Code   RO         6669    i.Storage_Setting_Par  DataStorage.lib(datastorage.o)
    0x080131ec   0x080131ec   0x000001cc   Code   RO         6670    i.Storage_User_Par  DataStorage.lib(datastorage.o)
    0x080133b8   0x080133b8   0x00000004   Code   RO         1895    i.SysTick_Handler   stm32f7xx_it.o
    0x080133bc   0x080133bc   0x000000b4   Code   RO         1514    i.SystemClock_Config  main.o
    0x08013470   0x08013470   0x00000058   Code   RO         5395    i.SystemInit        system_stm32f7xx.o
    0x080134c8   0x080134c8   0x0000009c   Code   RO            4    i.System_Init       config.o
    0x08013564   0x08013564   0x0000000c   Code   RO         1896    i.TIM3_IRQHandler   stm32f7xx_it.o
    0x08013570   0x08013570   0x0000000c   Code   RO         1897    i.TIM6_DAC_IRQHandler  stm32f7xx_it.o
    0x0801357c   0x0801357c   0x000000c8   Code   RO         4088    i.TIM_Base_SetConfig  stm32f7xx_hal_tim.o
    0x08013644   0x08013644   0x0000001a   Code   RO         4089    i.TIM_CCxChannelCmd  stm32f7xx_hal_tim.o
    0x0801365e   0x0801365e   0x00000014   Code   RO         4099    i.TIM_ETR_SetConfig  stm32f7xx_hal_tim.o
    0x08013672   0x08013672   0x00000010   Code   RO         4100    i.TIM_ITRx_SetConfig  stm32f7xx_hal_tim.o
    0x08013682   0x08013682   0x00000002   PAD
    0x08013684   0x08013684   0x00000068   Code   RO         4101    i.TIM_OC1_SetConfig  stm32f7xx_hal_tim.o
    0x080136ec   0x080136ec   0x00000074   Code   RO         4102    i.TIM_OC2_SetConfig  stm32f7xx_hal_tim.o
    0x08013760   0x08013760   0x00000070   Code   RO         4103    i.TIM_OC3_SetConfig  stm32f7xx_hal_tim.o
    0x080137d0   0x080137d0   0x00000058   Code   RO         4104    i.TIM_OC4_SetConfig  stm32f7xx_hal_tim.o
    0x08013828   0x08013828   0x00000050   Code   RO         4105    i.TIM_OC5_SetConfig  stm32f7xx_hal_tim.o
    0x08013878   0x08013878   0x00000054   Code   RO         4106    i.TIM_OC6_SetConfig  stm32f7xx_hal_tim.o
    0x080138cc   0x080138cc   0x00000022   Code   RO         4108    i.TIM_TI1_ConfigInputStage  stm32f7xx_hal_tim.o
    0x080138ee   0x080138ee   0x00000024   Code   RO         4110    i.TIM_TI2_ConfigInputStage  stm32f7xx_hal_tim.o
    0x08013912   0x08013912   0x00000002   PAD
    0x08013914   0x08013914   0x00000354   Code   RO          317    i.TaskSequence_Init  tasksequenceinit.o
    0x08013c68   0x08013c68   0x00000048   Code   RO         5708    i.Task_Activate     TaskSequence.lib(tasksequence.o)
    0x08013cb0   0x08013cb0   0x00000020   Code   RO         5709    i.Task_Create       TaskSequence.lib(tasksequence.o)
    0x08013cd0   0x08013cd0   0x00000050   Code   RO         5710    i.Task_Delete       TaskSequence.lib(tasksequence.o)
    0x08013d20   0x08013d20   0x00000148   Code   RO         5711    i.Task_Run_Sequence  TaskSequence.lib(tasksequence.o)
    0x08013e68   0x08013e68   0x00000878   Code   RO         8198    i.Time_Detector     MagDataAnalysis.lib(magdataanalysis.o)
    0x080146e0   0x080146e0   0x0000003c   Code   RO         5952    i.Transmit_Ask_To_PC  TransmitData.lib(transmitdata.o)
    0x0801471c   0x0801471c   0x00000048   Code   RO         5954    i.Transmit_Data_To_PC  TransmitData.lib(transmitdata.o)
    0x08014764   0x08014764   0x000000c8   Code   RO         4997    i.UART_AdvFeatureConfig  stm32f7xx_hal_uart.o
    0x0801482c   0x0801482c   0x00000058   Code   RO         4998    i.UART_CheckIdleState  stm32f7xx_hal_uart.o
    0x08014884   0x08014884   0x00000014   Code   RO         4999    i.UART_DMAAbortOnError  stm32f7xx_hal_uart.o
    0x08014898   0x08014898   0x00000048   Code   RO         5000    i.UART_DMAError     stm32f7xx_hal_uart.o
    0x080148e0   0x080148e0   0x0000003c   Code   RO         5001    i.UART_DMAReceiveCplt  stm32f7xx_hal_uart.o
    0x0801491c   0x0801491c   0x0000000a   Code   RO         5003    i.UART_DMARxHalfCplt  stm32f7xx_hal_uart.o
    0x08014926   0x08014926   0x00000030   Code   RO         5005    i.UART_DMATransmitCplt  stm32f7xx_hal_uart.o
    0x08014956   0x08014956   0x0000000a   Code   RO         5007    i.UART_DMATxHalfCplt  stm32f7xx_hal_uart.o
    0x08014960   0x08014960   0x0000001e   Code   RO         5009    i.UART_EndRxTransfer  stm32f7xx_hal_uart.o
    0x0801497e   0x0801497e   0x00000010   Code   RO         5010    i.UART_EndTxTransfer  stm32f7xx_hal_uart.o
    0x0801498e   0x0801498e   0x00000002   PAD
    0x08014990   0x08014990   0x00000248   Code   RO         5013    i.UART_SetConfig    stm32f7xx_hal_uart.o
    0x08014bd8   0x08014bd8   0x000000a0   Code   RO         5016    i.UART_WaitOnFlagUntilTimeout  stm32f7xx_hal_uart.o
    0x08014c78   0x08014c78   0x0000000c   Code   RO         1898    i.USART1_IRQHandler  stm32f7xx_it.o
    0x08014c84   0x08014c84   0x0000000c   Code   RO         1899    i.USART2_IRQHandler  stm32f7xx_it.o
    0x08014c90   0x08014c90   0x000001d4   Code   RO          784    i.USERData_Update   magdataanalysisinit.o
    0x08014e64   0x08014e64   0x00000002   Code   RO         1900    i.UsageFault_Handler  stm32f7xx_it.o
    0x08014e66   0x08014e66   0x00000030   Code   RO         9313    i.__ARM_fpclassify  m_wv.l(fpclassify.o)
    0x08014e96   0x08014e96   0x00000020   Code   RO         2057    i.__NVIC_SetPriority  stm32f7xx_hal_cortex.o
    0x08014eb6   0x08014eb6   0x00000002   PAD
    0x08014eb8   0x08014eb8   0x00000208   Code   RO         9189    i.__hardfp_asin     m_wv.l(asin.o)
    0x080150c0   0x080150c0   0x00000200   Code   RO         9203    i.__hardfp_atan     m_wv.l(atan.o)
    0x080152c0   0x080152c0   0x000001c0   Code   RO         9217    i.__hardfp_atan2    m_wv.l(atan2.o)
    0x08015480   0x08015480   0x000000b0   Code   RO         9229    i.__hardfp_cos      m_wv.l(cos.o)
    0x08015530   0x08015530   0x000000b0   Code   RO         9255    i.__hardfp_sin      m_wv.l(sin.o)
    0x080155e0   0x080155e0   0x00000066   Code   RO         9267    i.__hardfp_sqrt     m_wv.l(sqrt.o)
    0x08015646   0x08015646   0x00000002   PAD
    0x08015648   0x08015648   0x00000310   Code   RO         9318    i.__ieee754_rem_pio2  m_wv.l(rred.o)
    0x08015958   0x08015958   0x000000e0   Code   RO         9290    i.__kernel_cos      m_wv.l(cos_i.o)
    0x08015a38   0x08015a38   0x00000070   Code   RO         9315    i.__kernel_poly     m_wv.l(poly.o)
    0x08015aa8   0x08015aa8   0x000000a8   Code   RO         9323    i.__kernel_sin      m_wv.l(sin_i.o)
    0x08015b50   0x08015b50   0x00000006   Code   RO         9294    i.__mathlib_dbl_infnan  m_wv.l(dunder.o)
    0x08015b56   0x08015b56   0x00000006   Code   RO         9295    i.__mathlib_dbl_infnan2  m_wv.l(dunder.o)
    0x08015b5c   0x08015b5c   0x00000004   PAD
    0x08015b60   0x08015b60   0x00000018   Code   RO         9296    i.__mathlib_dbl_invalid  m_wv.l(dunder.o)
    0x08015b78   0x08015b78   0x00000018   Code   RO         9299    i.__mathlib_dbl_underflow  m_wv.l(dunder.o)
    0x08015b90   0x08015b90   0x0000000e   Code   RO         9361    i.__scatterload_copy  mc_w.l(handlers.o)
    0x08015b9e   0x08015b9e   0x00000002   Code   RO         9362    i.__scatterload_null  mc_w.l(handlers.o)
    0x08015ba0   0x08015ba0   0x0000000e   Code   RO         9363    i.__scatterload_zeroinit  mc_w.l(handlers.o)
    0x08015bae   0x08015bae   0x00000002   PAD
    0x08015bb0   0x08015bb0   0x0000000c   Code   RO         9349    i.__set_errno       mc_w.l(errno.o)
    0x08015bbc   0x08015bbc   0x00000484   Code   RO          879    i.angleroll         bascontrol.o
    0x08016040   0x08016040   0x00000010   Code   RO         9205    i.atan              m_wv.l(atan.o)
    0x08016050   0x08016050   0x0000004c   Code   RO          880    i.ballcorrect       bascontrol.o
    0x0801609c   0x0801609c   0x0000011c   Code   RO          881    i.ballctrl          bascontrol.o
    0x080161b8   0x080161b8   0x0000000c   Code   RO          882    i.ballpredict       bascontrol.o
    0x080161c4   0x080161c4   0x000000f4   Code   RO          884    i.combuild          bascontrol.o
    0x080162b8   0x080162b8   0x000000c8   Code   RO          885    i.comsend           bascontrol.o
    0x08016380   0x08016380   0x0000002c   Code   RO         1239    i.delay_init        delay.o
    0x080163ac   0x080163ac   0x00000084   Code   RO          886    i.deletmaxminmean   bascontrol.o
    0x08016430   0x08016430   0x000000a0   Code   RO          887    i.deletmovmean      bascontrol.o
    0x080164d0   0x080164d0   0x00000144   Code   RO         7651    i.euler2rotation    INSSlove.lib(inssolve.o)
    0x08016614   0x08016614   0x00000018   Code   RO         9309    i.fabs              m_wv.l(fabs.o)
    0x0801662c   0x0801662c   0x000000bc   Code   RO          888    i.initialization    bascontrol.o
    0x080166e8   0x080166e8   0x00000090   Code   RO         1515    i.main              main.o
    0x08016778   0x08016778   0x000001dc   Code   RO         7652    i.quat2rotation     INSSlove.lib(inssolve.o)
    0x08016954   0x08016954   0x000000e6   Code   RO          889    i.readGNSS          bascontrol.o
    0x08016a3a   0x08016a3a   0x00000074   Code   RO          890    i.readmag           bascontrol.o
    0x08016aae   0x08016aae   0x00000002   PAD
    0x08016ab0   0x08016ab0   0x000000f8   Code   RO         7653    i.rotation2euler    INSSlove.lib(inssolve.o)
    0x08016ba8   0x08016ba8   0x000002a4   Code   RO         7654    i.rotation2quat     INSSlove.lib(inssolve.o)
    0x08016e4c   0x08016e4c   0x0000006a   Code   RO         9269    i.sqrt              m_wv.l(sqrt.o)
    0x08016eb6   0x08016eb6   0x00000002   PAD
    0x08016eb8   0x08016eb8   0x00000034   Code   RO         7655    i.sqrt_hf           INSSlove.lib(inssolve.o)
    0x08016eec   0x08016eec   0x00000018   Data   RO          660    .constdata          devcompensationinit.o
    0x08016f04   0x08016f04   0x00000008   Data   RO         2749    .constdata          stm32f7xx_hal_dma.o
    0x08016f0c   0x08016f0c   0x00000010   Data   RO         5396    .constdata          system_stm32f7xx.o
    0x08016f1c   0x08016f1c   0x00000008   Data   RO         5397    .constdata          system_stm32f7xx.o
    0x08016f24   0x08016f24   0x00000004   PAD
    0x08016f28   0x08016f28   0x00000050   Data   RO         9192    .constdata          m_wv.l(asin.o)
    0x08016f78   0x08016f78   0x00000098   Data   RO         9206    .constdata          m_wv.l(atan.o)
    0x08017010   0x08017010   0x00000030   Data   RO         9291    .constdata          m_wv.l(cos_i.o)
    0x08017040   0x08017040   0x00000008   Data   RO         9317    .constdata          m_wv.l(qnan.o)
    0x08017048   0x08017048   0x000000c8   Data   RO         9320    .constdata          m_wv.l(rred.o)
    0x08017110   0x08017110   0x00000028   Data   RO         9324    .constdata          m_wv.l(sin_i.o)
    0x08017138   0x08017138   0x00000020   Data   RO         9359    Region$$Table       anon$$obj.o


    Execution Region RW_IRAM1 (Exec base: 0x20000000, Load base: 0x08017158, Size: 0x00020368, Max: 0x00080000, ABSOLUTE, COMPRESSED[0x00000250])

    Exec Addr    Load Addr    Size         Type   Attr      Idx    E Section Name        Object

    0x20000000   COMPRESSED   0x00000008   Data   RW          240    .data               configinit.o
    0x20000008   COMPRESSED   0x00000004   Data   RW          350    .data               datalinkinit.o
    0x2000000c   COMPRESSED   0x00000014   Data   RW          460    .data               extdevconinit.o
    0x20000020   COMPRESSED   0x00000018   Data   RW          497    .data               pulseengineinit.o
    0x20000038   COMPRESSED   0x000027c0   Data   RW          661    .data               devcompensationinit.o
    0x200027f8   COMPRESSED   0x00000764   Data   RW          743    .data               kffilterinit.o
    0x20002f5c   COMPRESSED   0x00000014   Data   RW          744    .data               kffilterinit.o
    0x20002f70   COMPRESSED   0x0000000c   Data   RW          785    .data               magdataanalysisinit.o
    0x20002f7c   COMPRESSED   0x00000008   Data   RW          891    .data               bascontrol.o
    0x20002f84   COMPRESSED   0x00000008   Data   RW         1192    .data               bascontrolinit.o
    0x20002f8c   COMPRESSED   0x00000001   Data   RW         1193    .data               bascontrolinit.o
    0x20002f8d   COMPRESSED   0x00000001   PAD
    0x20002f8e   COMPRESSED   0x00000004   Data   RW         1242    .data               delay.o
    0x20002f92   COMPRESSED   0x00000002   PAD
    0x20002f94   COMPRESSED   0x0000000c   Data   RW         1284    .data               gnsssolveinit.o
    0x20002fa0   COMPRESSED   0x00002838   Data   RW         1396    .data               sensorreadinit.o
    0x200057d8   COMPRESSED   0x00000a10   Data   RW         1428    .data               globaldefineinit.o
    0x200061e8   COMPRESSED   0x00000008   Data   RW         1727    .data               fmc.o
    0x200061f0   COMPRESSED   0x0000000c   Data   RW         3128    .data               stm32f7xx_hal.o
    0x200061fc   COMPRESSED   0x00000004   Data   RW         5398    .data               system_stm32f7xx.o
    0x20006200   COMPRESSED   0x0000000e   Data   RW         5442    .data               Interrupt.lib(interrupt.o)
    0x2000620e   COMPRESSED   0x00000002   PAD
    0x20006210   COMPRESSED   0x00000094   Data   RW         5712    .data               TaskSequence.lib(tasksequence.o)
    0x200062a4   COMPRESSED   0x00000001   Data   RW         5956    .data               TransmitData.lib(transmitdata.o)
    0x200062a5   COMPRESSED   0x00000003   PAD
    0x200062a8   COMPRESSED   0x00000008   Data   RW         6239    .data               DataLink.lib(datalink.o)
    0x200062b0   COMPRESSED   0x00000004   Data   RW         6672    .data               DataStorage.lib(datastorage.o)
    0x200062b4   COMPRESSED   0x00000016   Data   RW         6944    .data               ExtDevCon.lib(extdevcon.o)
    0x200062ca   COMPRESSED   0x00000002   PAD
    0x200062cc   COMPRESSED   0x000001cc   Data   RW         7657    .data               INSSlove.lib(inssolve.o)
    0x20006498   COMPRESSED   0x00000057   Data   RW         8200    .data               MagDataAnalysis.lib(magdataanalysis.o)
    0x200064ef   COMPRESSED   0x00000001   PAD
    0x200064f0   COMPRESSED   0x00000030   Data   RW         8455    .data               Matrix.lib(matrix.o)
    0x20006520   COMPRESSED   0x00000034   Data   RW         8729    .data               PDRSolve.lib(pdrsolve.o)
    0x20006554   COMPRESSED   0x00000006   Data   RW         8955    .data               GNSSSolve.lib(gnsssolve.o)
    0x2000655a   COMPRESSED   0x00000002   PAD
    0x2000655c   COMPRESSED   0x00000004   Data   RW         9350    .data               mc_w.l(errno.o)
    0x20006560        -       0x00000900   Zero   RW          239    .bss                configinit.o
    0x20006e60        -       0x00000180   Zero   RW          318    .bss                tasksequenceinit.o
    0x20006fe0        -       0x00010cb0   Zero   RW          349    .bss                datalinkinit.o
    0x20017c90        -       0x00000050   Zero   RW          420    .bss                datastorageinit.o
    0x20017ce0        -       0x00000094   Zero   RW          659    .bss                devcompensationinit.o
    0x20017d74        -       0x000003d8   Zero   RW          742    .bss                kffilterinit.o
    0x2001814c   COMPRESSED   0x00000004   PAD
    0x20018150        -       0x00000f60   Zero   RW         1179    .bss                bascontrolinit.o
    0x200190b0        -       0x000004d4   Zero   RW         1180    .bss                bascontrolinit.o
    0x20019584        -       0x0000000c   Zero   RW         1181    .bss                bascontrolinit.o
    0x20019590        -       0x0000002c   Zero   RW         1182    .bss                bascontrolinit.o
    0x200195bc        -       0x00000038   Zero   RW         1183    .bss                bascontrolinit.o
    0x200195f4        -       0x000003ec   Zero   RW         1184    .bss                bascontrolinit.o
    0x200199e0        -       0x00000018   Zero   RW         1185    .bss                bascontrolinit.o
    0x200199f8        -       0x0000098c   Zero   RW         1186    .bss                bascontrolinit.o
    0x2001a384   COMPRESSED   0x00000004   PAD
    0x2001a388        -       0x00000050   Zero   RW         1187    .bss                bascontrolinit.o
    0x2001a3d8        -       0x00002a58   Zero   RW         1188    .bss                bascontrolinit.o
    0x2001ce30        -       0x00000030   Zero   RW         1189    .bss                bascontrolinit.o
    0x2001ce60        -       0x00000094   Zero   RW         1190    .bss                bascontrolinit.o
    0x2001cef4        -       0x00000014   Zero   RW         1191    .bss                bascontrolinit.o
    0x2001cf08        -       0x00000054   Zero   RW         1281    .bss                gnsssolveinit.o
    0x2001cf5c   COMPRESSED   0x00000004   PAD
    0x2001cf60        -       0x00000060   Zero   RW         1282    .bss                gnsssolveinit.o
    0x2001cfc0        -       0x00000264   Zero   RW         1283    .bss                gnsssolveinit.o
    0x2001d224        -       0x00000050   Zero   RW         1350    .bss                sensorread.o
    0x2001d274        -       0x00000020   Zero   RW         1427    .bss                globaldefineinit.o
    0x2001d294        -       0x0000004c   Zero   RW         1726    .bss                fmc.o
    0x2001d2e0        -       0x00000100   Zero   RW         1777    .bss                tim.o
    0x2001d3e0        -       0x00000220   Zero   RW         1840    .bss                usart.o
    0x2001d600        -       0x0000001c   Zero   RW         2503    .bss                stm32f7xx_hal_flash.o
    0x2001d61c        -       0x00000021   Zero   RW         5441    .bss                Interrupt.lib(interrupt.o)
    0x2001d63d        -       0x00000064   Zero   RW         5955    .bss                TransmitData.lib(transmitdata.o)
    0x2001d6a1        -       0x00000200   Zero   RW         6671    .bss                DataStorage.lib(datastorage.o)
    0x2001d8a1   COMPRESSED   0x00000003   PAD
    0x2001d8a4        -       0x00000014   Zero   RW         6943    .bss                ExtDevCon.lib(extdevcon.o)
    0x2001d8b8        -       0x00000030   Zero   RW         7416    .bss                DevCompensation.lib(devcompensation.o)
    0x2001d8e8        -       0x00000318   Zero   RW         7656    .bss                INSSlove.lib(inssolve.o)
    0x2001dc00        -       0x00000804   Zero   RW         7966    .bss                KFFilter.lib(kffilter.o)
    0x2001e404        -       0x000016a4   Zero   RW         8199    .bss                MagDataAnalysis.lib(magdataanalysis.o)
    0x2001faa8        -       0x000004b0   Zero   RW         8454    .bss                Matrix.lib(matrix.o)
    0x2001ff58        -       0x0000000c   Zero   RW         8728    .bss                PDRSolve.lib(pdrsolve.o)
    0x2001ff64   COMPRESSED   0x00000004   PAD
    0x2001ff68        -       0x00000400   Zero   RW         2029    STACK               startup_stm32f767xx.o


==============================================================================

Image component sizes


      Code (inc. data)   RO Data    RW Data    ZI Data      Debug   Object Name

      2894        152          0          8          0      17128   bascontrol.o
       352         50          0          9      19892       3654   bascontrolinit.o
       156         32          0          0          0     878295   config.o
       168         46          0          8       2304       2409   configinit.o
      1536        226          0          4      68784       4827   datalinkinit.o
       110         20          0          0         80       2661   datastorageinit.o
        44          6          0          4          0        753   delay.o
       504         42         24      10176        148       3082   devcompensationinit.o
        44          6          0          0          0        810   dma.o
       384         92          0         20          0       3144   extdevconinit.o
       296         42          0          8         76       2290   fmc.o
         2          0          0       2576         32       2984   globaldefineinit.o
        16          6          0         12        792       2215   gnsssolveinit.o
       476         36          0          0          0     901871   gpio.o
       272         52          0          0          0       1642   inssolveinit.o
       156         38          0          0          0       2693   interruptinit.o
      1700         90          0       1912        984       5461   kffilterinit.o
       470         34          0         12          0       4385   magdataanalysisinit.o
       534         20          0          0          0      38628   main.o
         2          0          0          0          0        494   matrixinit.o
        76         22          0          0          0       1074   pdrsolveinit.o
        48         12          0         24          0       1977   pulseengineinit.o
       100         10          0          0         80       1321   sensorread.o
        24          8          0      10296          0       1646   sensorreadinit.o
        36          8        504          0       1024        824   startup_stm32f767xx.o
       150         24          0         12          0       9353   stm32f7xx_hal.o
       346         28          0          0          0      41233   stm32f7xx_hal_cortex.o
      1098         16          8          0          0       8205   stm32f7xx_hal_dma.o
       528         68          0          0         28       6810   stm32f7xx_hal_flash.o
       300         20          0          0          0       3750   stm32f7xx_hal_flash_ex.o
       508         60          0          0          0       4018   stm32f7xx_hal_gpio.o
        48          6          0          0          0        870   stm32f7xx_hal_msp.o
       108         10          0          0          0       1332   stm32f7xx_hal_pwr_ex.o
      1376         70          0          0          0       5476   stm32f7xx_hal_rcc.o
      1336         28          0          0          0       2504   stm32f7xx_hal_rcc_ex.o
        86          0          0          0          0       1256   stm32f7xx_hal_sram.o
      2106        150          0          0          0      20075   stm32f7xx_hal_tim.o
       310         36          0          0          0       4252   stm32f7xx_hal_tim_ex.o
      2174        100          0          0          0      16582   stm32f7xx_hal_uart.o
       112         42          0          0          0       8141   stm32f7xx_it.o
       276         14          0          0          0       2872   stm32f7xx_ll_fmc.o
        88         22         24          4          0       1223   system_stm32f7xx.o
       852         82          0          0        384       3875   tasksequenceinit.o
       700         72          0          0        256       4631   tim.o
       492         56          0          0        544       2832   usart.o

    ----------------------------------------------------------------------
     23432       1954        596      25088      95420    2035558   Object Totals
         0          0         32          0          0          0   (incl. Generated)
        38          0          4          3         12          0   (incl. Padding)

    ----------------------------------------------------------------------

      Code (inc. data)   RO Data    RW Data    ZI Data      Debug   Library Member Name

      3596        126          0          8          0      24527   datalink.o
      3888        140          0          4        512      17833   datastorage.o
      1176         36          0          0         48       2475   devcompensation.o
       840        120          0         22         20       4512   extdevcon.o
       688         38          0          6          0       3678   gnsssolve.o
      5974        232          0        460        792      17857   inssolve.o
      1284        126          0         14         33       6285   interrupt.o
       584         90          0          0       2052       3825   kffilter.o
      5644        402          0         87       5796       8987   magdataanalysis.o
      1772         36          0         48       1200      11546   matrix.o
       512         44          0         52         12       3948   pdrsolve.o
       792         70          0          0          0       2352   pulseengine.o
       512         24          0        148          0       4795   tasksequence.o
      6072        374          0          1        100       4478   transmitdata.o
       520         88         80          0          0        252   asin.o
       528        110        152          0          0        348   atan.o
       448         68          0          0          0        180   atan2.o
       176         18          0          0          0        156   cos.o
       224         42         48          0          0        184   cos_i.o
        60         28          0          0          0        464   dunder.o
        24          0          0          0          0        124   fabs.o
        48          0          0          0          0        124   fpclassify.o
       112          0          0          0          0        116   poly.o
         0          0          8          0          0          0   qnan.o
       784        138        200          0          0        172   rred.o
       176         18          0          0          0        160   sin.o
       168         24         40          0          0        196   sin_i.o
       208          0          0          0          0        280   sqrt.o
        86          0          0          0          0          0   __dczerorl2.o
         0          0          0          0          0          0   entry.o
         0          0          0          0          0          0   entry10a.o
         0          0          0          0          0          0   entry11a.o
         8          4          0          0          0          0   entry2.o
         4          0          0          0          0          0   entry5.o
         0          0          0          0          0          0   entry7b.o
         0          0          0          0          0          0   entry8b.o
         8          4          0          0          0          0   entry9a.o
        12          6          0          4          0         68   errno.o
        30          0          0          0          0          0   handlers.o
        36          8          0          0          0         68   init.o
         0          0          0          0          0          0   iusefp.o
        30          0          0          0          0         68   llshl.o
        32          0          0          0          0         68   llushr.o
        36          0          0          0          0        108   memseta.o
         8          0          0          0          0         68   siabs.o
        98          0          0          0          0         92   uldiv.o

    ----------------------------------------------------------------------
     37228       2414        528        864      10572     120394   Library Totals
        30          0          0         10          7          0   (incl. Padding)

    ----------------------------------------------------------------------

      Code (inc. data)   RO Data    RW Data    ZI Data      Debug   Library Name

      3596        126          0          8          0      24527   DataLink.lib
      3888        140          0          4        512      17833   DataStorage.lib
      1176         36          0          0         48       2475   DevCompensation.lib
       840        120          0         22         20       4512   ExtDevCon.lib
       688         38          0          6          0       3678   GNSSSolve.lib
      5974        232          0        460        792      17857   INSSlove.lib
      1284        126          0         14         33       6285   Interrupt.lib
       584         90          0          0       2052       3825   KFFilter.lib
      5644        402          0         87       5796       8987   MagDataAnalysis.lib
      1772         36          0         48       1200      11546   Matrix.lib
       512         44          0         52         12       3948   PDRSolve.lib
       792         70          0          0          0       2352   PulseEngine.lib
       512         24          0        148          0       4795   TaskSequence.lib
      6072        374          0          1        100       4478   TransmitData.lib
      3476        534        528          0          0       2756   m_wv.l
       388         22          0          4          0        540   mc_w.l

    ----------------------------------------------------------------------
     37228       2414        528        864      10572     120394   Library Totals

    ----------------------------------------------------------------------

==============================================================================


      Code (inc. data)   RO Data    RW Data    ZI Data      Debug   

     60660       4368       1124      25952     105992    2127332   Grand Totals
     60660       4368       1124        592     105992    2127332   ELF Image Totals (compressed)
     60660       4368       1124        592          0          0   ROM Totals

==============================================================================

    Total RO  Size (Code + RO Data)                61784 (  60.34kB)
    Total RW  Size (RW Data + ZI Data)            131944 ( 128.85kB)
    Total ROM Size (Code + RO Data + RW Data)      62376 (  60.91kB)

==============================================================================

