<!doctype html public "-//w3c//dtd html 4.0 transitional//en">
<html><head>
<title>Static Call Graph - [BMD_COM\BMD_COM.axf]</title></head>
<body><HR>
<H1>Static Call Graph for image BMD_COM\BMD_COM.axf</H1><HR>
<BR><P>#&#060CALLGRAPH&#062# ARM Linker, 5060750: Last Updated: Tue Jul 28 14:04:20 2020
<BR><P>
<H3>Maximum Stack Usage =        832 bytes + Unknown(Cycles, Untraceable Function Pointers)</H3><H3>
Call chain for Maximum Stack Depth:</H3>
BasCtrl &rArr; ballctrl &rArr; combuild &rArr; angleroll &rArr; __hardfp_cos &rArr; __ieee754_rem_pio2 &rArr; fabs
<P>
<H3>
Mutually Recursive functions
</H3> <LI><a href="#[51]">ADC_IRQHandler</a>&nbsp;&nbsp;&nbsp;&rArr;&nbsp;&nbsp;&nbsp;<a href="#[51]">ADC_IRQHandler</a><BR>
 <LI><a href="#[39]">BusFault_Handler</a>&nbsp;&nbsp;&nbsp;&rArr;&nbsp;&nbsp;&nbsp;<a href="#[39]">BusFault_Handler</a><BR>
 <LI><a href="#[37]">HardFault_Handler</a>&nbsp;&nbsp;&nbsp;&rArr;&nbsp;&nbsp;&nbsp;<a href="#[37]">HardFault_Handler</a><BR>
 <LI><a href="#[104]">Error_Handler</a>&nbsp;&nbsp;&nbsp;&rArr;&nbsp;&nbsp;&nbsp;<a href="#[104]">Error_Handler</a><BR>
 <LI><a href="#[38]">MemManage_Handler</a>&nbsp;&nbsp;&nbsp;&rArr;&nbsp;&nbsp;&nbsp;<a href="#[38]">MemManage_Handler</a><BR>
 <LI><a href="#[3a]">UsageFault_Handler</a>&nbsp;&nbsp;&nbsp;&rArr;&nbsp;&nbsp;&nbsp;<a href="#[3a]">UsageFault_Handler</a><BR>
</UL>
<P>
<H3>
Function Pointers
</H3><UL>
 <LI><a href="#[51]">ADC_IRQHandler</a> from startup_stm32f767xx.o(.text) referenced from startup_stm32f767xx.o(RESET)
 <LI><a href="#[e8]">BasComSend</a> from bascontrolinit.o(i.BasComSend) referenced from tasksequenceinit.o(i.TaskSequence_Init)
 <LI><a href="#[e9]">BasCtrl</a> from bascontrolinit.o(i.BasCtrl) referenced from tasksequenceinit.o(i.TaskSequence_Init)
 <LI><a href="#[ea]">BasInit</a> from bascontrolinit.o(i.BasInit) referenced from tasksequenceinit.o(i.TaskSequence_Init)
 <LI><a href="#[e7]">BasReadGNSS</a> from bascontrolinit.o(i.BasReadGNSS) referenced from tasksequenceinit.o(i.TaskSequence_Init)
 <LI><a href="#[e6]">BasReadMag</a> from bascontrolinit.o(i.BasReadMag) referenced from tasksequenceinit.o(i.TaskSequence_Init)
 <LI><a href="#[39]">BusFault_Handler</a> from stm32f7xx_it.o(i.BusFault_Handler) referenced from startup_stm32f767xx.o(RESET)
 <LI><a href="#[53]">CAN1_RX0_IRQHandler</a> from startup_stm32f767xx.o(.text) referenced from startup_stm32f767xx.o(RESET)
 <LI><a href="#[54]">CAN1_RX1_IRQHandler</a> from startup_stm32f767xx.o(.text) referenced from startup_stm32f767xx.o(RESET)
 <LI><a href="#[55]">CAN1_SCE_IRQHandler</a> from startup_stm32f767xx.o(.text) referenced from startup_stm32f767xx.o(RESET)
 <LI><a href="#[52]">CAN1_TX_IRQHandler</a> from startup_stm32f767xx.o(.text) referenced from startup_stm32f767xx.o(RESET)
 <LI><a href="#[7f]">CAN2_RX0_IRQHandler</a> from startup_stm32f767xx.o(.text) referenced from startup_stm32f767xx.o(RESET)
 <LI><a href="#[80]">CAN2_RX1_IRQHandler</a> from startup_stm32f767xx.o(.text) referenced from startup_stm32f767xx.o(RESET)
 <LI><a href="#[81]">CAN2_SCE_IRQHandler</a> from startup_stm32f767xx.o(.text) referenced from startup_stm32f767xx.o(RESET)
 <LI><a href="#[7e]">CAN2_TX_IRQHandler</a> from startup_stm32f767xx.o(.text) referenced from startup_stm32f767xx.o(RESET)
 <LI><a href="#[a6]">CAN3_RX0_IRQHandler</a> from startup_stm32f767xx.o(.text) referenced from startup_stm32f767xx.o(RESET)
 <LI><a href="#[a7]">CAN3_RX1_IRQHandler</a> from startup_stm32f767xx.o(.text) referenced from startup_stm32f767xx.o(RESET)
 <LI><a href="#[a8]">CAN3_SCE_IRQHandler</a> from startup_stm32f767xx.o(.text) referenced from startup_stm32f767xx.o(RESET)
 <LI><a href="#[a5]">CAN3_TX_IRQHandler</a> from startup_stm32f767xx.o(.text) referenced from startup_stm32f767xx.o(RESET)
 <LI><a href="#[9c]">CEC_IRQHandler</a> from startup_stm32f767xx.o(.text) referenced from startup_stm32f767xx.o(RESET)
 <LI><a href="#[da]">Command_Allign_Resolve</a> from datalink.o(i.Command_Allign_Resolve) referenced from datalinkinit.o(i.DataLink_Init)
 <LI><a href="#[db]">Command_Commu_Resovle</a> from datalink.o(i.Command_Commu_Resovle) referenced from datalinkinit.o(i.DataLink_Init)
 <LI><a href="#[bc]">Command_DEV_CR_Resolve</a> from datalink.o(i.Command_DEV_CR_Resolve) referenced from datalinkinit.o(i.DataLink_Init)
 <LI><a href="#[be]">Command_DEV_GA_Resolve</a> from datalink.o(i.Command_DEV_GA_Resolve) referenced from datalinkinit.o(i.DataLink_Init)
 <LI><a href="#[bf]">Command_DEV_PAR_Resolve</a> from datalink.o(i.Command_DEV_PAR_Resolve) referenced from datalinkinit.o(i.DataLink_Init)
 <LI><a href="#[b8]">Command_DEV_RC_Resolve</a> from datalink.o(i.Command_DEV_RC_Resolve) referenced from datalinkinit.o(i.DataLink_Init)
 <LI><a href="#[bb]">Command_DEV_SF_Resolve</a> from datalink.o(i.Command_DEV_SF_Resolve) referenced from datalinkinit.o(i.DataLink_Init)
 <LI><a href="#[ba]">Command_DEV_TN_Resolve</a> from datalink.o(i.Command_DEV_TN_Resolve) referenced from datalinkinit.o(i.DataLink_Init)
 <LI><a href="#[bd]">Command_DEV_TSF_Resolve</a> from datalink.o(i.Command_DEV_TSF_Resolve) referenced from datalinkinit.o(i.DataLink_Init)
 <LI><a href="#[d1]">Command_DevCon_Resolve</a> from datalink.o(i.Command_DevCon_Resolve) referenced from datalinkinit.o(i.DataLink_Init)
 <LI><a href="#[ca]">Command_FIR_CH10_Resolve</a> from datalink.o(i.Command_FIR_CH10_Resolve) referenced from datalinkinit.o(i.DataLink_Init)
 <LI><a href="#[cb]">Command_FIR_CH11_Resolve</a> from datalink.o(i.Command_FIR_CH11_Resolve) referenced from datalinkinit.o(i.DataLink_Init)
 <LI><a href="#[cc]">Command_FIR_CH12_Resolve</a> from datalink.o(i.Command_FIR_CH12_Resolve) referenced from datalinkinit.o(i.DataLink_Init)
 <LI><a href="#[cd]">Command_FIR_CH13_Resolve</a> from datalink.o(i.Command_FIR_CH13_Resolve) referenced from datalinkinit.o(i.DataLink_Init)
 <LI><a href="#[ce]">Command_FIR_CH14_Resolve</a> from datalink.o(i.Command_FIR_CH14_Resolve) referenced from datalinkinit.o(i.DataLink_Init)
 <LI><a href="#[cf]">Command_FIR_CH15_Resolve</a> from datalink.o(i.Command_FIR_CH15_Resolve) referenced from datalinkinit.o(i.DataLink_Init)
 <LI><a href="#[c0]">Command_FIR_CH1_Resolve</a> from datalink.o(i.Command_FIR_CH1_Resolve) referenced from datalinkinit.o(i.DataLink_Init)
 <LI><a href="#[c2]">Command_FIR_CH2_Resolve</a> from datalink.o(i.Command_FIR_CH2_Resolve) referenced from datalinkinit.o(i.DataLink_Init)
 <LI><a href="#[c3]">Command_FIR_CH3_Resolve</a> from datalink.o(i.Command_FIR_CH3_Resolve) referenced from datalinkinit.o(i.DataLink_Init)
 <LI><a href="#[c4]">Command_FIR_CH4_Resolve</a> from datalink.o(i.Command_FIR_CH4_Resolve) referenced from datalinkinit.o(i.DataLink_Init)
 <LI><a href="#[c5]">Command_FIR_CH5_Resolve</a> from datalink.o(i.Command_FIR_CH5_Resolve) referenced from datalinkinit.o(i.DataLink_Init)
 <LI><a href="#[c6]">Command_FIR_CH6_Resolve</a> from datalink.o(i.Command_FIR_CH6_Resolve) referenced from datalinkinit.o(i.DataLink_Init)
 <LI><a href="#[c7]">Command_FIR_CH7_Resolve</a> from datalink.o(i.Command_FIR_CH7_Resolve) referenced from datalinkinit.o(i.DataLink_Init)
 <LI><a href="#[c8]">Command_FIR_CH8_Resolve</a> from datalink.o(i.Command_FIR_CH8_Resolve) referenced from datalinkinit.o(i.DataLink_Init)
 <LI><a href="#[c9]">Command_FIR_CH9_Resolve</a> from datalink.o(i.Command_FIR_CH9_Resolve) referenced from datalinkinit.o(i.DataLink_Init)
 <LI><a href="#[d9]">Command_Flash_Resolve</a> from datalink.o(i.Command_Flash_Resolve) referenced from datalinkinit.o(i.DataLink_Init)
 <LI><a href="#[d8]">Command_Iqiure_CALI_Resolve</a> from datalink.o(i.Command_Iqiure_CALI_Resolve) referenced from datalinkinit.o(i.DataLink_Init)
 <LI><a href="#[d7]">Command_Iqiure_Status_Resolve</a> from datalink.o(i.Command_Iqiure_Status_Resolve) referenced from datalinkinit.o(i.DataLink_Init)
 <LI><a href="#[d0]">Command_Kalman_Resolve</a> from datalink.o(i.Command_Kalman_Resolve) referenced from datalinkinit.o(i.DataLink_Init)
 <LI><a href="#[d6]">Command_Res1_Resolve</a> from datalink.o(i.Command_Res1_Resolve) referenced from datalinkinit.o(i.DataLink_Init)
 <LI><a href="#[d4]">Command_Res_Resolve</a> from datalink.o(i.Command_Res_Resolve) referenced from datalinkinit.o(i.DataLink_Init)
 <LI><a href="#[e4]">Command_Resolve</a> from datalink.o(i.Command_Resolve) referenced from tasksequenceinit.o(i.TaskSequence_Init)
 <LI><a href="#[b6]">Command_Setting_Resolve</a> from datalink.o(i.Command_Setting_Resolve) referenced from datalinkinit.o(i.DataLink_Init)
 <LI><a href="#[d3]">Command_User_Resolve</a> from datalink.o(i.Command_User_Resolve) referenced from datalinkinit.o(i.DataLink_Init)
 <LI><a href="#[8d]">DCMI_IRQHandler</a> from startup_stm32f767xx.o(.text) referenced from startup_stm32f767xx.o(RESET)
 <LI><a href="#[a0]">DFSDM1_FLT0_IRQHandler</a> from startup_stm32f767xx.o(.text) referenced from startup_stm32f767xx.o(RESET)
 <LI><a href="#[a1]">DFSDM1_FLT1_IRQHandler</a> from startup_stm32f767xx.o(.text) referenced from startup_stm32f767xx.o(RESET)
 <LI><a href="#[a2]">DFSDM1_FLT2_IRQHandler</a> from startup_stm32f767xx.o(.text) referenced from startup_stm32f767xx.o(RESET)
 <LI><a href="#[a3]">DFSDM1_FLT3_IRQHandler</a> from startup_stm32f767xx.o(.text) referenced from startup_stm32f767xx.o(RESET)
 <LI><a href="#[4a]">DMA1_Stream0_IRQHandler</a> from startup_stm32f767xx.o(.text) referenced from startup_stm32f767xx.o(RESET)
 <LI><a href="#[4b]">DMA1_Stream1_IRQHandler</a> from startup_stm32f767xx.o(.text) referenced from startup_stm32f767xx.o(RESET)
 <LI><a href="#[4c]">DMA1_Stream2_IRQHandler</a> from startup_stm32f767xx.o(.text) referenced from startup_stm32f767xx.o(RESET)
 <LI><a href="#[4d]">DMA1_Stream3_IRQHandler</a> from startup_stm32f767xx.o(.text) referenced from startup_stm32f767xx.o(RESET)
 <LI><a href="#[4e]">DMA1_Stream4_IRQHandler</a> from startup_stm32f767xx.o(.text) referenced from startup_stm32f767xx.o(RESET)
 <LI><a href="#[4f]">DMA1_Stream5_IRQHandler</a> from stm32f7xx_it.o(i.DMA1_Stream5_IRQHandler) referenced from startup_stm32f767xx.o(RESET)
 <LI><a href="#[50]">DMA1_Stream6_IRQHandler</a> from startup_stm32f767xx.o(.text) referenced from startup_stm32f767xx.o(RESET)
 <LI><a href="#[6e]">DMA1_Stream7_IRQHandler</a> from startup_stm32f767xx.o(.text) referenced from startup_stm32f767xx.o(RESET)
 <LI><a href="#[98]">DMA2D_IRQHandler</a> from startup_stm32f767xx.o(.text) referenced from startup_stm32f767xx.o(RESET)
 <LI><a href="#[77]">DMA2_Stream0_IRQHandler</a> from startup_stm32f767xx.o(.text) referenced from startup_stm32f767xx.o(RESET)
 <LI><a href="#[78]">DMA2_Stream1_IRQHandler</a> from startup_stm32f767xx.o(.text) referenced from startup_stm32f767xx.o(RESET)
 <LI><a href="#[79]">DMA2_Stream2_IRQHandler</a> from stm32f7xx_it.o(i.DMA2_Stream2_IRQHandler) referenced from startup_stm32f767xx.o(RESET)
 <LI><a href="#[7a]">DMA2_Stream3_IRQHandler</a> from startup_stm32f767xx.o(.text) referenced from startup_stm32f767xx.o(RESET)
 <LI><a href="#[7b]">DMA2_Stream4_IRQHandler</a> from startup_stm32f767xx.o(.text) referenced from startup_stm32f767xx.o(RESET)
 <LI><a href="#[83]">DMA2_Stream5_IRQHandler</a> from startup_stm32f767xx.o(.text) referenced from startup_stm32f767xx.o(RESET)
 <LI><a href="#[84]">DMA2_Stream6_IRQHandler</a> from startup_stm32f767xx.o(.text) referenced from startup_stm32f767xx.o(RESET)
 <LI><a href="#[85]">DMA2_Stream7_IRQHandler</a> from stm32f7xx_it.o(i.DMA2_Stream7_IRQHandler) referenced from startup_stm32f767xx.o(RESET)
 <LI><a href="#[3c]">DebugMon_Handler</a> from stm32f7xx_it.o(i.DebugMon_Handler) referenced from startup_stm32f767xx.o(RESET)
 <LI><a href="#[e2]">Dev_Compensation</a> from devcompensation.o(i.Dev_Compensation) referenced from tasksequenceinit.o(i.TaskSequence_Init)
 <LI><a href="#[7c]">ETH_IRQHandler</a> from startup_stm32f767xx.o(.text) referenced from startup_stm32f767xx.o(RESET)
 <LI><a href="#[7d]">ETH_WKUP_IRQHandler</a> from startup_stm32f767xx.o(.text) referenced from startup_stm32f767xx.o(RESET)
 <LI><a href="#[45]">EXTI0_IRQHandler</a> from startup_stm32f767xx.o(.text) referenced from startup_stm32f767xx.o(RESET)
 <LI><a href="#[67]">EXTI15_10_IRQHandler</a> from startup_stm32f767xx.o(.text) referenced from startup_stm32f767xx.o(RESET)
 <LI><a href="#[46]">EXTI1_IRQHandler</a> from startup_stm32f767xx.o(.text) referenced from startup_stm32f767xx.o(RESET)
 <LI><a href="#[47]">EXTI2_IRQHandler</a> from startup_stm32f767xx.o(.text) referenced from startup_stm32f767xx.o(RESET)
 <LI><a href="#[48]">EXTI3_IRQHandler</a> from startup_stm32f767xx.o(.text) referenced from startup_stm32f767xx.o(RESET)
 <LI><a href="#[49]">EXTI4_IRQHandler</a> from startup_stm32f767xx.o(.text) referenced from startup_stm32f767xx.o(RESET)
 <LI><a href="#[56]">EXTI9_5_IRQHandler</a> from stm32f7xx_it.o(i.EXTI9_5_IRQHandler) referenced from startup_stm32f767xx.o(RESET)
 <LI><a href="#[2]">ExtDevCon_Data_Update</a> from extdevconinit.o(i.ExtDevCon_Data_Update) referenced 2 times from extdevconinit.o(.data)
 <LI><a href="#[5]">ExtDevCon_DetectFire</a> from extdevcon.o(i.ExtDevCon_DetectFire) referenced 2 times from extdevconinit.o(.data)
 <LI><a href="#[1]">ExtDevCon_Init</a> from extdevconinit.o(i.ExtDevCon_Init) referenced 2 times from extdevconinit.o(.data)
 <LI><a href="#[4]">ExtDevCon_Mag</a> from extdevcon.o(i.ExtDevCon_Mag) referenced 2 times from extdevconinit.o(.data)
 <LI><a href="#[3]">ExtDevCon_Power</a> from extdevcon.o(i.ExtDevCon_Power) referenced 2 times from extdevconinit.o(.data)
 <LI><a href="#[43]">FLASH_IRQHandler</a> from startup_stm32f767xx.o(.text) referenced from startup_stm32f767xx.o(RESET)
 <LI><a href="#[6f]">FMC_IRQHandler</a> from startup_stm32f767xx.o(.text) referenced from startup_stm32f767xx.o(RESET)
 <LI><a href="#[8f]">FPU_IRQHandler</a> from startup_stm32f767xx.o(.text) referenced from startup_stm32f767xx.o(RESET)
 <LI><a href="#[12]">GNSSSolve_Init</a> from gnsssolveinit.o(i.GNSSSolve_Init) referenced 2 times from gnsssolveinit.o(.data)
 <LI><a href="#[13]">GPS_ISR</a> from gnsssolve.o(i.GPS_ISR) referenced 2 times from gnsssolveinit.o(.data)
 <LI><a href="#[14]">GPS_Resolve</a> from gnsssolve.o(i.GPS_Resolve) referenced 2 times from gnsssolveinit.o(.data)
 <LI><a href="#[37]">HardFault_Handler</a> from stm32f7xx_it.o(i.HardFault_Handler) referenced from startup_stm32f767xx.o(RESET)
 <LI><a href="#[5f]">I2C1_ER_IRQHandler</a> from startup_stm32f767xx.o(.text) referenced from startup_stm32f767xx.o(RESET)
 <LI><a href="#[5e]">I2C1_EV_IRQHandler</a> from startup_stm32f767xx.o(.text) referenced from startup_stm32f767xx.o(RESET)
 <LI><a href="#[61]">I2C2_ER_IRQHandler</a> from startup_stm32f767xx.o(.text) referenced from startup_stm32f767xx.o(RESET)
 <LI><a href="#[60]">I2C2_EV_IRQHandler</a> from startup_stm32f767xx.o(.text) referenced from startup_stm32f767xx.o(RESET)
 <LI><a href="#[88]">I2C3_ER_IRQHandler</a> from startup_stm32f767xx.o(.text) referenced from startup_stm32f767xx.o(RESET)
 <LI><a href="#[87]">I2C3_EV_IRQHandler</a> from startup_stm32f767xx.o(.text) referenced from startup_stm32f767xx.o(RESET)
 <LI><a href="#[9e]">I2C4_ER_IRQHandler</a> from startup_stm32f767xx.o(.text) referenced from startup_stm32f767xx.o(RESET)
 <LI><a href="#[9d]">I2C4_EV_IRQHandler</a> from startup_stm32f767xx.o(.text) referenced from startup_stm32f767xx.o(RESET)
 <LI><a href="#[b0]">IDLE_Usart1_Rx_Task</a> from interrupt.o(i.IDLE_Usart1_Rx_Task) referenced from configinit.o(i.Config_Init)
 <LI><a href="#[b3]">IDLE_Usart2_Rx_Task</a> from interrupt.o(i.IDLE_Usart2_Rx_Task) referenced from configinit.o(i.Config_Init)
 <LI><a href="#[19]">INSSolve_Init</a> from inssolveinit.o(i.INSSolve_Init) referenced 2 times from inssolve.o(.data)
 <LI><a href="#[1a]">INS_Alignment</a> from inssolve.o(i.INS_Alignment) referenced 2 times from inssolve.o(.data)
 <LI><a href="#[1d]">INS_Att_Resolve</a> from inssolve.o(i.INS_Att_Resolve) referenced 2 times from inssolve.o(.data)
 <LI><a href="#[20]">INS_Cal</a> from inssolveinit.o(i.INS_Cal) referenced 2 times from inssolve.o(.data)
 <LI><a href="#[21]">INS_Cal_Time</a> from inssolve.o(i.INS_Cal_Time) referenced 2 times from inssolve.o(.data)
 <LI><a href="#[1b]">INS_Load_Data</a> from inssolveinit.o(i.INS_Load_Data) referenced 2 times from inssolve.o(.data)
 <LI><a href="#[1f]">INS_Pos_Resolve</a> from inssolve.o(i.INS_Pos_Resolve) referenced 2 times from inssolve.o(.data)
 <LI><a href="#[1c]">INS_Storage_Sensor</a> from inssolve.o(i.INS_Storage_Sensor) referenced 2 times from inssolve.o(.data)
 <LI><a href="#[1e]">INS_Vel_Resolve</a> from inssolve.o(i.INS_Vel_Resolve) referenced 2 times from inssolve.o(.data)
 <LI><a href="#[b4]">ISR_Tim3_Task</a> from interrupt.o(i.ISR_Tim3_Task) referenced from configinit.o(i.Config_Init)
 <LI><a href="#[b5]">ISR_Tim6_Task</a> from interrupt.o(i.ISR_Tim6_Task) referenced from configinit.o(i.Config_Init)
 <LI><a href="#[ae]">ISR_Usart1_Rx_Task</a> from interrupt.o(i.ISR_Usart1_Rx_Task) referenced from configinit.o(i.Config_Init)
 <LI><a href="#[af]">ISR_Usart1_Tx_Task</a> from interrupt.o(i.ISR_Usart1_Tx_Task) referenced from configinit.o(i.Config_Init)
 <LI><a href="#[b1]">ISR_Usart2_Rx_Task</a> from interrupt.o(i.ISR_Usart2_Rx_Task) referenced from configinit.o(i.Config_Init)
 <LI><a href="#[b2]">ISR_Usart2_Tx_Task</a> from interrupt.o(i.ISR_Usart2_Tx_Task) referenced from configinit.o(i.Config_Init)
 <LI><a href="#[a9]">JPEG_IRQHandler</a> from startup_stm32f767xx.o(.text) referenced from startup_stm32f767xx.o(RESET)
 <LI><a href="#[b]">KFFilter_Cal_State</a> from kffilterinit.o(i.KFFilter_Cal_State) referenced 2 times from kffilterinit.o(.data)
 <LI><a href="#[a]">KFFilter_Init</a> from kffilterinit.o(i.KFFilter_Init) referenced 2 times from kffilterinit.o(.data)
 <LI><a href="#[e]">KFFilter_Measure_Update</a> from kffilter.o(i.KFFilter_Measure_Update) referenced 2 times from kffilterinit.o(.data)
 <LI><a href="#[c]">KFFilter_State_Update</a> from kffilterinit.o(i.KFFilter_State_Update) referenced 2 times from kffilterinit.o(.data)
 <LI><a href="#[d]">KFFilter_Time_Updata</a> from kffilter.o(i.KFFilter_Time_Updata) referenced 2 times from kffilterinit.o(.data)
 <LI><a href="#[9b]">LPTIM1_IRQHandler</a> from startup_stm32f767xx.o(.text) referenced from startup_stm32f767xx.o(RESET)
 <LI><a href="#[97]">LTDC_ER_IRQHandler</a> from startup_stm32f767xx.o(.text) referenced from startup_stm32f767xx.o(RESET)
 <LI><a href="#[96]">LTDC_IRQHandler</a> from startup_stm32f767xx.o(.text) referenced from startup_stm32f767xx.o(RESET)
 <LI><a href="#[aa]">MDIOS_IRQHandler</a> from startup_stm32f767xx.o(.text) referenced from startup_stm32f767xx.o(RESET)
 <LI><a href="#[f]">MagDataAnalysisInit</a> from magdataanalysisinit.o(i.MagDataAnalysisInit) referenced 2 times from magdataanalysisinit.o(.data)
 <LI><a href="#[27]">Matrix_Add</a> from matrix.o(i.Matrix_Add) referenced 2 times from matrix.o(.data)
 <LI><a href="#[2d]">Matrix_Diag</a> from matrix.o(i.Matrix_Diag) referenced 2 times from matrix.o(.data)
 <LI><a href="#[30]">Matrix_EG</a> from matrix.o(i.Matrix_EG) referenced 2 times from matrix.o(.data)
 <LI><a href="#[26]">Matrix_Init</a> from matrixinit.o(i.Matrix_Init) referenced 2 times from matrix.o(.data)
 <LI><a href="#[2a]">Matrix_Inver</a> from matrix.o(i.Matrix_Inver) referenced 2 times from matrix.o(.data)
 <LI><a href="#[29]">Matrix_Mul</a> from matrix.o(i.Matrix_Mul) referenced 2 times from matrix.o(.data)
 <LI><a href="#[2c]">Matrix_Mul_Digit</a> from matrix.o(i.Matrix_Mul_Digit) referenced 2 times from matrix.o(.data)
 <LI><a href="#[2e]">Matrix_Norm</a> from matrix.o(i.Matrix_Norm) referenced 2 times from matrix.o(.data)
 <LI><a href="#[2f]">Matrix_Norm2</a> from matrix.o(i.Matrix_Norm2) referenced 2 times from matrix.o(.data)
 <LI><a href="#[2b]">Matrix_Opp</a> from matrix.o(i.Matrix_Opp) referenced 2 times from matrix.o(.data)
 <LI><a href="#[28]">Matrix_Sub</a> from matrix.o(i.Matrix_Sub) referenced 2 times from matrix.o(.data)
 <LI><a href="#[31]">Matrix_UD</a> from matrix.o(i.Matrix_UD) referenced 2 times from matrix.o(.data)
 <LI><a href="#[38]">MemManage_Handler</a> from stm32f7xx_it.o(i.MemManage_Handler) referenced from startup_stm32f767xx.o(RESET)
 <LI><a href="#[36]">NMI_Handler</a> from stm32f7xx_it.o(i.NMI_Handler) referenced from startup_stm32f767xx.o(RESET)
 <LI><a href="#[82]">OTG_FS_IRQHandler</a> from startup_stm32f767xx.o(.text) referenced from startup_stm32f767xx.o(RESET)
 <LI><a href="#[69]">OTG_FS_WKUP_IRQHandler</a> from startup_stm32f767xx.o(.text) referenced from startup_stm32f767xx.o(RESET)
 <LI><a href="#[8a]">OTG_HS_EP1_IN_IRQHandler</a> from startup_stm32f767xx.o(.text) referenced from startup_stm32f767xx.o(RESET)
 <LI><a href="#[89]">OTG_HS_EP1_OUT_IRQHandler</a> from startup_stm32f767xx.o(.text) referenced from startup_stm32f767xx.o(RESET)
 <LI><a href="#[8c]">OTG_HS_IRQHandler</a> from startup_stm32f767xx.o(.text) referenced from startup_stm32f767xx.o(RESET)
 <LI><a href="#[8b]">OTG_HS_WKUP_IRQHandler</a> from startup_stm32f767xx.o(.text) referenced from startup_stm32f767xx.o(RESET)
 <LI><a href="#[32]">PDRSolve_Init</a> from pdrsolveinit.o(i.PDRSolve_Init) referenced 2 times from pdrsolve.o(.data)
 <LI><a href="#[34]">PDR_Cal</a> from pdrsolveinit.o(i.PDR_Cal) referenced 2 times from pdrsolve.o(.data)
 <LI><a href="#[33]">PDR_Detector</a> from pdrsolve.o(i.PDR_Detector) referenced 2 times from pdrsolve.o(.data)
 <LI><a href="#[40]">PVD_IRQHandler</a> from startup_stm32f767xx.o(.text) referenced from startup_stm32f767xx.o(RESET)
 <LI><a href="#[3d]">PendSV_Handler</a> from stm32f7xx_it.o(i.PendSV_Handler) referenced from startup_stm32f767xx.o(RESET)
 <LI><a href="#[7]">PulseCharge</a> from pulseengine.o(i.PulseCharge) referenced 2 times from pulseengineinit.o(.data)
 <LI><a href="#[9]">PulseCon</a> from pulseengineinit.o(i.PulseCon) referenced 2 times from pulseengineinit.o(.data)
 <LI><a href="#[8]">PulseDisCharge</a> from pulseengine.o(i.PulseDisCharge) referenced 2 times from pulseengineinit.o(.data)
 <LI><a href="#[6]">PulseEngine_Init</a> from pulseengineinit.o(i.PulseEngine_Init) referenced 2 times from pulseengineinit.o(.data)
 <LI><a href="#[9a]">QUADSPI_IRQHandler</a> from startup_stm32f767xx.o(.text) referenced from startup_stm32f767xx.o(RESET)
 <LI><a href="#[44]">RCC_IRQHandler</a> from startup_stm32f767xx.o(.text) referenced from startup_stm32f767xx.o(RESET)
 <LI><a href="#[8e]">RNG_IRQHandler</a> from startup_stm32f767xx.o(.text) referenced from startup_stm32f767xx.o(RESET)
 <LI><a href="#[68]">RTC_Alarm_IRQHandler</a> from startup_stm32f767xx.o(.text) referenced from startup_stm32f767xx.o(RESET)
 <LI><a href="#[42]">RTC_WKUP_IRQHandler</a> from startup_stm32f767xx.o(.text) referenced from startup_stm32f767xx.o(RESET)
 <LI><a href="#[35]">Reset_Handler</a> from startup_stm32f767xx.o(.text) referenced from startup_stm32f767xx.o(RESET)
 <LI><a href="#[95]">SAI1_IRQHandler</a> from startup_stm32f767xx.o(.text) referenced from startup_stm32f767xx.o(RESET)
 <LI><a href="#[99]">SAI2_IRQHandler</a> from startup_stm32f767xx.o(.text) referenced from startup_stm32f767xx.o(RESET)
 <LI><a href="#[70]">SDMMC1_IRQHandler</a> from startup_stm32f767xx.o(.text) referenced from startup_stm32f767xx.o(RESET)
 <LI><a href="#[a4]">SDMMC2_IRQHandler</a> from startup_stm32f767xx.o(.text) referenced from startup_stm32f767xx.o(RESET)
 <LI><a href="#[9f]">SPDIF_RX_IRQHandler</a> from startup_stm32f767xx.o(.text) referenced from startup_stm32f767xx.o(RESET)
 <LI><a href="#[62]">SPI1_IRQHandler</a> from startup_stm32f767xx.o(.text) referenced from startup_stm32f767xx.o(RESET)
 <LI><a href="#[63]">SPI2_IRQHandler</a> from startup_stm32f767xx.o(.text) referenced from startup_stm32f767xx.o(RESET)
 <LI><a href="#[72]">SPI3_IRQHandler</a> from startup_stm32f767xx.o(.text) referenced from startup_stm32f767xx.o(RESET)
 <LI><a href="#[92]">SPI4_IRQHandler</a> from startup_stm32f767xx.o(.text) referenced from startup_stm32f767xx.o(RESET)
 <LI><a href="#[93]">SPI5_IRQHandler</a> from startup_stm32f767xx.o(.text) referenced from startup_stm32f767xx.o(RESET)
 <LI><a href="#[94]">SPI6_IRQHandler</a> from startup_stm32f767xx.o(.text) referenced from startup_stm32f767xx.o(RESET)
 <LI><a href="#[3b]">SVC_Handler</a> from stm32f7xx_it.o(i.SVC_Handler) referenced from startup_stm32f767xx.o(RESET)
 <LI><a href="#[15]">Sensor_Updata</a> from sensorread.o(i.Sensor_Updata) referenced 2 times from sensorreadinit.o(.data)
 <LI><a href="#[15]">Sensor_Updata</a> from sensorread.o(i.Sensor_Updata) referenced from sensorreadinit.o(i.Sensor_Read_Init)
 <LI><a href="#[b9]">Storage_Cali_Par</a> from datastorage.o(i.Storage_Cali_Par) referenced from datalinkinit.o(i.DataLink_Init)
 <LI><a href="#[c1]">Storage_Dev_Par</a> from datastorage.o(i.Storage_Dev_Par) referenced from datalinkinit.o(i.DataLink_Init)
 <LI><a href="#[d5]">Storage_Res_Par</a> from datastorage.o(i.Storage_Res_Par) referenced from datalinkinit.o(i.DataLink_Init)
 <LI><a href="#[b7]">Storage_Setting_Par</a> from datastorage.o(i.Storage_Setting_Par) referenced from datalinkinit.o(i.DataLink_Init)
 <LI><a href="#[d2]">Storage_User_Par</a> from datastorage.o(i.Storage_User_Par) referenced from datalinkinit.o(i.DataLink_Init)
 <LI><a href="#[3e]">SysTick_Handler</a> from stm32f7xx_it.o(i.SysTick_Handler) referenced from startup_stm32f767xx.o(RESET)
 <LI><a href="#[ac]">SystemInit</a> from system_stm32f7xx.o(i.SystemInit) referenced from startup_stm32f767xx.o(.text)
 <LI><a href="#[41]">TAMP_STAMP_IRQHandler</a> from startup_stm32f767xx.o(.text) referenced from startup_stm32f767xx.o(RESET)
 <LI><a href="#[57]">TIM1_BRK_TIM9_IRQHandler</a> from startup_stm32f767xx.o(.text) referenced from startup_stm32f767xx.o(RESET)
 <LI><a href="#[5a]">TIM1_CC_IRQHandler</a> from startup_stm32f767xx.o(.text) referenced from startup_stm32f767xx.o(RESET)
 <LI><a href="#[59]">TIM1_TRG_COM_TIM11_IRQHandler</a> from startup_stm32f767xx.o(.text) referenced from startup_stm32f767xx.o(RESET)
 <LI><a href="#[58]">TIM1_UP_TIM10_IRQHandler</a> from startup_stm32f767xx.o(.text) referenced from startup_stm32f767xx.o(RESET)
 <LI><a href="#[5b]">TIM2_IRQHandler</a> from startup_stm32f767xx.o(.text) referenced from startup_stm32f767xx.o(RESET)
 <LI><a href="#[5c]">TIM3_IRQHandler</a> from stm32f7xx_it.o(i.TIM3_IRQHandler) referenced from startup_stm32f767xx.o(RESET)
 <LI><a href="#[5d]">TIM4_IRQHandler</a> from startup_stm32f767xx.o(.text) referenced from startup_stm32f767xx.o(RESET)
 <LI><a href="#[71]">TIM5_IRQHandler</a> from startup_stm32f767xx.o(.text) referenced from startup_stm32f767xx.o(RESET)
 <LI><a href="#[75]">TIM6_DAC_IRQHandler</a> from stm32f7xx_it.o(i.TIM6_DAC_IRQHandler) referenced from startup_stm32f767xx.o(RESET)
 <LI><a href="#[76]">TIM7_IRQHandler</a> from startup_stm32f767xx.o(.text) referenced from startup_stm32f767xx.o(RESET)
 <LI><a href="#[6a]">TIM8_BRK_TIM12_IRQHandler</a> from startup_stm32f767xx.o(.text) referenced from startup_stm32f767xx.o(RESET)
 <LI><a href="#[6d]">TIM8_CC_IRQHandler</a> from startup_stm32f767xx.o(.text) referenced from startup_stm32f767xx.o(RESET)
 <LI><a href="#[6c]">TIM8_TRG_COM_TIM14_IRQHandler</a> from startup_stm32f767xx.o(.text) referenced from startup_stm32f767xx.o(RESET)
 <LI><a href="#[6b]">TIM8_UP_TIM13_IRQHandler</a> from startup_stm32f767xx.o(.text) referenced from startup_stm32f767xx.o(RESET)
 <LI><a href="#[18]">Task_Activate</a> from tasksequence.o(i.Task_Activate) referenced 2 times from tasksequence.o(.data)
 <LI><a href="#[16]">Task_Create</a> from tasksequence.o(i.Task_Create) referenced 2 times from tasksequence.o(.data)
 <LI><a href="#[17]">Task_Delete</a> from tasksequence.o(i.Task_Delete) referenced 2 times from tasksequence.o(.data)
 <LI><a href="#[11]">Time_Detector</a> from magdataanalysis.o(i.Time_Detector) referenced 2 times from magdataanalysisinit.o(.data)
 <LI><a href="#[e5]">Transmit_Ask_To_PC</a> from transmitdata.o(i.Transmit_Ask_To_PC) referenced from tasksequenceinit.o(i.TaskSequence_Init)
 <LI><a href="#[e3]">Transmit_Data_To_PC</a> from transmitdata.o(i.Transmit_Data_To_PC) referenced from tasksequenceinit.o(i.TaskSequence_Init)
 <LI><a href="#[73]">UART4_IRQHandler</a> from startup_stm32f767xx.o(.text) referenced from startup_stm32f767xx.o(RESET)
 <LI><a href="#[74]">UART5_IRQHandler</a> from startup_stm32f767xx.o(.text) referenced from startup_stm32f767xx.o(RESET)
 <LI><a href="#[90]">UART7_IRQHandler</a> from startup_stm32f767xx.o(.text) referenced from startup_stm32f767xx.o(RESET)
 <LI><a href="#[91]">UART8_IRQHandler</a> from startup_stm32f767xx.o(.text) referenced from startup_stm32f767xx.o(RESET)
 <LI><a href="#[dc]">UART_DMAAbortOnError</a> from stm32f7xx_hal_uart.o(i.UART_DMAAbortOnError) referenced from stm32f7xx_hal_uart.o(i.HAL_UART_IRQHandler)
 <LI><a href="#[df]">UART_DMAError</a> from stm32f7xx_hal_uart.o(i.UART_DMAError) referenced from stm32f7xx_hal_uart.o(i.HAL_UART_Receive_DMA)
 <LI><a href="#[df]">UART_DMAError</a> from stm32f7xx_hal_uart.o(i.UART_DMAError) referenced from stm32f7xx_hal_uart.o(i.HAL_UART_Transmit_DMA)
 <LI><a href="#[dd]">UART_DMAReceiveCplt</a> from stm32f7xx_hal_uart.o(i.UART_DMAReceiveCplt) referenced from stm32f7xx_hal_uart.o(i.HAL_UART_Receive_DMA)
 <LI><a href="#[de]">UART_DMARxHalfCplt</a> from stm32f7xx_hal_uart.o(i.UART_DMARxHalfCplt) referenced from stm32f7xx_hal_uart.o(i.HAL_UART_Receive_DMA)
 <LI><a href="#[e0]">UART_DMATransmitCplt</a> from stm32f7xx_hal_uart.o(i.UART_DMATransmitCplt) referenced from stm32f7xx_hal_uart.o(i.HAL_UART_Transmit_DMA)
 <LI><a href="#[e1]">UART_DMATxHalfCplt</a> from stm32f7xx_hal_uart.o(i.UART_DMATxHalfCplt) referenced from stm32f7xx_hal_uart.o(i.HAL_UART_Transmit_DMA)
 <LI><a href="#[64]">USART1_IRQHandler</a> from stm32f7xx_it.o(i.USART1_IRQHandler) referenced from startup_stm32f767xx.o(RESET)
 <LI><a href="#[65]">USART2_IRQHandler</a> from stm32f7xx_it.o(i.USART2_IRQHandler) referenced from startup_stm32f767xx.o(RESET)
 <LI><a href="#[66]">USART3_IRQHandler</a> from startup_stm32f767xx.o(.text) referenced from startup_stm32f767xx.o(RESET)
 <LI><a href="#[86]">USART6_IRQHandler</a> from startup_stm32f767xx.o(.text) referenced from startup_stm32f767xx.o(RESET)
 <LI><a href="#[10]">USERData_Update</a> from magdataanalysisinit.o(i.USERData_Update) referenced 2 times from magdataanalysisinit.o(.data)
 <LI><a href="#[3a]">UsageFault_Handler</a> from stm32f7xx_it.o(i.UsageFault_Handler) referenced from startup_stm32f767xx.o(RESET)
 <LI><a href="#[3f]">WWDG_IRQHandler</a> from startup_stm32f767xx.o(.text) referenced from startup_stm32f767xx.o(RESET)
 <LI><a href="#[ad]">__main</a> from entry.o(.ARM.Collect$$$$00000000) referenced from startup_stm32f767xx.o(.text)
 <LI><a href="#[25]">euler2rotation</a> from inssolve.o(i.euler2rotation) referenced 2 times from inssolve.o(.data)
 <LI><a href="#[ab]">main</a> from main.o(i.main) referenced from entry9a.o(.ARM.Collect$$$$0000000B)
 <LI><a href="#[22]">quat2rotation</a> from inssolve.o(i.quat2rotation) referenced 2 times from inssolve.o(.data)
 <LI><a href="#[23]">rotation2euler</a> from inssolve.o(i.rotation2euler) referenced 2 times from inssolve.o(.data)
 <LI><a href="#[24]">rotation2quat</a> from inssolve.o(i.rotation2quat) referenced 2 times from inssolve.o(.data)
</UL>
<P>
<H3>
Global Symbols
</H3>
<P><STRONG><a name="[ad]"></a>__main</STRONG> (Thumb, 0 bytes, Stack size unknown bytes, entry.o(.ARM.Collect$$$$00000000))
<BR>[Address Reference Count : 1]<UL><LI> startup_stm32f767xx.o(.text)
</UL>
<P><STRONG><a name="[1ae]"></a>_main_stk</STRONG> (Thumb, 0 bytes, Stack size unknown bytes, entry2.o(.ARM.Collect$$$$00000001))

<P><STRONG><a name="[eb]"></a>_main_scatterload</STRONG> (Thumb, 0 bytes, Stack size unknown bytes, entry5.o(.ARM.Collect$$$$00000004))
<BR><BR>[Calls]<UL><LI><a href="#[ec]">&gt;&gt;</a>&nbsp;&nbsp;&nbsp;__scatterload
</UL>

<P><STRONG><a name="[f3]"></a>__main_after_scatterload</STRONG> (Thumb, 0 bytes, Stack size unknown bytes, entry5.o(.ARM.Collect$$$$00000004))
<BR><BR>[Called By]<UL><LI><a href="#[ec]">&gt;&gt;</a>&nbsp;&nbsp;&nbsp;__scatterload
</UL>

<P><STRONG><a name="[1af]"></a>_main_clock</STRONG> (Thumb, 0 bytes, Stack size unknown bytes, entry7b.o(.ARM.Collect$$$$00000008))

<P><STRONG><a name="[1b0]"></a>_main_cpp_init</STRONG> (Thumb, 0 bytes, Stack size unknown bytes, entry8b.o(.ARM.Collect$$$$0000000A))

<P><STRONG><a name="[1b1]"></a>_main_init</STRONG> (Thumb, 0 bytes, Stack size unknown bytes, entry9a.o(.ARM.Collect$$$$0000000B))

<P><STRONG><a name="[1b2]"></a>__rt_final_cpp</STRONG> (Thumb, 0 bytes, Stack size unknown bytes, entry10a.o(.ARM.Collect$$$$0000000D))

<P><STRONG><a name="[1b3]"></a>__rt_final_exit</STRONG> (Thumb, 0 bytes, Stack size unknown bytes, entry11a.o(.ARM.Collect$$$$0000000F))

<P><STRONG><a name="[35]"></a>Reset_Handler</STRONG> (Thumb, 8 bytes, Stack size 0 bytes, startup_stm32f767xx.o(.text))
<BR>[Address Reference Count : 1]<UL><LI> startup_stm32f767xx.o(RESET)
</UL>
<P><STRONG><a name="[51]"></a>ADC_IRQHandler</STRONG> (Thumb, 0 bytes, Stack size 0 bytes, startup_stm32f767xx.o(.text))
<BR><BR>[Calls]<UL><LI><a href="#[51]">&gt;&gt;</a>&nbsp;&nbsp;&nbsp;ADC_IRQHandler
</UL>
<BR>[Called By]<UL><LI><a href="#[51]">&gt;&gt;</a>&nbsp;&nbsp;&nbsp;ADC_IRQHandler
</UL>
<BR>[Address Reference Count : 1]<UL><LI> startup_stm32f767xx.o(RESET)
</UL>
<P><STRONG><a name="[53]"></a>CAN1_RX0_IRQHandler</STRONG> (Thumb, 0 bytes, Stack size 0 bytes, startup_stm32f767xx.o(.text))
<BR>[Address Reference Count : 1]<UL><LI> startup_stm32f767xx.o(RESET)
</UL>
<P><STRONG><a name="[54]"></a>CAN1_RX1_IRQHandler</STRONG> (Thumb, 0 bytes, Stack size 0 bytes, startup_stm32f767xx.o(.text))
<BR>[Address Reference Count : 1]<UL><LI> startup_stm32f767xx.o(RESET)
</UL>
<P><STRONG><a name="[55]"></a>CAN1_SCE_IRQHandler</STRONG> (Thumb, 0 bytes, Stack size 0 bytes, startup_stm32f767xx.o(.text))
<BR>[Address Reference Count : 1]<UL><LI> startup_stm32f767xx.o(RESET)
</UL>
<P><STRONG><a name="[52]"></a>CAN1_TX_IRQHandler</STRONG> (Thumb, 0 bytes, Stack size 0 bytes, startup_stm32f767xx.o(.text))
<BR>[Address Reference Count : 1]<UL><LI> startup_stm32f767xx.o(RESET)
</UL>
<P><STRONG><a name="[7f]"></a>CAN2_RX0_IRQHandler</STRONG> (Thumb, 0 bytes, Stack size 0 bytes, startup_stm32f767xx.o(.text))
<BR>[Address Reference Count : 1]<UL><LI> startup_stm32f767xx.o(RESET)
</UL>
<P><STRONG><a name="[80]"></a>CAN2_RX1_IRQHandler</STRONG> (Thumb, 0 bytes, Stack size 0 bytes, startup_stm32f767xx.o(.text))
<BR>[Address Reference Count : 1]<UL><LI> startup_stm32f767xx.o(RESET)
</UL>
<P><STRONG><a name="[81]"></a>CAN2_SCE_IRQHandler</STRONG> (Thumb, 0 bytes, Stack size 0 bytes, startup_stm32f767xx.o(.text))
<BR>[Address Reference Count : 1]<UL><LI> startup_stm32f767xx.o(RESET)
</UL>
<P><STRONG><a name="[7e]"></a>CAN2_TX_IRQHandler</STRONG> (Thumb, 0 bytes, Stack size 0 bytes, startup_stm32f767xx.o(.text))
<BR>[Address Reference Count : 1]<UL><LI> startup_stm32f767xx.o(RESET)
</UL>
<P><STRONG><a name="[a6]"></a>CAN3_RX0_IRQHandler</STRONG> (Thumb, 0 bytes, Stack size 0 bytes, startup_stm32f767xx.o(.text))
<BR>[Address Reference Count : 1]<UL><LI> startup_stm32f767xx.o(RESET)
</UL>
<P><STRONG><a name="[a7]"></a>CAN3_RX1_IRQHandler</STRONG> (Thumb, 0 bytes, Stack size 0 bytes, startup_stm32f767xx.o(.text))
<BR>[Address Reference Count : 1]<UL><LI> startup_stm32f767xx.o(RESET)
</UL>
<P><STRONG><a name="[a8]"></a>CAN3_SCE_IRQHandler</STRONG> (Thumb, 0 bytes, Stack size 0 bytes, startup_stm32f767xx.o(.text))
<BR>[Address Reference Count : 1]<UL><LI> startup_stm32f767xx.o(RESET)
</UL>
<P><STRONG><a name="[a5]"></a>CAN3_TX_IRQHandler</STRONG> (Thumb, 0 bytes, Stack size 0 bytes, startup_stm32f767xx.o(.text))
<BR>[Address Reference Count : 1]<UL><LI> startup_stm32f767xx.o(RESET)
</UL>
<P><STRONG><a name="[9c]"></a>CEC_IRQHandler</STRONG> (Thumb, 0 bytes, Stack size 0 bytes, startup_stm32f767xx.o(.text))
<BR>[Address Reference Count : 1]<UL><LI> startup_stm32f767xx.o(RESET)
</UL>
<P><STRONG><a name="[8d]"></a>DCMI_IRQHandler</STRONG> (Thumb, 0 bytes, Stack size 0 bytes, startup_stm32f767xx.o(.text))
<BR>[Address Reference Count : 1]<UL><LI> startup_stm32f767xx.o(RESET)
</UL>
<P><STRONG><a name="[a0]"></a>DFSDM1_FLT0_IRQHandler</STRONG> (Thumb, 0 bytes, Stack size 0 bytes, startup_stm32f767xx.o(.text))
<BR>[Address Reference Count : 1]<UL><LI> startup_stm32f767xx.o(RESET)
</UL>
<P><STRONG><a name="[a1]"></a>DFSDM1_FLT1_IRQHandler</STRONG> (Thumb, 0 bytes, Stack size 0 bytes, startup_stm32f767xx.o(.text))
<BR>[Address Reference Count : 1]<UL><LI> startup_stm32f767xx.o(RESET)
</UL>
<P><STRONG><a name="[a2]"></a>DFSDM1_FLT2_IRQHandler</STRONG> (Thumb, 0 bytes, Stack size 0 bytes, startup_stm32f767xx.o(.text))
<BR>[Address Reference Count : 1]<UL><LI> startup_stm32f767xx.o(RESET)
</UL>
<P><STRONG><a name="[a3]"></a>DFSDM1_FLT3_IRQHandler</STRONG> (Thumb, 0 bytes, Stack size 0 bytes, startup_stm32f767xx.o(.text))
<BR>[Address Reference Count : 1]<UL><LI> startup_stm32f767xx.o(RESET)
</UL>
<P><STRONG><a name="[4a]"></a>DMA1_Stream0_IRQHandler</STRONG> (Thumb, 0 bytes, Stack size 0 bytes, startup_stm32f767xx.o(.text))
<BR>[Address Reference Count : 1]<UL><LI> startup_stm32f767xx.o(RESET)
</UL>
<P><STRONG><a name="[4b]"></a>DMA1_Stream1_IRQHandler</STRONG> (Thumb, 0 bytes, Stack size 0 bytes, startup_stm32f767xx.o(.text))
<BR>[Address Reference Count : 1]<UL><LI> startup_stm32f767xx.o(RESET)
</UL>
<P><STRONG><a name="[4c]"></a>DMA1_Stream2_IRQHandler</STRONG> (Thumb, 0 bytes, Stack size 0 bytes, startup_stm32f767xx.o(.text))
<BR>[Address Reference Count : 1]<UL><LI> startup_stm32f767xx.o(RESET)
</UL>
<P><STRONG><a name="[4d]"></a>DMA1_Stream3_IRQHandler</STRONG> (Thumb, 0 bytes, Stack size 0 bytes, startup_stm32f767xx.o(.text))
<BR>[Address Reference Count : 1]<UL><LI> startup_stm32f767xx.o(RESET)
</UL>
<P><STRONG><a name="[4e]"></a>DMA1_Stream4_IRQHandler</STRONG> (Thumb, 0 bytes, Stack size 0 bytes, startup_stm32f767xx.o(.text))
<BR>[Address Reference Count : 1]<UL><LI> startup_stm32f767xx.o(RESET)
</UL>
<P><STRONG><a name="[50]"></a>DMA1_Stream6_IRQHandler</STRONG> (Thumb, 0 bytes, Stack size 0 bytes, startup_stm32f767xx.o(.text))
<BR>[Address Reference Count : 1]<UL><LI> startup_stm32f767xx.o(RESET)
</UL>
<P><STRONG><a name="[6e]"></a>DMA1_Stream7_IRQHandler</STRONG> (Thumb, 0 bytes, Stack size 0 bytes, startup_stm32f767xx.o(.text))
<BR>[Address Reference Count : 1]<UL><LI> startup_stm32f767xx.o(RESET)
</UL>
<P><STRONG><a name="[98]"></a>DMA2D_IRQHandler</STRONG> (Thumb, 0 bytes, Stack size 0 bytes, startup_stm32f767xx.o(.text))
<BR>[Address Reference Count : 1]<UL><LI> startup_stm32f767xx.o(RESET)
</UL>
<P><STRONG><a name="[77]"></a>DMA2_Stream0_IRQHandler</STRONG> (Thumb, 0 bytes, Stack size 0 bytes, startup_stm32f767xx.o(.text))
<BR>[Address Reference Count : 1]<UL><LI> startup_stm32f767xx.o(RESET)
</UL>
<P><STRONG><a name="[78]"></a>DMA2_Stream1_IRQHandler</STRONG> (Thumb, 0 bytes, Stack size 0 bytes, startup_stm32f767xx.o(.text))
<BR>[Address Reference Count : 1]<UL><LI> startup_stm32f767xx.o(RESET)
</UL>
<P><STRONG><a name="[7a]"></a>DMA2_Stream3_IRQHandler</STRONG> (Thumb, 0 bytes, Stack size 0 bytes, startup_stm32f767xx.o(.text))
<BR>[Address Reference Count : 1]<UL><LI> startup_stm32f767xx.o(RESET)
</UL>
<P><STRONG><a name="[7b]"></a>DMA2_Stream4_IRQHandler</STRONG> (Thumb, 0 bytes, Stack size 0 bytes, startup_stm32f767xx.o(.text))
<BR>[Address Reference Count : 1]<UL><LI> startup_stm32f767xx.o(RESET)
</UL>
<P><STRONG><a name="[83]"></a>DMA2_Stream5_IRQHandler</STRONG> (Thumb, 0 bytes, Stack size 0 bytes, startup_stm32f767xx.o(.text))
<BR>[Address Reference Count : 1]<UL><LI> startup_stm32f767xx.o(RESET)
</UL>
<P><STRONG><a name="[84]"></a>DMA2_Stream6_IRQHandler</STRONG> (Thumb, 0 bytes, Stack size 0 bytes, startup_stm32f767xx.o(.text))
<BR>[Address Reference Count : 1]<UL><LI> startup_stm32f767xx.o(RESET)
</UL>
<P><STRONG><a name="[7c]"></a>ETH_IRQHandler</STRONG> (Thumb, 0 bytes, Stack size 0 bytes, startup_stm32f767xx.o(.text))
<BR>[Address Reference Count : 1]<UL><LI> startup_stm32f767xx.o(RESET)
</UL>
<P><STRONG><a name="[7d]"></a>ETH_WKUP_IRQHandler</STRONG> (Thumb, 0 bytes, Stack size 0 bytes, startup_stm32f767xx.o(.text))
<BR>[Address Reference Count : 1]<UL><LI> startup_stm32f767xx.o(RESET)
</UL>
<P><STRONG><a name="[45]"></a>EXTI0_IRQHandler</STRONG> (Thumb, 0 bytes, Stack size 0 bytes, startup_stm32f767xx.o(.text))
<BR>[Address Reference Count : 1]<UL><LI> startup_stm32f767xx.o(RESET)
</UL>
<P><STRONG><a name="[67]"></a>EXTI15_10_IRQHandler</STRONG> (Thumb, 0 bytes, Stack size 0 bytes, startup_stm32f767xx.o(.text))
<BR>[Address Reference Count : 1]<UL><LI> startup_stm32f767xx.o(RESET)
</UL>
<P><STRONG><a name="[46]"></a>EXTI1_IRQHandler</STRONG> (Thumb, 0 bytes, Stack size 0 bytes, startup_stm32f767xx.o(.text))
<BR>[Address Reference Count : 1]<UL><LI> startup_stm32f767xx.o(RESET)
</UL>
<P><STRONG><a name="[47]"></a>EXTI2_IRQHandler</STRONG> (Thumb, 0 bytes, Stack size 0 bytes, startup_stm32f767xx.o(.text))
<BR>[Address Reference Count : 1]<UL><LI> startup_stm32f767xx.o(RESET)
</UL>
<P><STRONG><a name="[48]"></a>EXTI3_IRQHandler</STRONG> (Thumb, 0 bytes, Stack size 0 bytes, startup_stm32f767xx.o(.text))
<BR>[Address Reference Count : 1]<UL><LI> startup_stm32f767xx.o(RESET)
</UL>
<P><STRONG><a name="[49]"></a>EXTI4_IRQHandler</STRONG> (Thumb, 0 bytes, Stack size 0 bytes, startup_stm32f767xx.o(.text))
<BR>[Address Reference Count : 1]<UL><LI> startup_stm32f767xx.o(RESET)
</UL>
<P><STRONG><a name="[43]"></a>FLASH_IRQHandler</STRONG> (Thumb, 0 bytes, Stack size 0 bytes, startup_stm32f767xx.o(.text))
<BR>[Address Reference Count : 1]<UL><LI> startup_stm32f767xx.o(RESET)
</UL>
<P><STRONG><a name="[6f]"></a>FMC_IRQHandler</STRONG> (Thumb, 0 bytes, Stack size 0 bytes, startup_stm32f767xx.o(.text))
<BR>[Address Reference Count : 1]<UL><LI> startup_stm32f767xx.o(RESET)
</UL>
<P><STRONG><a name="[8f]"></a>FPU_IRQHandler</STRONG> (Thumb, 0 bytes, Stack size 0 bytes, startup_stm32f767xx.o(.text))
<BR>[Address Reference Count : 1]<UL><LI> startup_stm32f767xx.o(RESET)
</UL>
<P><STRONG><a name="[5f]"></a>I2C1_ER_IRQHandler</STRONG> (Thumb, 0 bytes, Stack size 0 bytes, startup_stm32f767xx.o(.text))
<BR>[Address Reference Count : 1]<UL><LI> startup_stm32f767xx.o(RESET)
</UL>
<P><STRONG><a name="[5e]"></a>I2C1_EV_IRQHandler</STRONG> (Thumb, 0 bytes, Stack size 0 bytes, startup_stm32f767xx.o(.text))
<BR>[Address Reference Count : 1]<UL><LI> startup_stm32f767xx.o(RESET)
</UL>
<P><STRONG><a name="[61]"></a>I2C2_ER_IRQHandler</STRONG> (Thumb, 0 bytes, Stack size 0 bytes, startup_stm32f767xx.o(.text))
<BR>[Address Reference Count : 1]<UL><LI> startup_stm32f767xx.o(RESET)
</UL>
<P><STRONG><a name="[60]"></a>I2C2_EV_IRQHandler</STRONG> (Thumb, 0 bytes, Stack size 0 bytes, startup_stm32f767xx.o(.text))
<BR>[Address Reference Count : 1]<UL><LI> startup_stm32f767xx.o(RESET)
</UL>
<P><STRONG><a name="[88]"></a>I2C3_ER_IRQHandler</STRONG> (Thumb, 0 bytes, Stack size 0 bytes, startup_stm32f767xx.o(.text))
<BR>[Address Reference Count : 1]<UL><LI> startup_stm32f767xx.o(RESET)
</UL>
<P><STRONG><a name="[87]"></a>I2C3_EV_IRQHandler</STRONG> (Thumb, 0 bytes, Stack size 0 bytes, startup_stm32f767xx.o(.text))
<BR>[Address Reference Count : 1]<UL><LI> startup_stm32f767xx.o(RESET)
</UL>
<P><STRONG><a name="[9e]"></a>I2C4_ER_IRQHandler</STRONG> (Thumb, 0 bytes, Stack size 0 bytes, startup_stm32f767xx.o(.text))
<BR>[Address Reference Count : 1]<UL><LI> startup_stm32f767xx.o(RESET)
</UL>
<P><STRONG><a name="[9d]"></a>I2C4_EV_IRQHandler</STRONG> (Thumb, 0 bytes, Stack size 0 bytes, startup_stm32f767xx.o(.text))
<BR>[Address Reference Count : 1]<UL><LI> startup_stm32f767xx.o(RESET)
</UL>
<P><STRONG><a name="[a9]"></a>JPEG_IRQHandler</STRONG> (Thumb, 0 bytes, Stack size 0 bytes, startup_stm32f767xx.o(.text))
<BR>[Address Reference Count : 1]<UL><LI> startup_stm32f767xx.o(RESET)
</UL>
<P><STRONG><a name="[9b]"></a>LPTIM1_IRQHandler</STRONG> (Thumb, 0 bytes, Stack size 0 bytes, startup_stm32f767xx.o(.text))
<BR>[Address Reference Count : 1]<UL><LI> startup_stm32f767xx.o(RESET)
</UL>
<P><STRONG><a name="[97]"></a>LTDC_ER_IRQHandler</STRONG> (Thumb, 0 bytes, Stack size 0 bytes, startup_stm32f767xx.o(.text))
<BR>[Address Reference Count : 1]<UL><LI> startup_stm32f767xx.o(RESET)
</UL>
<P><STRONG><a name="[96]"></a>LTDC_IRQHandler</STRONG> (Thumb, 0 bytes, Stack size 0 bytes, startup_stm32f767xx.o(.text))
<BR>[Address Reference Count : 1]<UL><LI> startup_stm32f767xx.o(RESET)
</UL>
<P><STRONG><a name="[aa]"></a>MDIOS_IRQHandler</STRONG> (Thumb, 0 bytes, Stack size 0 bytes, startup_stm32f767xx.o(.text))
<BR>[Address Reference Count : 1]<UL><LI> startup_stm32f767xx.o(RESET)
</UL>
<P><STRONG><a name="[82]"></a>OTG_FS_IRQHandler</STRONG> (Thumb, 0 bytes, Stack size 0 bytes, startup_stm32f767xx.o(.text))
<BR>[Address Reference Count : 1]<UL><LI> startup_stm32f767xx.o(RESET)
</UL>
<P><STRONG><a name="[69]"></a>OTG_FS_WKUP_IRQHandler</STRONG> (Thumb, 0 bytes, Stack size 0 bytes, startup_stm32f767xx.o(.text))
<BR>[Address Reference Count : 1]<UL><LI> startup_stm32f767xx.o(RESET)
</UL>
<P><STRONG><a name="[8a]"></a>OTG_HS_EP1_IN_IRQHandler</STRONG> (Thumb, 0 bytes, Stack size 0 bytes, startup_stm32f767xx.o(.text))
<BR>[Address Reference Count : 1]<UL><LI> startup_stm32f767xx.o(RESET)
</UL>
<P><STRONG><a name="[89]"></a>OTG_HS_EP1_OUT_IRQHandler</STRONG> (Thumb, 0 bytes, Stack size 0 bytes, startup_stm32f767xx.o(.text))
<BR>[Address Reference Count : 1]<UL><LI> startup_stm32f767xx.o(RESET)
</UL>
<P><STRONG><a name="[8c]"></a>OTG_HS_IRQHandler</STRONG> (Thumb, 0 bytes, Stack size 0 bytes, startup_stm32f767xx.o(.text))
<BR>[Address Reference Count : 1]<UL><LI> startup_stm32f767xx.o(RESET)
</UL>
<P><STRONG><a name="[8b]"></a>OTG_HS_WKUP_IRQHandler</STRONG> (Thumb, 0 bytes, Stack size 0 bytes, startup_stm32f767xx.o(.text))
<BR>[Address Reference Count : 1]<UL><LI> startup_stm32f767xx.o(RESET)
</UL>
<P><STRONG><a name="[40]"></a>PVD_IRQHandler</STRONG> (Thumb, 0 bytes, Stack size 0 bytes, startup_stm32f767xx.o(.text))
<BR>[Address Reference Count : 1]<UL><LI> startup_stm32f767xx.o(RESET)
</UL>
<P><STRONG><a name="[9a]"></a>QUADSPI_IRQHandler</STRONG> (Thumb, 0 bytes, Stack size 0 bytes, startup_stm32f767xx.o(.text))
<BR>[Address Reference Count : 1]<UL><LI> startup_stm32f767xx.o(RESET)
</UL>
<P><STRONG><a name="[44]"></a>RCC_IRQHandler</STRONG> (Thumb, 0 bytes, Stack size 0 bytes, startup_stm32f767xx.o(.text))
<BR>[Address Reference Count : 1]<UL><LI> startup_stm32f767xx.o(RESET)
</UL>
<P><STRONG><a name="[8e]"></a>RNG_IRQHandler</STRONG> (Thumb, 0 bytes, Stack size 0 bytes, startup_stm32f767xx.o(.text))
<BR>[Address Reference Count : 1]<UL><LI> startup_stm32f767xx.o(RESET)
</UL>
<P><STRONG><a name="[68]"></a>RTC_Alarm_IRQHandler</STRONG> (Thumb, 0 bytes, Stack size 0 bytes, startup_stm32f767xx.o(.text))
<BR>[Address Reference Count : 1]<UL><LI> startup_stm32f767xx.o(RESET)
</UL>
<P><STRONG><a name="[42]"></a>RTC_WKUP_IRQHandler</STRONG> (Thumb, 0 bytes, Stack size 0 bytes, startup_stm32f767xx.o(.text))
<BR>[Address Reference Count : 1]<UL><LI> startup_stm32f767xx.o(RESET)
</UL>
<P><STRONG><a name="[95]"></a>SAI1_IRQHandler</STRONG> (Thumb, 0 bytes, Stack size 0 bytes, startup_stm32f767xx.o(.text))
<BR>[Address Reference Count : 1]<UL><LI> startup_stm32f767xx.o(RESET)
</UL>
<P><STRONG><a name="[99]"></a>SAI2_IRQHandler</STRONG> (Thumb, 0 bytes, Stack size 0 bytes, startup_stm32f767xx.o(.text))
<BR>[Address Reference Count : 1]<UL><LI> startup_stm32f767xx.o(RESET)
</UL>
<P><STRONG><a name="[70]"></a>SDMMC1_IRQHandler</STRONG> (Thumb, 0 bytes, Stack size 0 bytes, startup_stm32f767xx.o(.text))
<BR>[Address Reference Count : 1]<UL><LI> startup_stm32f767xx.o(RESET)
</UL>
<P><STRONG><a name="[a4]"></a>SDMMC2_IRQHandler</STRONG> (Thumb, 0 bytes, Stack size 0 bytes, startup_stm32f767xx.o(.text))
<BR>[Address Reference Count : 1]<UL><LI> startup_stm32f767xx.o(RESET)
</UL>
<P><STRONG><a name="[9f]"></a>SPDIF_RX_IRQHandler</STRONG> (Thumb, 0 bytes, Stack size 0 bytes, startup_stm32f767xx.o(.text))
<BR>[Address Reference Count : 1]<UL><LI> startup_stm32f767xx.o(RESET)
</UL>
<P><STRONG><a name="[62]"></a>SPI1_IRQHandler</STRONG> (Thumb, 0 bytes, Stack size 0 bytes, startup_stm32f767xx.o(.text))
<BR>[Address Reference Count : 1]<UL><LI> startup_stm32f767xx.o(RESET)
</UL>
<P><STRONG><a name="[63]"></a>SPI2_IRQHandler</STRONG> (Thumb, 0 bytes, Stack size 0 bytes, startup_stm32f767xx.o(.text))
<BR>[Address Reference Count : 1]<UL><LI> startup_stm32f767xx.o(RESET)
</UL>
<P><STRONG><a name="[72]"></a>SPI3_IRQHandler</STRONG> (Thumb, 0 bytes, Stack size 0 bytes, startup_stm32f767xx.o(.text))
<BR>[Address Reference Count : 1]<UL><LI> startup_stm32f767xx.o(RESET)
</UL>
<P><STRONG><a name="[92]"></a>SPI4_IRQHandler</STRONG> (Thumb, 0 bytes, Stack size 0 bytes, startup_stm32f767xx.o(.text))
<BR>[Address Reference Count : 1]<UL><LI> startup_stm32f767xx.o(RESET)
</UL>
<P><STRONG><a name="[93]"></a>SPI5_IRQHandler</STRONG> (Thumb, 0 bytes, Stack size 0 bytes, startup_stm32f767xx.o(.text))
<BR>[Address Reference Count : 1]<UL><LI> startup_stm32f767xx.o(RESET)
</UL>
<P><STRONG><a name="[94]"></a>SPI6_IRQHandler</STRONG> (Thumb, 0 bytes, Stack size 0 bytes, startup_stm32f767xx.o(.text))
<BR>[Address Reference Count : 1]<UL><LI> startup_stm32f767xx.o(RESET)
</UL>
<P><STRONG><a name="[41]"></a>TAMP_STAMP_IRQHandler</STRONG> (Thumb, 0 bytes, Stack size 0 bytes, startup_stm32f767xx.o(.text))
<BR>[Address Reference Count : 1]<UL><LI> startup_stm32f767xx.o(RESET)
</UL>
<P><STRONG><a name="[57]"></a>TIM1_BRK_TIM9_IRQHandler</STRONG> (Thumb, 0 bytes, Stack size 0 bytes, startup_stm32f767xx.o(.text))
<BR>[Address Reference Count : 1]<UL><LI> startup_stm32f767xx.o(RESET)
</UL>
<P><STRONG><a name="[5a]"></a>TIM1_CC_IRQHandler</STRONG> (Thumb, 0 bytes, Stack size 0 bytes, startup_stm32f767xx.o(.text))
<BR>[Address Reference Count : 1]<UL><LI> startup_stm32f767xx.o(RESET)
</UL>
<P><STRONG><a name="[59]"></a>TIM1_TRG_COM_TIM11_IRQHandler</STRONG> (Thumb, 0 bytes, Stack size 0 bytes, startup_stm32f767xx.o(.text))
<BR>[Address Reference Count : 1]<UL><LI> startup_stm32f767xx.o(RESET)
</UL>
<P><STRONG><a name="[58]"></a>TIM1_UP_TIM10_IRQHandler</STRONG> (Thumb, 0 bytes, Stack size 0 bytes, startup_stm32f767xx.o(.text))
<BR>[Address Reference Count : 1]<UL><LI> startup_stm32f767xx.o(RESET)
</UL>
<P><STRONG><a name="[5b]"></a>TIM2_IRQHandler</STRONG> (Thumb, 0 bytes, Stack size 0 bytes, startup_stm32f767xx.o(.text))
<BR>[Address Reference Count : 1]<UL><LI> startup_stm32f767xx.o(RESET)
</UL>
<P><STRONG><a name="[5d]"></a>TIM4_IRQHandler</STRONG> (Thumb, 0 bytes, Stack size 0 bytes, startup_stm32f767xx.o(.text))
<BR>[Address Reference Count : 1]<UL><LI> startup_stm32f767xx.o(RESET)
</UL>
<P><STRONG><a name="[71]"></a>TIM5_IRQHandler</STRONG> (Thumb, 0 bytes, Stack size 0 bytes, startup_stm32f767xx.o(.text))
<BR>[Address Reference Count : 1]<UL><LI> startup_stm32f767xx.o(RESET)
</UL>
<P><STRONG><a name="[76]"></a>TIM7_IRQHandler</STRONG> (Thumb, 0 bytes, Stack size 0 bytes, startup_stm32f767xx.o(.text))
<BR>[Address Reference Count : 1]<UL><LI> startup_stm32f767xx.o(RESET)
</UL>
<P><STRONG><a name="[6a]"></a>TIM8_BRK_TIM12_IRQHandler</STRONG> (Thumb, 0 bytes, Stack size 0 bytes, startup_stm32f767xx.o(.text))
<BR>[Address Reference Count : 1]<UL><LI> startup_stm32f767xx.o(RESET)
</UL>
<P><STRONG><a name="[6d]"></a>TIM8_CC_IRQHandler</STRONG> (Thumb, 0 bytes, Stack size 0 bytes, startup_stm32f767xx.o(.text))
<BR>[Address Reference Count : 1]<UL><LI> startup_stm32f767xx.o(RESET)
</UL>
<P><STRONG><a name="[6c]"></a>TIM8_TRG_COM_TIM14_IRQHandler</STRONG> (Thumb, 0 bytes, Stack size 0 bytes, startup_stm32f767xx.o(.text))
<BR>[Address Reference Count : 1]<UL><LI> startup_stm32f767xx.o(RESET)
</UL>
<P><STRONG><a name="[6b]"></a>TIM8_UP_TIM13_IRQHandler</STRONG> (Thumb, 0 bytes, Stack size 0 bytes, startup_stm32f767xx.o(.text))
<BR>[Address Reference Count : 1]<UL><LI> startup_stm32f767xx.o(RESET)
</UL>
<P><STRONG><a name="[73]"></a>UART4_IRQHandler</STRONG> (Thumb, 0 bytes, Stack size 0 bytes, startup_stm32f767xx.o(.text))
<BR>[Address Reference Count : 1]<UL><LI> startup_stm32f767xx.o(RESET)
</UL>
<P><STRONG><a name="[74]"></a>UART5_IRQHandler</STRONG> (Thumb, 0 bytes, Stack size 0 bytes, startup_stm32f767xx.o(.text))
<BR>[Address Reference Count : 1]<UL><LI> startup_stm32f767xx.o(RESET)
</UL>
<P><STRONG><a name="[90]"></a>UART7_IRQHandler</STRONG> (Thumb, 0 bytes, Stack size 0 bytes, startup_stm32f767xx.o(.text))
<BR>[Address Reference Count : 1]<UL><LI> startup_stm32f767xx.o(RESET)
</UL>
<P><STRONG><a name="[91]"></a>UART8_IRQHandler</STRONG> (Thumb, 0 bytes, Stack size 0 bytes, startup_stm32f767xx.o(.text))
<BR>[Address Reference Count : 1]<UL><LI> startup_stm32f767xx.o(RESET)
</UL>
<P><STRONG><a name="[66]"></a>USART3_IRQHandler</STRONG> (Thumb, 0 bytes, Stack size 0 bytes, startup_stm32f767xx.o(.text))
<BR>[Address Reference Count : 1]<UL><LI> startup_stm32f767xx.o(RESET)
</UL>
<P><STRONG><a name="[86]"></a>USART6_IRQHandler</STRONG> (Thumb, 0 bytes, Stack size 0 bytes, startup_stm32f767xx.o(.text))
<BR>[Address Reference Count : 1]<UL><LI> startup_stm32f767xx.o(RESET)
</UL>
<P><STRONG><a name="[3f]"></a>WWDG_IRQHandler</STRONG> (Thumb, 0 bytes, Stack size 0 bytes, startup_stm32f767xx.o(.text))
<BR>[Address Reference Count : 1]<UL><LI> startup_stm32f767xx.o(RESET)
</UL>
<P><STRONG><a name="[ed]"></a>__aeabi_uldivmod</STRONG> (Thumb, 98 bytes, Stack size 40 bytes, uldiv.o(.text))
<BR><BR>[Stack]<UL><LI>Max Depth = 40<LI>Call Chain = __aeabi_uldivmod
</UL>
<BR>[Calls]<UL><LI><a href="#[ee]">&gt;&gt;</a>&nbsp;&nbsp;&nbsp;__aeabi_llsr
<LI><a href="#[ef]">&gt;&gt;</a>&nbsp;&nbsp;&nbsp;__aeabi_llsl
</UL>
<BR>[Called By]<UL><LI><a href="#[12a]">&gt;&gt;</a>&nbsp;&nbsp;&nbsp;HAL_RCC_GetSysClockFreq
</UL>

<P><STRONG><a name="[1a5]"></a>abs</STRONG> (Thumb, 8 bytes, Stack size 0 bytes, siabs.o(.text))
<BR><BR>[Called By]<UL><LI><a href="#[f4]">&gt;&gt;</a>&nbsp;&nbsp;&nbsp;comsend
</UL>

<P><STRONG><a name="[f1]"></a>__aeabi_memset</STRONG> (Thumb, 14 bytes, Stack size 0 bytes, memseta.o(.text), UNUSED)
<BR><BR>[Called By]<UL><LI><a href="#[f2]">&gt;&gt;</a>&nbsp;&nbsp;&nbsp;_memset$wrapper
<LI><a href="#[f0]">&gt;&gt;</a>&nbsp;&nbsp;&nbsp;__aeabi_memclr
</UL>

<P><STRONG><a name="[1b4]"></a>__aeabi_memset4</STRONG> (Thumb, 0 bytes, Stack size 0 bytes, memseta.o(.text), UNUSED)

<P><STRONG><a name="[1b5]"></a>__aeabi_memset8</STRONG> (Thumb, 0 bytes, Stack size 0 bytes, memseta.o(.text), UNUSED)

<P><STRONG><a name="[f0]"></a>__aeabi_memclr</STRONG> (Thumb, 4 bytes, Stack size 0 bytes, memseta.o(.text), UNUSED)
<BR><BR>[Calls]<UL><LI><a href="#[f1]">&gt;&gt;</a>&nbsp;&nbsp;&nbsp;__aeabi_memset
</UL>

<P><STRONG><a name="[10c]"></a>__aeabi_memclr4</STRONG> (Thumb, 0 bytes, Stack size 0 bytes, memseta.o(.text))
<BR><BR>[Called By]<UL><LI><a href="#[157]">&gt;&gt;</a>&nbsp;&nbsp;&nbsp;HAL_UART_MspInit
<LI><a href="#[142]">&gt;&gt;</a>&nbsp;&nbsp;&nbsp;HAL_TIM_MspPostInit
<LI><a href="#[11c]">&gt;&gt;</a>&nbsp;&nbsp;&nbsp;HAL_FMC_MspInit
<LI><a href="#[172]">&gt;&gt;</a>&nbsp;&nbsp;&nbsp;MX_TIM1_Init
<LI><a href="#[16f]">&gt;&gt;</a>&nbsp;&nbsp;&nbsp;MX_GPIO_Init
<LI><a href="#[16e]">&gt;&gt;</a>&nbsp;&nbsp;&nbsp;MX_FMC_Init
<LI><a href="#[17e]">&gt;&gt;</a>&nbsp;&nbsp;&nbsp;SystemClock_Config
<LI><a href="#[1c]">&gt;&gt;</a>&nbsp;&nbsp;&nbsp;INS_Storage_Sensor
<LI><a href="#[10b]">&gt;&gt;</a>&nbsp;&nbsp;&nbsp;GPS_MBT_Resolve
</UL>

<P><STRONG><a name="[1b6]"></a>__aeabi_memclr8</STRONG> (Thumb, 0 bytes, Stack size 0 bytes, memseta.o(.text), UNUSED)

<P><STRONG><a name="[f2]"></a>_memset$wrapper</STRONG> (Thumb, 18 bytes, Stack size 8 bytes, memseta.o(.text), UNUSED)
<BR><BR>[Calls]<UL><LI><a href="#[f1]">&gt;&gt;</a>&nbsp;&nbsp;&nbsp;__aeabi_memset
</UL>

<P><STRONG><a name="[ef]"></a>__aeabi_llsl</STRONG> (Thumb, 30 bytes, Stack size 0 bytes, llshl.o(.text))
<BR><BR>[Called By]<UL><LI><a href="#[ed]">&gt;&gt;</a>&nbsp;&nbsp;&nbsp;__aeabi_uldivmod
</UL>

<P><STRONG><a name="[1b7]"></a>_ll_shift_l</STRONG> (Thumb, 0 bytes, Stack size 0 bytes, llshl.o(.text), UNUSED)

<P><STRONG><a name="[ee]"></a>__aeabi_llsr</STRONG> (Thumb, 32 bytes, Stack size 0 bytes, llushr.o(.text))
<BR><BR>[Called By]<UL><LI><a href="#[ed]">&gt;&gt;</a>&nbsp;&nbsp;&nbsp;__aeabi_uldivmod
</UL>

<P><STRONG><a name="[1b8]"></a>_ll_ushift_r</STRONG> (Thumb, 0 bytes, Stack size 0 bytes, llushr.o(.text), UNUSED)

<P><STRONG><a name="[1b9]"></a>__I$use$fp</STRONG> (Thumb, 0 bytes, Stack size 0 bytes, iusefp.o(.text), UNUSED)

<P><STRONG><a name="[ec]"></a>__scatterload</STRONG> (Thumb, 28 bytes, Stack size 0 bytes, init.o(.text))
<BR><BR>[Calls]<UL><LI><a href="#[f3]">&gt;&gt;</a>&nbsp;&nbsp;&nbsp;__main_after_scatterload
</UL>
<BR>[Called By]<UL><LI><a href="#[eb]">&gt;&gt;</a>&nbsp;&nbsp;&nbsp;_main_scatterload
</UL>

<P><STRONG><a name="[1ba]"></a>__scatterload_rt2</STRONG> (Thumb, 0 bytes, Stack size 0 bytes, init.o(.text), UNUSED)

<P><STRONG><a name="[1bb]"></a>__decompress</STRONG> (Thumb, 0 bytes, Stack size unknown bytes, __dczerorl2.o(.text), UNUSED)

<P><STRONG><a name="[1bc]"></a>__decompress1</STRONG> (Thumb, 86 bytes, Stack size unknown bytes, __dczerorl2.o(.text), UNUSED)

<P><STRONG><a name="[e8]"></a>BasComSend</STRONG> (Thumb, 28 bytes, Stack size 8 bytes, bascontrolinit.o(i.BasComSend))
<BR><BR>[Stack]<UL><LI>Max Depth = 40<LI>Call Chain = BasComSend &rArr; comsend
</UL>
<BR>[Calls]<UL><LI><a href="#[f4]">&gt;&gt;</a>&nbsp;&nbsp;&nbsp;comsend
</UL>
<BR>[Address Reference Count : 1]<UL><LI> tasksequenceinit.o(i.TaskSequence_Init)
</UL>
<P><STRONG><a name="[e9]"></a>BasCtrl</STRONG> (Thumb, 10 bytes, Stack size 0 bytes, bascontrolinit.o(i.BasCtrl))
<BR><BR>[Stack]<UL><LI>Max Depth = 832<LI>Call Chain = BasCtrl &rArr; ballctrl &rArr; combuild &rArr; angleroll &rArr; __hardfp_cos &rArr; __ieee754_rem_pio2 &rArr; fabs
</UL>
<BR>[Calls]<UL><LI><a href="#[f5]">&gt;&gt;</a>&nbsp;&nbsp;&nbsp;ballctrl
</UL>
<BR>[Address Reference Count : 1]<UL><LI> tasksequenceinit.o(i.TaskSequence_Init)
</UL>
<P><STRONG><a name="[ea]"></a>BasInit</STRONG> (Thumb, 24 bytes, Stack size 8 bytes, bascontrolinit.o(i.BasInit))
<BR><BR>[Stack]<UL><LI>Max Depth = 16<LI>Call Chain = BasInit &rArr; initialization
</UL>
<BR>[Calls]<UL><LI><a href="#[f6]">&gt;&gt;</a>&nbsp;&nbsp;&nbsp;initialization
</UL>
<BR>[Address Reference Count : 1]<UL><LI> tasksequenceinit.o(i.TaskSequence_Init)
</UL>
<P><STRONG><a name="[e7]"></a>BasReadGNSS</STRONG> (Thumb, 138 bytes, Stack size 16 bytes, bascontrolinit.o(i.BasReadGNSS))
<BR><BR>[Stack]<UL><LI>Max Depth = 24<LI>Call Chain = BasReadGNSS &rArr; readGNSS
</UL>
<BR>[Calls]<UL><LI><a href="#[f7]">&gt;&gt;</a>&nbsp;&nbsp;&nbsp;readGNSS
</UL>
<BR>[Address Reference Count : 1]<UL><LI> tasksequenceinit.o(i.TaskSequence_Init)
</UL>
<P><STRONG><a name="[e6]"></a>BasReadMag</STRONG> (Thumb, 102 bytes, Stack size 8 bytes, bascontrolinit.o(i.BasReadMag))
<BR><BR>[Stack]<UL><LI>Max Depth = 8<LI>Call Chain = BasReadMag
</UL>
<BR>[Calls]<UL><LI><a href="#[f8]">&gt;&gt;</a>&nbsp;&nbsp;&nbsp;readmag
</UL>
<BR>[Address Reference Count : 1]<UL><LI> tasksequenceinit.o(i.TaskSequence_Init)
</UL>
<P><STRONG><a name="[39]"></a>BusFault_Handler</STRONG> (Thumb, 2 bytes, Stack size 0 bytes, stm32f7xx_it.o(i.BusFault_Handler))
<BR><BR>[Calls]<UL><LI><a href="#[39]">&gt;&gt;</a>&nbsp;&nbsp;&nbsp;BusFault_Handler
</UL>
<BR>[Called By]<UL><LI><a href="#[39]">&gt;&gt;</a>&nbsp;&nbsp;&nbsp;BusFault_Handler
</UL>
<BR>[Address Reference Count : 1]<UL><LI> startup_stm32f767xx.o(RESET)
</UL>
<P><STRONG><a name="[188]"></a>Command_ASK_Send</STRONG> (Thumb, 104 bytes, Stack size 20 bytes, datalink.o(i.Command_ASK_Send))
<BR><BR>[Stack]<UL><LI>Max Depth = 20<LI>Call Chain = Command_ASK_Send
</UL>
<BR>[Called By]<UL><LI><a href="#[e5]">&gt;&gt;</a>&nbsp;&nbsp;&nbsp;Transmit_Ask_To_PC
</UL>

<P><STRONG><a name="[da]"></a>Command_Allign_Resolve</STRONG> (Thumb, 10 bytes, Stack size 4 bytes, datalink.o(i.Command_Allign_Resolve))
<BR><BR>[Stack]<UL><LI>Max Depth = 16<LI>Call Chain = Command_Allign_Resolve &rArr; Command_Based_Resolve
</UL>
<BR>[Calls]<UL><LI><a href="#[f9]">&gt;&gt;</a>&nbsp;&nbsp;&nbsp;Command_Based_Resolve
</UL>
<BR>[Address Reference Count : 1]<UL><LI> datalinkinit.o(i.DataLink_Init)
</UL>
<P><STRONG><a name="[f9]"></a>Command_Based_Resolve</STRONG> (Thumb, 158 bytes, Stack size 12 bytes, datalink.o(i.Command_Based_Resolve))
<BR><BR>[Stack]<UL><LI>Max Depth = 12<LI>Call Chain = Command_Based_Resolve
</UL>
<BR>[Called By]<UL><LI><a href="#[d3]">&gt;&gt;</a>&nbsp;&nbsp;&nbsp;Command_User_Resolve
<LI><a href="#[d4]">&gt;&gt;</a>&nbsp;&nbsp;&nbsp;Command_Res_Resolve
<LI><a href="#[d6]">&gt;&gt;</a>&nbsp;&nbsp;&nbsp;Command_Res1_Resolve
<LI><a href="#[d0]">&gt;&gt;</a>&nbsp;&nbsp;&nbsp;Command_Kalman_Resolve
<LI><a href="#[d1]">&gt;&gt;</a>&nbsp;&nbsp;&nbsp;Command_DevCon_Resolve
<LI><a href="#[bd]">&gt;&gt;</a>&nbsp;&nbsp;&nbsp;Command_DEV_TSF_Resolve
<LI><a href="#[ba]">&gt;&gt;</a>&nbsp;&nbsp;&nbsp;Command_DEV_TN_Resolve
<LI><a href="#[bb]">&gt;&gt;</a>&nbsp;&nbsp;&nbsp;Command_DEV_SF_Resolve
<LI><a href="#[b8]">&gt;&gt;</a>&nbsp;&nbsp;&nbsp;Command_DEV_RC_Resolve
<LI><a href="#[bf]">&gt;&gt;</a>&nbsp;&nbsp;&nbsp;Command_DEV_PAR_Resolve
<LI><a href="#[be]">&gt;&gt;</a>&nbsp;&nbsp;&nbsp;Command_DEV_GA_Resolve
<LI><a href="#[bc]">&gt;&gt;</a>&nbsp;&nbsp;&nbsp;Command_DEV_CR_Resolve
<LI><a href="#[da]">&gt;&gt;</a>&nbsp;&nbsp;&nbsp;Command_Allign_Resolve
<LI><a href="#[fa]">&gt;&gt;</a>&nbsp;&nbsp;&nbsp;Command_FIR_Based_Resovle
</UL>

<P><STRONG><a name="[db]"></a>Command_Commu_Resovle</STRONG> (Thumb, 2 bytes, Stack size 0 bytes, datalink.o(i.Command_Commu_Resovle))
<BR>[Address Reference Count : 1]<UL><LI> datalinkinit.o(i.DataLink_Init)
</UL>
<P><STRONG><a name="[bc]"></a>Command_DEV_CR_Resolve</STRONG> (Thumb, 10 bytes, Stack size 4 bytes, datalink.o(i.Command_DEV_CR_Resolve))
<BR><BR>[Stack]<UL><LI>Max Depth = 16<LI>Call Chain = Command_DEV_CR_Resolve &rArr; Command_Based_Resolve
</UL>
<BR>[Calls]<UL><LI><a href="#[f9]">&gt;&gt;</a>&nbsp;&nbsp;&nbsp;Command_Based_Resolve
</UL>
<BR>[Address Reference Count : 1]<UL><LI> datalinkinit.o(i.DataLink_Init)
</UL>
<P><STRONG><a name="[be]"></a>Command_DEV_GA_Resolve</STRONG> (Thumb, 10 bytes, Stack size 4 bytes, datalink.o(i.Command_DEV_GA_Resolve))
<BR><BR>[Stack]<UL><LI>Max Depth = 16<LI>Call Chain = Command_DEV_GA_Resolve &rArr; Command_Based_Resolve
</UL>
<BR>[Calls]<UL><LI><a href="#[f9]">&gt;&gt;</a>&nbsp;&nbsp;&nbsp;Command_Based_Resolve
</UL>
<BR>[Address Reference Count : 1]<UL><LI> datalinkinit.o(i.DataLink_Init)
</UL>
<P><STRONG><a name="[bf]"></a>Command_DEV_PAR_Resolve</STRONG> (Thumb, 10 bytes, Stack size 4 bytes, datalink.o(i.Command_DEV_PAR_Resolve))
<BR><BR>[Stack]<UL><LI>Max Depth = 16<LI>Call Chain = Command_DEV_PAR_Resolve &rArr; Command_Based_Resolve
</UL>
<BR>[Calls]<UL><LI><a href="#[f9]">&gt;&gt;</a>&nbsp;&nbsp;&nbsp;Command_Based_Resolve
</UL>
<BR>[Address Reference Count : 1]<UL><LI> datalinkinit.o(i.DataLink_Init)
</UL>
<P><STRONG><a name="[b8]"></a>Command_DEV_RC_Resolve</STRONG> (Thumb, 10 bytes, Stack size 4 bytes, datalink.o(i.Command_DEV_RC_Resolve))
<BR><BR>[Stack]<UL><LI>Max Depth = 16<LI>Call Chain = Command_DEV_RC_Resolve &rArr; Command_Based_Resolve
</UL>
<BR>[Calls]<UL><LI><a href="#[f9]">&gt;&gt;</a>&nbsp;&nbsp;&nbsp;Command_Based_Resolve
</UL>
<BR>[Address Reference Count : 1]<UL><LI> datalinkinit.o(i.DataLink_Init)
</UL>
<P><STRONG><a name="[bb]"></a>Command_DEV_SF_Resolve</STRONG> (Thumb, 10 bytes, Stack size 4 bytes, datalink.o(i.Command_DEV_SF_Resolve))
<BR><BR>[Stack]<UL><LI>Max Depth = 16<LI>Call Chain = Command_DEV_SF_Resolve &rArr; Command_Based_Resolve
</UL>
<BR>[Calls]<UL><LI><a href="#[f9]">&gt;&gt;</a>&nbsp;&nbsp;&nbsp;Command_Based_Resolve
</UL>
<BR>[Address Reference Count : 1]<UL><LI> datalinkinit.o(i.DataLink_Init)
</UL>
<P><STRONG><a name="[ba]"></a>Command_DEV_TN_Resolve</STRONG> (Thumb, 10 bytes, Stack size 4 bytes, datalink.o(i.Command_DEV_TN_Resolve))
<BR><BR>[Stack]<UL><LI>Max Depth = 16<LI>Call Chain = Command_DEV_TN_Resolve &rArr; Command_Based_Resolve
</UL>
<BR>[Calls]<UL><LI><a href="#[f9]">&gt;&gt;</a>&nbsp;&nbsp;&nbsp;Command_Based_Resolve
</UL>
<BR>[Address Reference Count : 1]<UL><LI> datalinkinit.o(i.DataLink_Init)
</UL>
<P><STRONG><a name="[bd]"></a>Command_DEV_TSF_Resolve</STRONG> (Thumb, 10 bytes, Stack size 4 bytes, datalink.o(i.Command_DEV_TSF_Resolve))
<BR><BR>[Stack]<UL><LI>Max Depth = 16<LI>Call Chain = Command_DEV_TSF_Resolve &rArr; Command_Based_Resolve
</UL>
<BR>[Calls]<UL><LI><a href="#[f9]">&gt;&gt;</a>&nbsp;&nbsp;&nbsp;Command_Based_Resolve
</UL>
<BR>[Address Reference Count : 1]<UL><LI> datalinkinit.o(i.DataLink_Init)
</UL>
<P><STRONG><a name="[d1]"></a>Command_DevCon_Resolve</STRONG> (Thumb, 14 bytes, Stack size 8 bytes, datalink.o(i.Command_DevCon_Resolve))
<BR><BR>[Stack]<UL><LI>Max Depth = 20<LI>Call Chain = Command_DevCon_Resolve &rArr; Command_Based_Resolve
</UL>
<BR>[Calls]<UL><LI><a href="#[10]">&gt;&gt;</a>&nbsp;&nbsp;&nbsp;USERData_Update
<LI><a href="#[f9]">&gt;&gt;</a>&nbsp;&nbsp;&nbsp;Command_Based_Resolve
</UL>
<BR>[Address Reference Count : 1]<UL><LI> datalinkinit.o(i.DataLink_Init)
</UL>
<P><STRONG><a name="[fa]"></a>Command_FIR_Based_Resovle</STRONG> (Thumb, 52 bytes, Stack size 8 bytes, datalink.o(i.Command_FIR_Based_Resovle))
<BR><BR>[Stack]<UL><LI>Max Depth = 20<LI>Call Chain = Command_FIR_Based_Resovle &rArr; Command_Based_Resolve
</UL>
<BR>[Calls]<UL><LI><a href="#[f9]">&gt;&gt;</a>&nbsp;&nbsp;&nbsp;Command_Based_Resolve
</UL>
<BR>[Called By]<UL><LI><a href="#[c9]">&gt;&gt;</a>&nbsp;&nbsp;&nbsp;Command_FIR_CH9_Resolve
<LI><a href="#[c8]">&gt;&gt;</a>&nbsp;&nbsp;&nbsp;Command_FIR_CH8_Resolve
<LI><a href="#[c7]">&gt;&gt;</a>&nbsp;&nbsp;&nbsp;Command_FIR_CH7_Resolve
<LI><a href="#[c6]">&gt;&gt;</a>&nbsp;&nbsp;&nbsp;Command_FIR_CH6_Resolve
<LI><a href="#[c5]">&gt;&gt;</a>&nbsp;&nbsp;&nbsp;Command_FIR_CH5_Resolve
<LI><a href="#[c4]">&gt;&gt;</a>&nbsp;&nbsp;&nbsp;Command_FIR_CH4_Resolve
<LI><a href="#[c3]">&gt;&gt;</a>&nbsp;&nbsp;&nbsp;Command_FIR_CH3_Resolve
<LI><a href="#[c2]">&gt;&gt;</a>&nbsp;&nbsp;&nbsp;Command_FIR_CH2_Resolve
<LI><a href="#[c0]">&gt;&gt;</a>&nbsp;&nbsp;&nbsp;Command_FIR_CH1_Resolve
<LI><a href="#[cf]">&gt;&gt;</a>&nbsp;&nbsp;&nbsp;Command_FIR_CH15_Resolve
<LI><a href="#[ce]">&gt;&gt;</a>&nbsp;&nbsp;&nbsp;Command_FIR_CH14_Resolve
<LI><a href="#[cd]">&gt;&gt;</a>&nbsp;&nbsp;&nbsp;Command_FIR_CH13_Resolve
<LI><a href="#[cc]">&gt;&gt;</a>&nbsp;&nbsp;&nbsp;Command_FIR_CH12_Resolve
<LI><a href="#[cb]">&gt;&gt;</a>&nbsp;&nbsp;&nbsp;Command_FIR_CH11_Resolve
<LI><a href="#[ca]">&gt;&gt;</a>&nbsp;&nbsp;&nbsp;Command_FIR_CH10_Resolve
</UL>

<P><STRONG><a name="[ca]"></a>Command_FIR_CH10_Resolve</STRONG> (Thumb, 10 bytes, Stack size 4 bytes, datalink.o(i.Command_FIR_CH10_Resolve))
<BR><BR>[Stack]<UL><LI>Max Depth = 24<LI>Call Chain = Command_FIR_CH10_Resolve &rArr; Command_FIR_Based_Resovle &rArr; Command_Based_Resolve
</UL>
<BR>[Calls]<UL><LI><a href="#[fa]">&gt;&gt;</a>&nbsp;&nbsp;&nbsp;Command_FIR_Based_Resovle
</UL>
<BR>[Address Reference Count : 1]<UL><LI> datalinkinit.o(i.DataLink_Init)
</UL>
<P><STRONG><a name="[cb]"></a>Command_FIR_CH11_Resolve</STRONG> (Thumb, 10 bytes, Stack size 4 bytes, datalink.o(i.Command_FIR_CH11_Resolve))
<BR><BR>[Stack]<UL><LI>Max Depth = 24<LI>Call Chain = Command_FIR_CH11_Resolve &rArr; Command_FIR_Based_Resovle &rArr; Command_Based_Resolve
</UL>
<BR>[Calls]<UL><LI><a href="#[fa]">&gt;&gt;</a>&nbsp;&nbsp;&nbsp;Command_FIR_Based_Resovle
</UL>
<BR>[Address Reference Count : 1]<UL><LI> datalinkinit.o(i.DataLink_Init)
</UL>
<P><STRONG><a name="[cc]"></a>Command_FIR_CH12_Resolve</STRONG> (Thumb, 10 bytes, Stack size 4 bytes, datalink.o(i.Command_FIR_CH12_Resolve))
<BR><BR>[Stack]<UL><LI>Max Depth = 24<LI>Call Chain = Command_FIR_CH12_Resolve &rArr; Command_FIR_Based_Resovle &rArr; Command_Based_Resolve
</UL>
<BR>[Calls]<UL><LI><a href="#[fa]">&gt;&gt;</a>&nbsp;&nbsp;&nbsp;Command_FIR_Based_Resovle
</UL>
<BR>[Address Reference Count : 1]<UL><LI> datalinkinit.o(i.DataLink_Init)
</UL>
<P><STRONG><a name="[cd]"></a>Command_FIR_CH13_Resolve</STRONG> (Thumb, 10 bytes, Stack size 4 bytes, datalink.o(i.Command_FIR_CH13_Resolve))
<BR><BR>[Stack]<UL><LI>Max Depth = 24<LI>Call Chain = Command_FIR_CH13_Resolve &rArr; Command_FIR_Based_Resovle &rArr; Command_Based_Resolve
</UL>
<BR>[Calls]<UL><LI><a href="#[fa]">&gt;&gt;</a>&nbsp;&nbsp;&nbsp;Command_FIR_Based_Resovle
</UL>
<BR>[Address Reference Count : 1]<UL><LI> datalinkinit.o(i.DataLink_Init)
</UL>
<P><STRONG><a name="[ce]"></a>Command_FIR_CH14_Resolve</STRONG> (Thumb, 10 bytes, Stack size 4 bytes, datalink.o(i.Command_FIR_CH14_Resolve))
<BR><BR>[Stack]<UL><LI>Max Depth = 24<LI>Call Chain = Command_FIR_CH14_Resolve &rArr; Command_FIR_Based_Resovle &rArr; Command_Based_Resolve
</UL>
<BR>[Calls]<UL><LI><a href="#[fa]">&gt;&gt;</a>&nbsp;&nbsp;&nbsp;Command_FIR_Based_Resovle
</UL>
<BR>[Address Reference Count : 1]<UL><LI> datalinkinit.o(i.DataLink_Init)
</UL>
<P><STRONG><a name="[cf]"></a>Command_FIR_CH15_Resolve</STRONG> (Thumb, 10 bytes, Stack size 4 bytes, datalink.o(i.Command_FIR_CH15_Resolve))
<BR><BR>[Stack]<UL><LI>Max Depth = 24<LI>Call Chain = Command_FIR_CH15_Resolve &rArr; Command_FIR_Based_Resovle &rArr; Command_Based_Resolve
</UL>
<BR>[Calls]<UL><LI><a href="#[fa]">&gt;&gt;</a>&nbsp;&nbsp;&nbsp;Command_FIR_Based_Resovle
</UL>
<BR>[Address Reference Count : 1]<UL><LI> datalinkinit.o(i.DataLink_Init)
</UL>
<P><STRONG><a name="[c0]"></a>Command_FIR_CH1_Resolve</STRONG> (Thumb, 10 bytes, Stack size 4 bytes, datalink.o(i.Command_FIR_CH1_Resolve))
<BR><BR>[Stack]<UL><LI>Max Depth = 24<LI>Call Chain = Command_FIR_CH1_Resolve &rArr; Command_FIR_Based_Resovle &rArr; Command_Based_Resolve
</UL>
<BR>[Calls]<UL><LI><a href="#[fa]">&gt;&gt;</a>&nbsp;&nbsp;&nbsp;Command_FIR_Based_Resovle
</UL>
<BR>[Address Reference Count : 1]<UL><LI> datalinkinit.o(i.DataLink_Init)
</UL>
<P><STRONG><a name="[c2]"></a>Command_FIR_CH2_Resolve</STRONG> (Thumb, 10 bytes, Stack size 4 bytes, datalink.o(i.Command_FIR_CH2_Resolve))
<BR><BR>[Stack]<UL><LI>Max Depth = 24<LI>Call Chain = Command_FIR_CH2_Resolve &rArr; Command_FIR_Based_Resovle &rArr; Command_Based_Resolve
</UL>
<BR>[Calls]<UL><LI><a href="#[fa]">&gt;&gt;</a>&nbsp;&nbsp;&nbsp;Command_FIR_Based_Resovle
</UL>
<BR>[Address Reference Count : 1]<UL><LI> datalinkinit.o(i.DataLink_Init)
</UL>
<P><STRONG><a name="[c3]"></a>Command_FIR_CH3_Resolve</STRONG> (Thumb, 10 bytes, Stack size 4 bytes, datalink.o(i.Command_FIR_CH3_Resolve))
<BR><BR>[Stack]<UL><LI>Max Depth = 24<LI>Call Chain = Command_FIR_CH3_Resolve &rArr; Command_FIR_Based_Resovle &rArr; Command_Based_Resolve
</UL>
<BR>[Calls]<UL><LI><a href="#[fa]">&gt;&gt;</a>&nbsp;&nbsp;&nbsp;Command_FIR_Based_Resovle
</UL>
<BR>[Address Reference Count : 1]<UL><LI> datalinkinit.o(i.DataLink_Init)
</UL>
<P><STRONG><a name="[c4]"></a>Command_FIR_CH4_Resolve</STRONG> (Thumb, 10 bytes, Stack size 4 bytes, datalink.o(i.Command_FIR_CH4_Resolve))
<BR><BR>[Stack]<UL><LI>Max Depth = 24<LI>Call Chain = Command_FIR_CH4_Resolve &rArr; Command_FIR_Based_Resovle &rArr; Command_Based_Resolve
</UL>
<BR>[Calls]<UL><LI><a href="#[fa]">&gt;&gt;</a>&nbsp;&nbsp;&nbsp;Command_FIR_Based_Resovle
</UL>
<BR>[Address Reference Count : 1]<UL><LI> datalinkinit.o(i.DataLink_Init)
</UL>
<P><STRONG><a name="[c5]"></a>Command_FIR_CH5_Resolve</STRONG> (Thumb, 10 bytes, Stack size 4 bytes, datalink.o(i.Command_FIR_CH5_Resolve))
<BR><BR>[Stack]<UL><LI>Max Depth = 24<LI>Call Chain = Command_FIR_CH5_Resolve &rArr; Command_FIR_Based_Resovle &rArr; Command_Based_Resolve
</UL>
<BR>[Calls]<UL><LI><a href="#[fa]">&gt;&gt;</a>&nbsp;&nbsp;&nbsp;Command_FIR_Based_Resovle
</UL>
<BR>[Address Reference Count : 1]<UL><LI> datalinkinit.o(i.DataLink_Init)
</UL>
<P><STRONG><a name="[c6]"></a>Command_FIR_CH6_Resolve</STRONG> (Thumb, 10 bytes, Stack size 4 bytes, datalink.o(i.Command_FIR_CH6_Resolve))
<BR><BR>[Stack]<UL><LI>Max Depth = 24<LI>Call Chain = Command_FIR_CH6_Resolve &rArr; Command_FIR_Based_Resovle &rArr; Command_Based_Resolve
</UL>
<BR>[Calls]<UL><LI><a href="#[fa]">&gt;&gt;</a>&nbsp;&nbsp;&nbsp;Command_FIR_Based_Resovle
</UL>
<BR>[Address Reference Count : 1]<UL><LI> datalinkinit.o(i.DataLink_Init)
</UL>
<P><STRONG><a name="[c7]"></a>Command_FIR_CH7_Resolve</STRONG> (Thumb, 10 bytes, Stack size 4 bytes, datalink.o(i.Command_FIR_CH7_Resolve))
<BR><BR>[Stack]<UL><LI>Max Depth = 24<LI>Call Chain = Command_FIR_CH7_Resolve &rArr; Command_FIR_Based_Resovle &rArr; Command_Based_Resolve
</UL>
<BR>[Calls]<UL><LI><a href="#[fa]">&gt;&gt;</a>&nbsp;&nbsp;&nbsp;Command_FIR_Based_Resovle
</UL>
<BR>[Address Reference Count : 1]<UL><LI> datalinkinit.o(i.DataLink_Init)
</UL>
<P><STRONG><a name="[c8]"></a>Command_FIR_CH8_Resolve</STRONG> (Thumb, 10 bytes, Stack size 4 bytes, datalink.o(i.Command_FIR_CH8_Resolve))
<BR><BR>[Stack]<UL><LI>Max Depth = 24<LI>Call Chain = Command_FIR_CH8_Resolve &rArr; Command_FIR_Based_Resovle &rArr; Command_Based_Resolve
</UL>
<BR>[Calls]<UL><LI><a href="#[fa]">&gt;&gt;</a>&nbsp;&nbsp;&nbsp;Command_FIR_Based_Resovle
</UL>
<BR>[Address Reference Count : 1]<UL><LI> datalinkinit.o(i.DataLink_Init)
</UL>
<P><STRONG><a name="[c9]"></a>Command_FIR_CH9_Resolve</STRONG> (Thumb, 10 bytes, Stack size 4 bytes, datalink.o(i.Command_FIR_CH9_Resolve))
<BR><BR>[Stack]<UL><LI>Max Depth = 24<LI>Call Chain = Command_FIR_CH9_Resolve &rArr; Command_FIR_Based_Resovle &rArr; Command_Based_Resolve
</UL>
<BR>[Calls]<UL><LI><a href="#[fa]">&gt;&gt;</a>&nbsp;&nbsp;&nbsp;Command_FIR_Based_Resovle
</UL>
<BR>[Address Reference Count : 1]<UL><LI> datalinkinit.o(i.DataLink_Init)
</UL>
<P><STRONG><a name="[d9]"></a>Command_Flash_Resolve</STRONG> (Thumb, 12 bytes, Stack size 0 bytes, datalink.o(i.Command_Flash_Resolve))
<BR>[Address Reference Count : 1]<UL><LI> datalinkinit.o(i.DataLink_Init)
</UL>
<P><STRONG><a name="[d8]"></a>Command_Iqiure_CALI_Resolve</STRONG> (Thumb, 12 bytes, Stack size 0 bytes, datalink.o(i.Command_Iqiure_CALI_Resolve))
<BR>[Address Reference Count : 1]<UL><LI> datalinkinit.o(i.DataLink_Init)
</UL>
<P><STRONG><a name="[d7]"></a>Command_Iqiure_Status_Resolve</STRONG> (Thumb, 12 bytes, Stack size 0 bytes, datalink.o(i.Command_Iqiure_Status_Resolve))
<BR>[Address Reference Count : 1]<UL><LI> datalinkinit.o(i.DataLink_Init)
</UL>
<P><STRONG><a name="[d0]"></a>Command_Kalman_Resolve</STRONG> (Thumb, 10 bytes, Stack size 4 bytes, datalink.o(i.Command_Kalman_Resolve))
<BR><BR>[Stack]<UL><LI>Max Depth = 16<LI>Call Chain = Command_Kalman_Resolve &rArr; Command_Based_Resolve
</UL>
<BR>[Calls]<UL><LI><a href="#[f9]">&gt;&gt;</a>&nbsp;&nbsp;&nbsp;Command_Based_Resolve
</UL>
<BR>[Address Reference Count : 1]<UL><LI> datalinkinit.o(i.DataLink_Init)
</UL>
<P><STRONG><a name="[18b]"></a>Command_Output_Send</STRONG> (Thumb, 2608 bytes, Stack size 36 bytes, datalink.o(i.Command_Output_Send))
<BR><BR>[Stack]<UL><LI>Max Depth = 36<LI>Call Chain = Command_Output_Send
</UL>
<BR>[Called By]<UL><LI><a href="#[e3]">&gt;&gt;</a>&nbsp;&nbsp;&nbsp;Transmit_Data_To_PC
</UL>

<P><STRONG><a name="[d6]"></a>Command_Res1_Resolve</STRONG> (Thumb, 10 bytes, Stack size 4 bytes, datalink.o(i.Command_Res1_Resolve))
<BR><BR>[Stack]<UL><LI>Max Depth = 16<LI>Call Chain = Command_Res1_Resolve &rArr; Command_Based_Resolve
</UL>
<BR>[Calls]<UL><LI><a href="#[f9]">&gt;&gt;</a>&nbsp;&nbsp;&nbsp;Command_Based_Resolve
</UL>
<BR>[Address Reference Count : 1]<UL><LI> datalinkinit.o(i.DataLink_Init)
</UL>
<P><STRONG><a name="[d4]"></a>Command_Res_Resolve</STRONG> (Thumb, 10 bytes, Stack size 4 bytes, datalink.o(i.Command_Res_Resolve))
<BR><BR>[Stack]<UL><LI>Max Depth = 16<LI>Call Chain = Command_Res_Resolve &rArr; Command_Based_Resolve
</UL>
<BR>[Calls]<UL><LI><a href="#[f9]">&gt;&gt;</a>&nbsp;&nbsp;&nbsp;Command_Based_Resolve
</UL>
<BR>[Address Reference Count : 1]<UL><LI> datalinkinit.o(i.DataLink_Init)
</UL>
<P><STRONG><a name="[e4]"></a>Command_Resolve</STRONG> (Thumb, 48 bytes, Stack size 8 bytes, datalink.o(i.Command_Resolve))
<BR><BR>[Stack]<UL><LI>Max Depth = 68<LI>Call Chain = Command_Resolve &rArr; Transmit_Ask_To_PC &rArr; HAL_UART_Transmit_DMA &rArr; HAL_DMA_Start_IT &rArr; DMA_SetConfig
</UL>
<BR>[Calls]<UL><LI><a href="#[e5]">&gt;&gt;</a>&nbsp;&nbsp;&nbsp;Transmit_Ask_To_PC
</UL>
<BR>[Address Reference Count : 1]<UL><LI> tasksequenceinit.o(i.TaskSequence_Init)
</UL>
<P><STRONG><a name="[b6]"></a>Command_Setting_Resolve</STRONG> (Thumb, 208 bytes, Stack size 0 bytes, datalink.o(i.Command_Setting_Resolve))
<BR><BR>[Called By]<UL><LI><a href="#[fd]">&gt;&gt;</a>&nbsp;&nbsp;&nbsp;Read_Setting_Par
</UL>
<BR>[Address Reference Count : 1]<UL><LI> datalinkinit.o(i.DataLink_Init)
</UL>
<P><STRONG><a name="[d3]"></a>Command_User_Resolve</STRONG> (Thumb, 16 bytes, Stack size 8 bytes, datalink.o(i.Command_User_Resolve))
<BR><BR>[Stack]<UL><LI>Max Depth = 20<LI>Call Chain = Command_User_Resolve &rArr; Command_Based_Resolve
</UL>
<BR>[Calls]<UL><LI><a href="#[f9]">&gt;&gt;</a>&nbsp;&nbsp;&nbsp;Command_Based_Resolve
</UL>
<BR>[Address Reference Count : 1]<UL><LI> datalinkinit.o(i.DataLink_Init)
</UL>
<P><STRONG><a name="[1aa]"></a>Config_Init</STRONG> (Thumb, 122 bytes, Stack size 8 bytes, configinit.o(i.Config_Init))
<BR><BR>[Stack]<UL><LI>Max Depth = 8<LI>Call Chain = Config_Init
</UL>
<BR>[Called By]<UL><LI><a href="#[ab]">&gt;&gt;</a>&nbsp;&nbsp;&nbsp;main
</UL>

<P><STRONG><a name="[4f]"></a>DMA1_Stream5_IRQHandler</STRONG> (Thumb, 6 bytes, Stack size 0 bytes, stm32f7xx_it.o(i.DMA1_Stream5_IRQHandler))
<BR><BR>[Stack]<UL><LI>Max Depth = 32<LI>Call Chain = DMA1_Stream5_IRQHandler &rArr; HAL_DMA_IRQHandler
</UL>
<BR>[Calls]<UL><LI><a href="#[fb]">&gt;&gt;</a>&nbsp;&nbsp;&nbsp;HAL_DMA_IRQHandler
</UL>
<BR>[Address Reference Count : 1]<UL><LI> startup_stm32f767xx.o(RESET)
</UL>
<P><STRONG><a name="[79]"></a>DMA2_Stream2_IRQHandler</STRONG> (Thumb, 6 bytes, Stack size 0 bytes, stm32f7xx_it.o(i.DMA2_Stream2_IRQHandler))
<BR><BR>[Stack]<UL><LI>Max Depth = 32<LI>Call Chain = DMA2_Stream2_IRQHandler &rArr; HAL_DMA_IRQHandler
</UL>
<BR>[Calls]<UL><LI><a href="#[fb]">&gt;&gt;</a>&nbsp;&nbsp;&nbsp;HAL_DMA_IRQHandler
</UL>
<BR>[Address Reference Count : 1]<UL><LI> startup_stm32f767xx.o(RESET)
</UL>
<P><STRONG><a name="[85]"></a>DMA2_Stream7_IRQHandler</STRONG> (Thumb, 6 bytes, Stack size 0 bytes, stm32f7xx_it.o(i.DMA2_Stream7_IRQHandler))
<BR><BR>[Stack]<UL><LI>Max Depth = 32<LI>Call Chain = DMA2_Stream7_IRQHandler &rArr; HAL_DMA_IRQHandler
</UL>
<BR>[Calls]<UL><LI><a href="#[fb]">&gt;&gt;</a>&nbsp;&nbsp;&nbsp;HAL_DMA_IRQHandler
</UL>
<BR>[Address Reference Count : 1]<UL><LI> startup_stm32f767xx.o(RESET)
</UL>
<P><STRONG><a name="[1a8]"></a>DataLink_Init</STRONG> (Thumb, 1488 bytes, Stack size 36 bytes, datalinkinit.o(i.DataLink_Init))
<BR><BR>[Stack]<UL><LI>Max Depth = 36<LI>Call Chain = DataLink_Init
</UL>
<BR>[Called By]<UL><LI><a href="#[ab]">&gt;&gt;</a>&nbsp;&nbsp;&nbsp;main
</UL>

<P><STRONG><a name="[1a7]"></a>DataStorage_Init</STRONG> (Thumb, 64 bytes, Stack size 0 bytes, datastorageinit.o(i.DataStorage_Init))
<BR><BR>[Called By]<UL><LI><a href="#[ab]">&gt;&gt;</a>&nbsp;&nbsp;&nbsp;main
</UL>

<P><STRONG><a name="[fc]"></a>Datastorage_Read</STRONG> (Thumb, 26 bytes, Stack size 8 bytes, datastorageinit.o(i.Datastorage_Read))
<BR><BR>[Stack]<UL><LI>Max Depth = 24<LI>Call Chain = Datastorage_Read &rArr; Read_User_Par
</UL>
<BR>[Calls]<UL><LI><a href="#[100]">&gt;&gt;</a>&nbsp;&nbsp;&nbsp;Read_User_Par
<LI><a href="#[fd]">&gt;&gt;</a>&nbsp;&nbsp;&nbsp;Read_Setting_Par
<LI><a href="#[101]">&gt;&gt;</a>&nbsp;&nbsp;&nbsp;Read_Res_Par
<LI><a href="#[ff]">&gt;&gt;</a>&nbsp;&nbsp;&nbsp;Read_Dev_Par
<LI><a href="#[fe]">&gt;&gt;</a>&nbsp;&nbsp;&nbsp;Read_Cali_Par
</UL>
<BR>[Called By]<UL><LI><a href="#[ab]">&gt;&gt;</a>&nbsp;&nbsp;&nbsp;main
</UL>

<P><STRONG><a name="[3c]"></a>DebugMon_Handler</STRONG> (Thumb, 2 bytes, Stack size 0 bytes, stm32f7xx_it.o(i.DebugMon_Handler))
<BR>[Address Reference Count : 1]<UL><LI> startup_stm32f767xx.o(RESET)
</UL>
[...]

<P><STRONG><a name="[1be]"></a>__scatterload_null</STRONG> (Thumb, 2 bytes, Stack size unknown bytes, handlers.o(i.__scatterload_null), UNUSED)

<P><STRONG><a name="[1bf]"></a>__scatterload_zeroinit</STRONG> (Thumb, 14 bytes, Stack size unknown bytes, handlers.o(i.__scatterload_zeroinit), UNUSED)

<P><STRONG><a name="[191]"></a>__set_errno</STRONG> (Thumb, 6 bytes, Stack size 0 bytes, errno.o(i.__set_errno))
<BR><BR>[Called By]<UL><LI><a href="#[161]">&gt;&gt;</a>&nbsp;&nbsp;&nbsp;__hardfp_cos
<LI><a href="#[15f]">&gt;&gt;</a>&nbsp;&nbsp;&nbsp;__hardfp_asin
<LI><a href="#[197]">&gt;&gt;</a>&nbsp;&nbsp;&nbsp;sqrt
<LI><a href="#[179]">&gt;&gt;</a>&nbsp;&nbsp;&nbsp;__hardfp_sqrt
<LI><a href="#[162]">&gt;&gt;</a>&nbsp;&nbsp;&nbsp;__hardfp_sin
</UL>

<P><STRONG><a name="[19e]"></a>angleroll</STRONG> (Thumb, 1156 bytes, Stack size 592 bytes, bascontrol.o(i.angleroll))
<BR><BR>[Stack]<UL><LI>Max Depth = 776<LI>Call Chain = angleroll &rArr; __hardfp_cos &rArr; __ieee754_rem_pio2 &rArr; fabs
</UL>
<BR>[Calls]<UL><LI><a href="#[1a1]">&gt;&gt;</a>&nbsp;&nbsp;&nbsp;deletmovmean
<LI><a href="#[1a0]">&gt;&gt;</a>&nbsp;&nbsp;&nbsp;deletmaxminmean
<LI><a href="#[19f]">&gt;&gt;</a>&nbsp;&nbsp;&nbsp;MV_times
<LI><a href="#[161]">&gt;&gt;</a>&nbsp;&nbsp;&nbsp;__hardfp_cos
<LI><a href="#[15e]">&gt;&gt;</a>&nbsp;&nbsp;&nbsp;__hardfp_atan2
<LI><a href="#[162]">&gt;&gt;</a>&nbsp;&nbsp;&nbsp;__hardfp_sin
</UL>
<BR>[Called By]<UL><LI><a href="#[1a4]">&gt;&gt;</a>&nbsp;&nbsp;&nbsp;combuild
</UL>

<P><STRONG><a name="[19a]"></a>atan</STRONG> (Thumb, 16 bytes, Stack size 8 bytes, atan.o(i.atan))
<BR><BR>[Stack]<UL><LI>Max Depth = 56<LI>Call Chain = atan &rArr; __hardfp_atan &rArr; __ARM_fpclassify
</UL>
<BR>[Calls]<UL><LI><a href="#[198]">&gt;&gt;</a>&nbsp;&nbsp;&nbsp;__hardfp_atan
</UL>
<BR>[Called By]<UL><LI><a href="#[15e]">&gt;&gt;</a>&nbsp;&nbsp;&nbsp;__hardfp_atan2
</UL>

<P><STRONG><a name="[1a3]"></a>ballcorrect</STRONG> (Thumb, 76 bytes, Stack size 0 bytes, bascontrol.o(i.ballcorrect))
<BR><BR>[Called By]<UL><LI><a href="#[f5]">&gt;&gt;</a>&nbsp;&nbsp;&nbsp;ballctrl
</UL>

<P><STRONG><a name="[f5]"></a>ballctrl</STRONG> (Thumb, 254 bytes, Stack size 32 bytes, bascontrol.o(i.ballctrl))
<BR><BR>[Stack]<UL><LI>Max Depth = 832<LI>Call Chain = ballctrl &rArr; combuild &rArr; angleroll &rArr; __hardfp_cos &rArr; __ieee754_rem_pio2 &rArr; fabs
</UL>
<BR>[Calls]<UL><LI><a href="#[1a4]">&gt;&gt;</a>&nbsp;&nbsp;&nbsp;combuild
<LI><a href="#[1a2]">&gt;&gt;</a>&nbsp;&nbsp;&nbsp;ballpredict
<LI><a href="#[1a3]">&gt;&gt;</a>&nbsp;&nbsp;&nbsp;ballcorrect
</UL>
<BR>[Called By]<UL><LI><a href="#[e9]">&gt;&gt;</a>&nbsp;&nbsp;&nbsp;BasCtrl
</UL>

<P><STRONG><a name="[1a2]"></a>ballpredict</STRONG> (Thumb, 12 bytes, Stack size 0 bytes, bascontrol.o(i.ballpredict))
<BR><BR>[Called By]<UL><LI><a href="#[f5]">&gt;&gt;</a>&nbsp;&nbsp;&nbsp;ballctrl
</UL>

<P><STRONG><a name="[1a4]"></a>combuild</STRONG> (Thumb, 234 bytes, Stack size 24 bytes, bascontrol.o(i.combuild))
<BR><BR>[Stack]<UL><LI>Max Depth = 800<LI>Call Chain = combuild &rArr; angleroll &rArr; __hardfp_cos &rArr; __ieee754_rem_pio2 &rArr; fabs
</UL>
<BR>[Calls]<UL><LI><a href="#[19e]">&gt;&gt;</a>&nbsp;&nbsp;&nbsp;angleroll
</UL>
<BR>[Called By]<UL><LI><a href="#[f5]">&gt;&gt;</a>&nbsp;&nbsp;&nbsp;ballctrl
</UL>

<P><STRONG><a name="[f4]"></a>comsend</STRONG> (Thumb, 192 bytes, Stack size 32 bytes, bascontrol.o(i.comsend))
<BR><BR>[Stack]<UL><LI>Max Depth = 32<LI>Call Chain = comsend
</UL>
<BR>[Calls]<UL><LI><a href="#[1a5]">&gt;&gt;</a>&nbsp;&nbsp;&nbsp;abs
</UL>
<BR>[Called By]<UL><LI><a href="#[e8]">&gt;&gt;</a>&nbsp;&nbsp;&nbsp;BasComSend
</UL>

<P><STRONG><a name="[180]"></a>delay_init</STRONG> (Thumb, 38 bytes, Stack size 0 bytes, delay.o(i.delay_init))
<BR><BR>[Called By]<UL><LI><a href="#[17f]">&gt;&gt;</a>&nbsp;&nbsp;&nbsp;System_Init
</UL>

<P><STRONG><a name="[1a0]"></a>deletmaxminmean</STRONG> (Thumb, 126 bytes, Stack size 0 bytes, bascontrol.o(i.deletmaxminmean))
<BR><BR>[Called By]<UL><LI><a href="#[19e]">&gt;&gt;</a>&nbsp;&nbsp;&nbsp;angleroll
</UL>

<P><STRONG><a name="[1a1]"></a>deletmovmean</STRONG> (Thumb, 148 bytes, Stack size 8 bytes, bascontrol.o(i.deletmovmean))
<BR><BR>[Stack]<UL><LI>Max Depth = 8<LI>Call Chain = deletmovmean
</UL>
<BR>[Called By]<UL><LI><a href="#[19e]">&gt;&gt;</a>&nbsp;&nbsp;&nbsp;angleroll
</UL>

<P><STRONG><a name="[25]"></a>euler2rotation</STRONG> (Thumb, 320 bytes, Stack size 40 bytes, inssolve.o(i.euler2rotation))
<BR><BR>[Stack]<UL><LI>Max Depth = 224<LI>Call Chain = euler2rotation &rArr; __hardfp_cos &rArr; __ieee754_rem_pio2 &rArr; fabs
</UL>
<BR>[Calls]<UL><LI><a href="#[161]">&gt;&gt;</a>&nbsp;&nbsp;&nbsp;__hardfp_cos
<LI><a href="#[162]">&gt;&gt;</a>&nbsp;&nbsp;&nbsp;__hardfp_sin
</UL>
<BR>[Called By]<UL><LI><a href="#[163]">&gt;&gt;</a>&nbsp;&nbsp;&nbsp;INS_InitAlignment
</UL>
<BR>[Address Reference Count : 1]<UL><LI> inssolve.o(.data)
</UL>
<P><STRONG><a name="[196]"></a>fabs</STRONG> (Thumb, 24 bytes, Stack size 8 bytes, fabs.o(i.fabs))
<BR><BR>[Stack]<UL><LI>Max Depth = 8<LI>Call Chain = fabs
</UL>
<BR>[Called By]<UL><LI><a href="#[15e]">&gt;&gt;</a>&nbsp;&nbsp;&nbsp;__hardfp_atan2
<LI><a href="#[198]">&gt;&gt;</a>&nbsp;&nbsp;&nbsp;__hardfp_atan
<LI><a href="#[15f]">&gt;&gt;</a>&nbsp;&nbsp;&nbsp;__hardfp_asin
<LI><a href="#[19b]">&gt;&gt;</a>&nbsp;&nbsp;&nbsp;__ieee754_rem_pio2
</UL>

<P><STRONG><a name="[f6]"></a>initialization</STRONG> (Thumb, 130 bytes, Stack size 8 bytes, bascontrol.o(i.initialization))
<BR><BR>[Stack]<UL><LI>Max Depth = 8<LI>Call Chain = initialization
</UL>
<BR>[Called By]<UL><LI><a href="#[ea]">&gt;&gt;</a>&nbsp;&nbsp;&nbsp;BasInit
</UL>

<P><STRONG><a name="[ab]"></a>main</STRONG> (Thumb, 134 bytes, Stack size 0 bytes, main.o(i.main))
<BR><BR>[Stack]<UL><LI>Max Depth = 312<LI>Call Chain = main &rArr; SystemClock_Config &rArr; HAL_RCC_ClockConfig &rArr; HAL_RCC_GetSysClockFreq &rArr; __aeabi_uldivmod
</UL>
<BR>[Calls]<UL><LI><a href="#[1]">&gt;&gt;</a>&nbsp;&nbsp;&nbsp;ExtDevCon_Init
<LI><a href="#[fc]">&gt;&gt;</a>&nbsp;&nbsp;&nbsp;Datastorage_Read
<LI><a href="#[1a7]">&gt;&gt;</a>&nbsp;&nbsp;&nbsp;DataStorage_Init
<LI><a href="#[1a8]">&gt;&gt;</a>&nbsp;&nbsp;&nbsp;DataLink_Init
<LI><a href="#[1ac]">&gt;&gt;</a>&nbsp;&nbsp;&nbsp;TaskSequence_Init
<LI><a href="#[1aa]">&gt;&gt;</a>&nbsp;&nbsp;&nbsp;Config_Init
<LI><a href="#[17f]">&gt;&gt;</a>&nbsp;&nbsp;&nbsp;System_Init
<LI><a href="#[1a9]">&gt;&gt;</a>&nbsp;&nbsp;&nbsp;DevCompensation_Init
<LI><a href="#[1ad]">&gt;&gt;</a>&nbsp;&nbsp;&nbsp;Task_Run_Sequence
<LI><a href="#[178]">&gt;&gt;</a>&nbsp;&nbsp;&nbsp;MX_USART2_UART_Init
<LI><a href="#[169]">&gt;&gt;</a>&nbsp;&nbsp;&nbsp;MX_USART1_UART_Init
<LI><a href="#[177]">&gt;&gt;</a>&nbsp;&nbsp;&nbsp;MX_TIM6_Init
<LI><a href="#[176]">&gt;&gt;</a>&nbsp;&nbsp;&nbsp;MX_TIM5_Init
<LI><a href="#[175]">&gt;&gt;</a>&nbsp;&nbsp;&nbsp;MX_TIM3_Init
<LI><a href="#[172]">&gt;&gt;</a>&nbsp;&nbsp;&nbsp;MX_TIM1_Init
<LI><a href="#[16f]">&gt;&gt;</a>&nbsp;&nbsp;&nbsp;MX_GPIO_Init
<LI><a href="#[16e]">&gt;&gt;</a>&nbsp;&nbsp;&nbsp;MX_FMC_Init
<LI><a href="#[1ab]">&gt;&gt;</a>&nbsp;&nbsp;&nbsp;MX_DMA_Init
<LI><a href="#[120]">&gt;&gt;</a>&nbsp;&nbsp;&nbsp;HAL_Init
<LI><a href="#[17e]">&gt;&gt;</a>&nbsp;&nbsp;&nbsp;SystemClock_Config
<LI><a href="#[16a]">&gt;&gt;</a>&nbsp;&nbsp;&nbsp;MPU_Config
<LI><a href="#[170]">&gt;&gt;</a>&nbsp;&nbsp;&nbsp;MX_NVIC_Init
<LI><a href="#[1a6]">&gt;&gt;</a>&nbsp;&nbsp;&nbsp;GlobalDefine_Init
</UL>
<BR>[Address Reference Count : 1]<UL><LI> entry9a.o(.ARM.Collect$$$$0000000B)
</UL>
<P><STRONG><a name="[22]"></a>quat2rotation</STRONG> (Thumb, 462 bytes, Stack size 24 bytes, inssolve.o(i.quat2rotation))
<BR><BR>[Stack]<UL><LI>Max Depth = 24<LI>Call Chain = quat2rotation
</UL>
<BR>[Called By]<UL><LI><a href="#[164]">&gt;&gt;</a>&nbsp;&nbsp;&nbsp;INS_Att_Update
</UL>
<BR>[Address Reference Count : 1]<UL><LI> inssolve.o(.data)
</UL>
<P><STRONG><a name="[f7]"></a>readGNSS</STRONG> (Thumb, 230 bytes, Stack size 8 bytes, bascontrol.o(i.readGNSS))
<BR><BR>[Stack]<UL><LI>Max Depth = 8<LI>Call Chain = readGNSS
</UL>
<BR>[Called By]<UL><LI><a href="#[e7]">&gt;&gt;</a>&nbsp;&nbsp;&nbsp;BasReadGNSS
</UL>

<P><STRONG><a name="[f8]"></a>readmag</STRONG> (Thumb, 116 bytes, Stack size 0 bytes, bascontrol.o(i.readmag))
<BR><BR>[Called By]<UL><LI><a href="#[e6]">&gt;&gt;</a>&nbsp;&nbsp;&nbsp;BasReadMag
</UL>

<P><STRONG><a name="[23]"></a>rotation2euler</STRONG> (Thumb, 216 bytes, Stack size 32 bytes, inssolve.o(i.rotation2euler))
<BR><BR>[Stack]<UL><LI>Max Depth = 136<LI>Call Chain = rotation2euler &rArr; __hardfp_atan2 &rArr; atan &rArr; __hardfp_atan &rArr; __ARM_fpclassify
</UL>
<BR>[Calls]<UL><LI><a href="#[165]">&gt;&gt;</a>&nbsp;&nbsp;&nbsp;sqrt_hf
<LI><a href="#[15e]">&gt;&gt;</a>&nbsp;&nbsp;&nbsp;__hardfp_atan2
<LI><a href="#[198]">&gt;&gt;</a>&nbsp;&nbsp;&nbsp;__hardfp_atan
</UL>
<BR>[Called By]<UL><LI><a href="#[164]">&gt;&gt;</a>&nbsp;&nbsp;&nbsp;INS_Att_Update
</UL>
<BR>[Address Reference Count : 1]<UL><LI> inssolve.o(.data)
</UL>
<P><STRONG><a name="[24]"></a>rotation2quat</STRONG> (Thumb, 662 bytes, Stack size 32 bytes, inssolve.o(i.rotation2quat))
<BR><BR>[Stack]<UL><LI>Max Depth = 72<LI>Call Chain = rotation2quat &rArr; sqrt_hf &rArr; __hardfp_sqrt
</UL>
<BR>[Calls]<UL><LI><a href="#[165]">&gt;&gt;</a>&nbsp;&nbsp;&nbsp;sqrt_hf
</UL>
<BR>[Called By]<UL><LI><a href="#[163]">&gt;&gt;</a>&nbsp;&nbsp;&nbsp;INS_InitAlignment
</UL>
<BR>[Address Reference Count : 1]<UL><LI> inssolve.o(.data)
</UL>
<P><STRONG><a name="[197]"></a>sqrt</STRONG> (Thumb, 106 bytes, Stack size 24 bytes, sqrt.o(i.sqrt))
<BR><BR>[Stack]<UL><LI>Max Depth = 24<LI>Call Chain = sqrt
</UL>
<BR>[Calls]<UL><LI><a href="#[191]">&gt;&gt;</a>&nbsp;&nbsp;&nbsp;__set_errno
</UL>
<BR>[Called By]<UL><LI><a href="#[15f]">&gt;&gt;</a>&nbsp;&nbsp;&nbsp;__hardfp_asin
</UL>

<P><STRONG><a name="[165]"></a>sqrt_hf</STRONG> (Thumb, 46 bytes, Stack size 16 bytes, inssolve.o(i.sqrt_hf))
<BR><BR>[Stack]<UL><LI>Max Depth = 40<LI>Call Chain = sqrt_hf &rArr; __hardfp_sqrt
</UL>
<BR>[Calls]<UL><LI><a href="#[179]">&gt;&gt;</a>&nbsp;&nbsp;&nbsp;__hardfp_sqrt
</UL>
<BR>[Called By]<UL><LI><a href="#[24]">&gt;&gt;</a>&nbsp;&nbsp;&nbsp;rotation2quat
<LI><a href="#[23]">&gt;&gt;</a>&nbsp;&nbsp;&nbsp;rotation2euler
<LI><a href="#[164]">&gt;&gt;</a>&nbsp;&nbsp;&nbsp;INS_Att_Update
</UL>
<P>
<H3>
Local Symbols
</H3>
<P><STRONG><a name="[170]"></a>MX_NVIC_Init</STRONG> (Thumb, 134 bytes, Stack size 8 bytes, main.o(i.MX_NVIC_Init))
<BR><BR>[Stack]<UL><LI>Max Depth = 24<LI>Call Chain = MX_NVIC_Init &rArr; HAL_NVIC_SetPriority
</UL>
<BR>[Calls]<UL><LI><a href="#[125]">&gt;&gt;</a>&nbsp;&nbsp;&nbsp;HAL_NVIC_SetPriority
<LI><a href="#[171]">&gt;&gt;</a>&nbsp;&nbsp;&nbsp;HAL_NVIC_EnableIRQ
</UL>
<BR>[Called By]<UL><LI><a href="#[ab]">&gt;&gt;</a>&nbsp;&nbsp;&nbsp;main
</UL>

<P><STRONG><a name="[11c]"></a>HAL_FMC_MspInit</STRONG> (Thumb, 148 bytes, Stack size 48 bytes, fmc.o(i.HAL_FMC_MspInit))
<BR><BR>[Stack]<UL><LI>Max Depth = 88<LI>Call Chain = HAL_FMC_MspInit &rArr; HAL_GPIO_Init
</UL>
<BR>[Calls]<UL><LI><a href="#[11d]">&gt;&gt;</a>&nbsp;&nbsp;&nbsp;HAL_GPIO_Init
<LI><a href="#[10c]">&gt;&gt;</a>&nbsp;&nbsp;&nbsp;__aeabi_memclr4
</UL>
<BR>[Called By]<UL><LI><a href="#[12d]">&gt;&gt;</a>&nbsp;&nbsp;&nbsp;HAL_SRAM_MspInit
</UL>

<P><STRONG><a name="[126]"></a>__NVIC_SetPriority</STRONG> (Thumb, 32 bytes, Stack size 0 bytes, stm32f7xx_hal_cortex.o(i.__NVIC_SetPriority))
<BR><BR>[Called By]<UL><LI><a href="#[125]">&gt;&gt;</a>&nbsp;&nbsp;&nbsp;HAL_NVIC_SetPriority
<LI><a href="#[124]">&gt;&gt;</a>&nbsp;&nbsp;&nbsp;HAL_SYSTICK_Config
</UL>

<P><STRONG><a name="[118]"></a>FLASH_Program_Byte</STRONG> (Thumb, 30 bytes, Stack size 0 bytes, stm32f7xx_hal_flash.o(i.FLASH_Program_Byte))
<BR><BR>[Called By]<UL><LI><a href="#[117]">&gt;&gt;</a>&nbsp;&nbsp;&nbsp;HAL_FLASH_Program
</UL>

<P><STRONG><a name="[11b]"></a>FLASH_Program_DoubleWord</STRONG> (Thumb, 38 bytes, Stack size 8 bytes, stm32f7xx_hal_flash.o(i.FLASH_Program_DoubleWord))
<BR><BR>[Stack]<UL><LI>Max Depth = 8<LI>Call Chain = FLASH_Program_DoubleWord
</UL>
<BR>[Called By]<UL><LI><a href="#[117]">&gt;&gt;</a>&nbsp;&nbsp;&nbsp;HAL_FLASH_Program
</UL>

<P><STRONG><a name="[119]"></a>FLASH_Program_HalfWord</STRONG> (Thumb, 34 bytes, Stack size 0 bytes, stm32f7xx_hal_flash.o(i.FLASH_Program_HalfWord))
<BR><BR>[Called By]<UL><LI><a href="#[117]">&gt;&gt;</a>&nbsp;&nbsp;&nbsp;HAL_FLASH_Program
</UL>

<P><STRONG><a name="[11a]"></a>FLASH_Program_Word</STRONG> (Thumb, 34 bytes, Stack size 0 bytes, stm32f7xx_hal_flash.o(i.FLASH_Program_Word))
<BR><BR>[Called By]<UL><LI><a href="#[117]">&gt;&gt;</a>&nbsp;&nbsp;&nbsp;HAL_FLASH_Program
</UL>

<P><STRONG><a name="[10a]"></a>FLASH_SetErrorCode</STRONG> (Thumb, 80 bytes, Stack size 0 bytes, stm32f7xx_hal_flash.o(i.FLASH_SetErrorCode))
<BR><BR>[Called By]<UL><LI><a href="#[108]">&gt;&gt;</a>&nbsp;&nbsp;&nbsp;FLASH_WaitForLastOperation
</UL>

<P><STRONG><a name="[115]"></a>FLASH_MassErase</STRONG> (Thumb, 62 bytes, Stack size 0 bytes, stm32f7xx_hal_flash_ex.o(i.FLASH_MassErase))
<BR><BR>[Called By]<UL><LI><a href="#[114]">&gt;&gt;</a>&nbsp;&nbsp;&nbsp;HAL_FLASHEx_Erase
</UL>

<P><STRONG><a name="[110]"></a>DMA_CalcBaseAndBitshift</STRONG> (Thumb, 34 bytes, Stack size 0 bytes, stm32f7xx_hal_dma.o(i.DMA_CalcBaseAndBitshift))
<BR><BR>[Called By]<UL><LI><a href="#[10e]">&gt;&gt;</a>&nbsp;&nbsp;&nbsp;HAL_DMA_Init
</UL>

<P><STRONG><a name="[10f]"></a>DMA_CheckFifoParam</STRONG> (Thumb, 84 bytes, Stack size 8 bytes, stm32f7xx_hal_dma.o(i.DMA_CheckFifoParam))
<BR><BR>[Stack]<UL><LI>Max Depth = 8<LI>Call Chain = DMA_CheckFifoParam
</UL>
<BR>[Called By]<UL><LI><a href="#[10e]">&gt;&gt;</a>&nbsp;&nbsp;&nbsp;HAL_DMA_Init
</UL>

<P><STRONG><a name="[112]"></a>DMA_SetConfig</STRONG> (Thumb, 40 bytes, Stack size 12 bytes, stm32f7xx_hal_dma.o(i.DMA_SetConfig))
<BR><BR>[Stack]<UL><LI>Max Depth = 12<LI>Call Chain = DMA_SetConfig
</UL>
<BR>[Called By]<UL><LI><a href="#[111]">&gt;&gt;</a>&nbsp;&nbsp;&nbsp;HAL_DMA_Start_IT
</UL>

<P><STRONG><a name="[138]"></a>TIM_ITRx_SetConfig</STRONG> (Thumb, 16 bytes, Stack size 0 bytes, stm32f7xx_hal_tim.o(i.TIM_ITRx_SetConfig))
<BR><BR>[Called By]<UL><LI><a href="#[134]">&gt;&gt;</a>&nbsp;&nbsp;&nbsp;HAL_TIM_ConfigClockSource
</UL>

<P><STRONG><a name="[144]"></a>TIM_OC1_SetConfig</STRONG> (Thumb, 92 bytes, Stack size 20 bytes, stm32f7xx_hal_tim.o(i.TIM_OC1_SetConfig))
<BR><BR>[Stack]<UL><LI>Max Depth = 20<LI>Call Chain = TIM_OC1_SetConfig
</UL>
<BR>[Called By]<UL><LI><a href="#[143]">&gt;&gt;</a>&nbsp;&nbsp;&nbsp;HAL_TIM_PWM_ConfigChannel
</UL>

<P><STRONG><a name="[146]"></a>TIM_OC3_SetConfig</STRONG> (Thumb, 100 bytes, Stack size 20 bytes, stm32f7xx_hal_tim.o(i.TIM_OC3_SetConfig))
<BR><BR>[Stack]<UL><LI>Max Depth = 20<LI>Call Chain = TIM_OC3_SetConfig
</UL>
<BR>[Called By]<UL><LI><a href="#[143]">&gt;&gt;</a>&nbsp;&nbsp;&nbsp;HAL_TIM_PWM_ConfigChannel
</UL>

<P><STRONG><a name="[147]"></a>TIM_OC4_SetConfig</STRONG> (Thumb, 74 bytes, Stack size 12 bytes, stm32f7xx_hal_tim.o(i.TIM_OC4_SetConfig))
<BR><BR>[Stack]<UL><LI>Max Depth = 12<LI>Call Chain = TIM_OC4_SetConfig
</UL>
<BR>[Called By]<UL><LI><a href="#[143]">&gt;&gt;</a>&nbsp;&nbsp;&nbsp;HAL_TIM_PWM_ConfigChannel
</UL>

<P><STRONG><a name="[148]"></a>TIM_OC5_SetConfig</STRONG> (Thumb, 68 bytes, Stack size 12 bytes, stm32f7xx_hal_tim.o(i.TIM_OC5_SetConfig))
<BR><BR>[Stack]<UL><LI>Max Depth = 12<LI>Call Chain = TIM_OC5_SetConfig
</UL>
<BR>[Called By]<UL><LI><a href="#[143]">&gt;&gt;</a>&nbsp;&nbsp;&nbsp;HAL_TIM_PWM_ConfigChannel
</UL>

<P><STRONG><a name="[149]"></a>TIM_OC6_SetConfig</STRONG> (Thumb, 70 bytes, Stack size 12 bytes, stm32f7xx_hal_tim.o(i.TIM_OC6_SetConfig))
<BR><BR>[Stack]<UL><LI>Max Depth = 12<LI>Call Chain = TIM_OC6_SetConfig
</UL>
<BR>[Called By]<UL><LI><a href="#[143]">&gt;&gt;</a>&nbsp;&nbsp;&nbsp;HAL_TIM_PWM_ConfigChannel
</UL>

<P><STRONG><a name="[136]"></a>TIM_TI1_ConfigInputStage</STRONG> (Thumb, 34 bytes, Stack size 8 bytes, stm32f7xx_hal_tim.o(i.TIM_TI1_ConfigInputStage))
<BR><BR>[Stack]<UL><LI>Max Depth = 8<LI>Call Chain = TIM_TI1_ConfigInputStage
</UL>
<BR>[Called By]<UL><LI><a href="#[134]">&gt;&gt;</a>&nbsp;&nbsp;&nbsp;HAL_TIM_ConfigClockSource
</UL>

<P><STRONG><a name="[137]"></a>TIM_TI2_ConfigInputStage</STRONG> (Thumb, 36 bytes, Stack size 8 bytes, stm32f7xx_hal_tim.o(i.TIM_TI2_ConfigInputStage))
<BR><BR>[Stack]<UL><LI>Max Depth = 8<LI>Call Chain = TIM_TI2_ConfigInputStage
</UL>
<BR>[Called By]<UL><LI><a href="#[134]">&gt;&gt;</a>&nbsp;&nbsp;&nbsp;HAL_TIM_ConfigClockSource
</UL>

<P><STRONG><a name="[dc]"></a>UART_DMAAbortOnError</STRONG> (Thumb, 20 bytes, Stack size 8 bytes, stm32f7xx_hal_uart.o(i.UART_DMAAbortOnError))
<BR><BR>[Stack]<UL><LI>Max Depth = 8<LI>Call Chain = UART_DMAAbortOnError
</UL>
<BR>[Calls]<UL><LI><a href="#[153]">&gt;&gt;</a>&nbsp;&nbsp;&nbsp;HAL_UART_ErrorCallback
</UL>
<BR>[Address Reference Count : 1]<UL><LI> stm32f7xx_hal_uart.o(i.HAL_UART_IRQHandler)
</UL>
<P><STRONG><a name="[df]"></a>UART_DMAError</STRONG> (Thumb, 72 bytes, Stack size 16 bytes, stm32f7xx_hal_uart.o(i.UART_DMAError))
<BR><BR>[Stack]<UL><LI>Max Depth = 16<LI>Call Chain = UART_DMAError
</UL>
<BR>[Calls]<UL><LI><a href="#[153]">&gt;&gt;</a>&nbsp;&nbsp;&nbsp;HAL_UART_ErrorCallback
<LI><a href="#[14f]">&gt;&gt;</a>&nbsp;&nbsp;&nbsp;UART_EndTxTransfer
<LI><a href="#[150]">&gt;&gt;</a>&nbsp;&nbsp;&nbsp;UART_EndRxTransfer
</UL>
<BR>[Address Reference Count : 2]<UL><LI> stm32f7xx_hal_uart.o(i.HAL_UART_Receive_DMA)
<LI> stm32f7xx_hal_uart.o(i.HAL_UART_Transmit_DMA)
</UL>
<P><STRONG><a name="[dd]"></a>UART_DMAReceiveCplt</STRONG> (Thumb, 60 bytes, Stack size 8 bytes, stm32f7xx_hal_uart.o(i.UART_DMAReceiveCplt))
<BR><BR>[Stack]<UL><LI>Max Depth = 16<LI>Call Chain = UART_DMAReceiveCplt &rArr; HAL_UART_RxCpltCallback &rArr; ISR_Usart2_Rx_Task
</UL>
<BR>[Calls]<UL><LI><a href="#[15b]">&gt;&gt;</a>&nbsp;&nbsp;&nbsp;HAL_UART_RxCpltCallback
</UL>
<BR>[Address Reference Count : 1]<UL><LI> stm32f7xx_hal_uart.o(i.HAL_UART_Receive_DMA)
</UL>
<P><STRONG><a name="[de]"></a>UART_DMARxHalfCplt</STRONG> (Thumb, 10 bytes, Stack size 8 bytes, stm32f7xx_hal_uart.o(i.UART_DMARxHalfCplt))
<BR><BR>[Stack]<UL><LI>Max Depth = 8<LI>Call Chain = UART_DMARxHalfCplt
</UL>
<BR>[Calls]<UL><LI><a href="#[18d]">&gt;&gt;</a>&nbsp;&nbsp;&nbsp;HAL_UART_RxHalfCpltCallback
</UL>
<BR>[Address Reference Count : 1]<UL><LI> stm32f7xx_hal_uart.o(i.HAL_UART_Receive_DMA)
</UL>
<P><STRONG><a name="[e0]"></a>UART_DMATransmitCplt</STRONG> (Thumb, 48 bytes, Stack size 8 bytes, stm32f7xx_hal_uart.o(i.UART_DMATransmitCplt))
<BR><BR>[Stack]<UL><LI>Max Depth = 8<LI>Call Chain = UART_DMATransmitCplt
</UL>
<BR>[Calls]<UL><LI><a href="#[155]">&gt;&gt;</a>&nbsp;&nbsp;&nbsp;HAL_UART_TxCpltCallback
</UL>
<BR>[Address Reference Count : 1]<UL><LI> stm32f7xx_hal_uart.o(i.HAL_UART_Transmit_DMA)
</UL>
<P><STRONG><a name="[e1]"></a>UART_DMATxHalfCplt</STRONG> (Thumb, 10 bytes, Stack size 8 bytes, stm32f7xx_hal_uart.o(i.UART_DMATxHalfCplt))
<BR><BR>[Stack]<UL><LI>Max Depth = 8<LI>Call Chain = UART_DMATxHalfCplt
</UL>
<BR>[Calls]<UL><LI><a href="#[18e]">&gt;&gt;</a>&nbsp;&nbsp;&nbsp;HAL_UART_TxHalfCpltCallback
</UL>
<BR>[Address Reference Count : 1]<UL><LI> stm32f7xx_hal_uart.o(i.HAL_UART_Transmit_DMA)
</UL>
<P><STRONG><a name="[150]"></a>UART_EndRxTransfer</STRONG> (Thumb, 30 bytes, Stack size 0 bytes, stm32f7xx_hal_uart.o(i.UART_EndRxTransfer))
<BR><BR>[Called By]<UL><LI><a href="#[106]">&gt;&gt;</a>&nbsp;&nbsp;&nbsp;HAL_UART_DMAStop
<LI><a href="#[df]">&gt;&gt;</a>&nbsp;&nbsp;&nbsp;UART_DMAError
<LI><a href="#[151]">&gt;&gt;</a>&nbsp;&nbsp;&nbsp;HAL_UART_IRQHandler
</UL>

<P><STRONG><a name="[14f]"></a>UART_EndTxTransfer</STRONG> (Thumb, 16 bytes, Stack size 0 bytes, stm32f7xx_hal_uart.o(i.UART_EndTxTransfer))
<BR><BR>[Called By]<UL><LI><a href="#[106]">&gt;&gt;</a>&nbsp;&nbsp;&nbsp;HAL_UART_DMAStop
<LI><a href="#[df]">&gt;&gt;</a>&nbsp;&nbsp;&nbsp;UART_DMAError
</UL>
<P>
<H3>
Undefined Global Symbols
</H3><HR></body></html>
