<html>
<body>
<pre>
<h1>µVision Build Log</h1>
<h2>Tool Versions:</h2>
IDE-Version: ¦ÌVision V5.28.0.0
Copyright (C) 2019 ARM Ltd and ARM Germany GmbH. All rights reserved.
License Information: Liu Ning, Bistu, LIC=EXJII-TQCQA-5TA3W-Q0N8A-ZQP6Y-YN0VW
 
Tool Versions:
Toolchain:       MDK-ARM Plus  Version: 5.28.0.0
Toolchain Path:  C:\Keil_v5\ARM\ARMCC\Bin
C Compiler:      Armcc.exe V5.06 update 6 (build 750)
Assembler:       Armasm.exe V5.06 update 6 (build 750)
Linker/Locator:  ArmLink.exe V5.06 update 6 (build 750)
Library Manager: ArmAr.exe V5.06 update 6 (build 750)
Hex Converter:   FromElf.exe V5.06 update 6 (build 750)
CPU DLL:         SARMCM3.DLL V5.28.0.0
Dialog DLL:      DCM.DLL V1.17.3.0
Target DLL:      STLink\ST-LINKIII-KEIL_SWO.dll V3.0.6.0
Dialog DLL:      TCM.DLL V1.36.2.0
 
<h2>Project:</h2>
D:\Work_Project\GP18_2019\Sources\R1\STM\GP_COM_20071601_767_Lib\MDK-ARM\BMD_COM.uvprojx
Project File Date:  07/26/2020

<h2>Output:</h2>
*** Using Compiler 'V5.06 update 6 (build 750)', folder: 'C:\Keil_v5\ARM\ARMCC\Bin'
Build target 'BMD_COM'
compiling BasControl.c...
..\Sources\Algorithm\BasControl.h(273): warning:  #1-D: last line of file ends without a newline
  #endif
..\Sources\Algorithm\BasControl.c(61): warning:  #1035-D: single-precision operand implicitly converted to double-precision
  		disp=(float)(disp+0.01);
..\Sources\Algorithm\BasControl.c(174): warning:  #68-D: integer conversion resulted in a change of sign
  	in->GNSSdatas->statusn=-1;
..\Sources\Algorithm\BasControl.c(175): warning:  #68-D: integer conversion resulted in a change of sign
  	in->MAGdatas->statusm=-1;
..\Sources\Algorithm\BasControl.c(354): warning:  #174-D: expression has no effect
  	for(tempnum;tempnum>=0;tempnum--)
..\Sources\Algorithm\BasControl.c(363): warning:  #174-D: expression has no effect
  	for(i;i<datanum-1;i++)
..\Sources\Algorithm\BasControl.c(410): warning:  #1035-D: single-precision operand implicitly converted to double-precision
  	preangle=(float)(nowangle+(pretime-nowtime)/1000.0*nowrd-in->drollr);
..\Sources\Algorithm\BasControl.c(187): warning:  #177-D: variable "num"  was declared but never referenced
  	int flag,ndata,numi,kt0num,datanum,i,omegnum,num,tempnum;
..\Sources\Algorithm\BasControl.c(193): warning:  #177-D: variable "serialnum"  was declared but never referenced
  	int serialnum[NMAG];
..\Sources\Algorithm\BasControl.c(194): warning:  #550-D: variable "M_xi"  was set but never used
  	float phi_s,M_xi,M_eta,M_zeta,gamma0,gamma_cal,gamma_smooth;
..\Sources\Algorithm\BasControl.c(457): warning:  #223-D: function "abs" declared implicitly
  	dttime=abs(in->imfs->timei[0]-stime);
..\Sources\Algorithm\BasControl.c(504): warning:  #68-D: integer conversion resulted in a change of sign
  	out->DataUsinga=-1;
..\Sources\Algorithm\BasControl.c(673): warning:  #111-D: statement is unreachable
  				continue;
..\Sources\Algorithm\BasControl.c(678): warning:  #1035-D: single-precision operand implicitly converted to double-precision
  		if(stime-stime_last+0.1<DELAY)
..\Sources\Algorithm\BasControl.c(709): warning:  #111-D: statement is unreachable
  			continue;
..\Sources\Algorithm\BasControl.c(635): warning:  #177-D: variable "outsends"  was declared but never referenced
  	OUTSEND *outsends=out->outsend;
..\Sources\Algorithm\BasControl.c: 16 warnings, 0 errors
linking...
Program Size: Code=60660 RO-data=1124 RW-data=25952 ZI-data=105992  
FromELF: creating hex file...
After Build - User command #1: C:\Keil_v5\ARM\ARMCC\bin\fromelf.exe --bin --output .\BMD_COM\BMD_COM.bin .\BMD_COM\BMD_COM.axf
"BMD_COM\BMD_COM.axf" - 0 Error(s), 16 Warning(s).

<h2>Software Packages used:</h2>

Package Vendor: ARM
                http://www.keil.com/pack/ARM.CMSIS.5.5.1.pack
                ARM.CMSIS.5.5.1
                CMSIS (Cortex Microcontroller Software Interface Standard)
   * Component: CORE Version: 5.2.0

Package Vendor: Keil
                http://www.keil.com/pack/Keil.STM32F7xx_DFP.2.11.0.pack
                Keil.STM32F7xx_DFP.2.11.0
                STMicroelectronics STM32F7 Series Device Support, Drivers and Examples

<h2>Collection of Component include folders:</h2>
  .\RTE\_BMD_COM
  C:\Keil_v5\ARM\PACK\ARM\CMSIS\5.5.1\CMSIS\Core\Include
  C:\Keil_v5\ARM\PACK\Keil\STM32F7xx_DFP\2.11.0\Drivers\CMSIS\Device\ST\STM32F7xx\Include

<h2>Collection of Component Files used:</h2>

   * Component: ARM::CMSIS:CORE:5.2.0
Build Time Elapsed:  00:00:05
</pre>
</body>
</html>
